Archive member included to satisfy reference by file (symbol)

d:/99_working/eclipse/plugins/fr.ac6.mcu.externaltools.arm-none.win32_1.16.0.201807130628/tools/compiler/bin/../lib/gcc/arm-none-eabi/7.2.1/thumb/v7-m\libgcc.a(_arm_addsubdf3.o)
                              CustPrj/Driver/ILI9341/ILI9341_Touchscreen.o (__aeabi_i2d)
d:/99_working/eclipse/plugins/fr.ac6.mcu.externaltools.arm-none.win32_1.16.0.201807130628/tools/compiler/bin/../lib/gcc/arm-none-eabi/7.2.1/thumb/v7-m\libgcc.a(_arm_muldivdf3.o)
                              CustPrj/Driver/ILI9341/ILI9341_Touchscreen.o (__aeabi_dmul)
d:/99_working/eclipse/plugins/fr.ac6.mcu.externaltools.arm-none.win32_1.16.0.201807130628/tools/compiler/bin/../lib/gcc/arm-none-eabi/7.2.1/thumb/v7-m\libgcc.a(_arm_fixunsdfsi.o)
                              CustPrj/Driver/ILI9341/ILI9341_Touchscreen.o (__aeabi_d2uiz)
d:/99_working/eclipse/plugins/fr.ac6.mcu.externaltools.arm-none.win32_1.16.0.201807130628/tools/compiler/bin/../lib/gcc/arm-none-eabi/7.2.1/thumb/v7-m\libgcc.a(_arm_addsubsf3.o)
                              CustPrj/Driver/ILI9341/ILI9341_GFX.o (__aeabi_i2f)
d:/99_working/eclipse/plugins/fr.ac6.mcu.externaltools.arm-none.win32_1.16.0.201807130628/tools/compiler/bin/../lib/gcc/arm-none-eabi/7.2.1/thumb/v7-m\libgcc.a(_arm_cmpsf2.o)
                              CustPrj/Driver/ILI9341/ILI9341_GFX.o (__aeabi_fcmplt)
d:/99_working/eclipse/plugins/fr.ac6.mcu.externaltools.arm-none.win32_1.16.0.201807130628/tools/compiler/bin/../lib/gcc/arm-none-eabi/7.2.1/thumb/v7-m\libgcc.a(_aeabi_uldivmod.o)
                              Drivers/STM32F1xx_HAL_Driver/Src/stm32f1xx_hal_rcc.o (__aeabi_uldivmod)
d:/99_working/eclipse/plugins/fr.ac6.mcu.externaltools.arm-none.win32_1.16.0.201807130628/tools/compiler/bin/../lib/gcc/arm-none-eabi/7.2.1/thumb/v7-m\libgcc.a(_udivmoddi4.o)
                              d:/99_working/eclipse/plugins/fr.ac6.mcu.externaltools.arm-none.win32_1.16.0.201807130628/tools/compiler/bin/../lib/gcc/arm-none-eabi/7.2.1/thumb/v7-m\libgcc.a(_aeabi_uldivmod.o) (__udivmoddi4)
d:/99_working/eclipse/plugins/fr.ac6.mcu.externaltools.arm-none.win32_1.16.0.201807130628/tools/compiler/bin/../lib/gcc/arm-none-eabi/7.2.1/thumb/v7-m\libgcc.a(_dvmd_tls.o)
                              d:/99_working/eclipse/plugins/fr.ac6.mcu.externaltools.arm-none.win32_1.16.0.201807130628/tools/compiler/bin/../lib/gcc/arm-none-eabi/7.2.1/thumb/v7-m\libgcc.a(_aeabi_uldivmod.o) (__aeabi_ldiv0)
d:/99_working/eclipse/plugins/fr.ac6.mcu.externaltools.arm-none.win32_1.16.0.201807130628/tools/compiler/bin/../lib/gcc/arm-none-eabi/7.2.1/../../../../arm-none-eabi/lib/thumb/v7-m\libc_nano.a(lib_a-exit.o)
                              d:/99_working/eclipse/plugins/fr.ac6.mcu.externaltools.arm-none.win32_1.16.0.201807130628/tools/compiler/bin/../lib/gcc/arm-none-eabi/7.2.1/../../../../arm-none-eabi/lib/thumb/v7-m/crt0.o (exit)
d:/99_working/eclipse/plugins/fr.ac6.mcu.externaltools.arm-none.win32_1.16.0.201807130628/tools/compiler/bin/../lib/gcc/arm-none-eabi/7.2.1/../../../../arm-none-eabi/lib/thumb/v7-m\libc_nano.a(lib_a-impure.o)
                              d:/99_working/eclipse/plugins/fr.ac6.mcu.externaltools.arm-none.win32_1.16.0.201807130628/tools/compiler/bin/../lib/gcc/arm-none-eabi/7.2.1/../../../../arm-none-eabi/lib/thumb/v7-m\libc_nano.a(lib_a-exit.o) (_global_impure_ptr)
d:/99_working/eclipse/plugins/fr.ac6.mcu.externaltools.arm-none.win32_1.16.0.201807130628/tools/compiler/bin/../lib/gcc/arm-none-eabi/7.2.1/../../../../arm-none-eabi/lib/thumb/v7-m\libc_nano.a(lib_a-init.o)
                              d:/99_working/eclipse/plugins/fr.ac6.mcu.externaltools.arm-none.win32_1.16.0.201807130628/tools/compiler/bin/../lib/gcc/arm-none-eabi/7.2.1/../../../../arm-none-eabi/lib/thumb/v7-m/crt0.o (__libc_init_array)
d:/99_working/eclipse/plugins/fr.ac6.mcu.externaltools.arm-none.win32_1.16.0.201807130628/tools/compiler/bin/../lib/gcc/arm-none-eabi/7.2.1/../../../../arm-none-eabi/lib/thumb/v7-m\libc_nano.a(lib_a-memset.o)
                              d:/99_working/eclipse/plugins/fr.ac6.mcu.externaltools.arm-none.win32_1.16.0.201807130628/tools/compiler/bin/../lib/gcc/arm-none-eabi/7.2.1/../../../../arm-none-eabi/lib/thumb/v7-m/crt0.o (memset)
d:/99_working/eclipse/plugins/fr.ac6.mcu.externaltools.arm-none.win32_1.16.0.201807130628/tools/compiler/bin/../lib/gcc/arm-none-eabi/7.2.1/../../../../arm-none-eabi/lib/thumb/v7-m\libc_nano.a(lib_a-sprintf.o)
                              CustPrj/ClockHandler.o (sprintf)
d:/99_working/eclipse/plugins/fr.ac6.mcu.externaltools.arm-none.win32_1.16.0.201807130628/tools/compiler/bin/../lib/gcc/arm-none-eabi/7.2.1/../../../../arm-none-eabi/lib/thumb/v7-m\libc_nano.a(lib_a-nano-svfprintf.o)
[...]
Memory Configuration

Name             Origin             Length             Attributes
RAM              0x20000000         0x00010000         xrw
FLASH            0x08000000         0x00040000         xr
*default*        0x00000000         0xffffffff

Linker script and memory map

LOAD d:/99_working/eclipse/plugins/fr.ac6.mcu.externaltools.arm-none.win32_1.16.0.201807130628/tools/compiler/bin/../lib/gcc/arm-none-eabi/7.2.1/thumb/v7-m/crti.o
LOAD d:/99_working/eclipse/plugins/fr.ac6.mcu.externaltools.arm-none.win32_1.16.0.201807130628/tools/compiler/bin/../lib/gcc/arm-none-eabi/7.2.1/thumb/v7-m/crtbegin.o
LOAD d:/99_working/eclipse/plugins/fr.ac6.mcu.externaltools.arm-none.win32_1.16.0.201807130628/tools/compiler/bin/../lib/gcc/arm-none-eabi/7.2.1/../../../../arm-none-eabi/lib/thumb/v7-m/crt0.o
LOAD startup/startup_stm32f107xc.o
LOAD Src/main.o
LOAD Src/stm32f1xx_hal_msp.o
LOAD Src/stm32f1xx_it.o
LOAD Src/system_stm32f1xx.o
LOAD Drivers/STM32F1xx_HAL_Driver/Src/stm32f1xx_hal.o
LOAD Drivers/STM32F1xx_HAL_Driver/Src/stm32f1xx_hal_cortex.o
LOAD Drivers/STM32F1xx_HAL_Driver/Src/stm32f1xx_hal_dma.o
LOAD Drivers/STM32F1xx_HAL_Driver/Src/stm32f1xx_hal_flash.o
LOAD Drivers/STM32F1xx_HAL_Driver/Src/stm32f1xx_hal_flash_ex.o
LOAD Drivers/STM32F1xx_HAL_Driver/Src/stm32f1xx_hal_gpio.o
LOAD Drivers/STM32F1xx_HAL_Driver/Src/stm32f1xx_hal_gpio_ex.o
LOAD Drivers/STM32F1xx_HAL_Driver/Src/stm32f1xx_hal_pwr.o
LOAD Drivers/STM32F1xx_HAL_Driver/Src/stm32f1xx_hal_rcc.o
LOAD Drivers/STM32F1xx_HAL_Driver/Src/stm32f1xx_hal_rcc_ex.o
LOAD Drivers/STM32F1xx_HAL_Driver/Src/stm32f1xx_hal_rtc.o
LOAD Drivers/STM32F1xx_HAL_Driver/Src/stm32f1xx_hal_rtc_ex.o
LOAD Drivers/STM32F1xx_HAL_Driver/Src/stm32f1xx_hal_tim.o
LOAD Drivers/STM32F1xx_HAL_Driver/Src/stm32f1xx_hal_tim_ex.o
LOAD CustPrj/BackgroundHandler.o
LOAD CustPrj/ClockHandler.o
LOAD CustPrj/GlobalStateMachine.o
LOAD CustPrj/Driver/ILI9341/ILI9341_GFX.o
LOAD CustPrj/Driver/ILI9341/ILI9341_STM32_Driver.o
LOAD CustPrj/Driver/ILI9341/ILI9341_Touchscreen.o
LOAD d:/99_working/eclipse/plugins/fr.ac6.mcu.externaltools.arm-none.win32_1.16.0.201807130628/tools/compiler/bin/../lib/gcc/arm-none-eabi/7.2.1/../../../../arm-none-eabi/lib/thumb/v7-m\libm.a
START GROUP
LOAD d:/99_working/eclipse/plugins/fr.ac6.mcu.externaltools.arm-none.win32_1.16.0.201807130628/tools/compiler/bin/../lib/gcc/arm-none-eabi/7.2.1/thumb/v7-m\libgcc.a
LOAD d:/99_working/eclipse/plugins/fr.ac6.mcu.externaltools.arm-none.win32_1.16.0.201807130628/tools/compiler/bin/../lib/gcc/arm-none-eabi/7.2.1/../../../../arm-none-eabi/lib/thumb/v7-m\libc_nano.a
END GROUP
START GROUP
LOAD d:/99_working/eclipse/plugins/fr.ac6.mcu.externaltools.arm-none.win32_1.16.0.201807130628/tools/compiler/bin/../lib/gcc/arm-none-eabi/7.2.1/thumb/v7-m\libgcc.a
LOAD d:/99_working/eclipse/plugins/fr.ac6.mcu.externaltools.arm-none.win32_1.16.0.201807130628/tools/compiler/bin/../lib/gcc/arm-none-eabi/7.2.1/../../../../arm-none-eabi/lib/thumb/v7-m\libc_nano.a
LOAD d:/99_working/eclipse/plugins/fr.ac6.mcu.externaltools.arm-none.win32_1.16.0.201807130628/tools/compiler/bin/../lib/gcc/arm-none-eabi/7.2.1/../../../../arm-none-eabi/lib/thumb/v7-m\libnosys.a
END GROUP
START GROUP
LOAD d:/99_working/eclipse/plugins/fr.ac6.mcu.externaltools.arm-none.win32_1.16.0.201807130628/tools/compiler/bin/../lib/gcc/arm-none-eabi/7.2.1/thumb/v7-m\libgcc.a
LOAD d:/99_working/eclipse/plugins/fr.ac6.mcu.externaltools.arm-none.win32_1.16.0.201807130628/tools/compiler/bin/../lib/gcc/arm-none-eabi/7.2.1/../../../../arm-none-eabi/lib/thumb/v7-m\libc_nano.a
LOAD d:/99_working/eclipse/plugins/fr.ac6.mcu.externaltools.arm-none.win32_1.16.0.201807130628/tools/compiler/bin/../lib/gcc/arm-none-eabi/7.2.1/../../../../arm-none-eabi/lib/thumb/v7-m\libnosys.a
END GROUP
LOAD d:/99_working/eclipse/plugins/fr.ac6.mcu.externaltools.arm-none.win32_1.16.0.201807130628/tools/compiler/bin/../lib/gcc/arm-none-eabi/7.2.1/thumb/v7-m/crtend.o
LOAD d:/99_working/eclipse/plugins/fr.ac6.mcu.externaltools.arm-none.win32_1.16.0.201807130628/tools/compiler/bin/../lib/gcc/arm-none-eabi/7.2.1/thumb/v7-m/crtn.o
                0x20010000                _estack = 0x20010000
                0x00000200                _Min_Heap_Size = 0x200
                0x00000400                _Min_Stack_Size = 0x400

.isr_vector     0x08000000      0x1e4
                0x08000000                . = ALIGN (0x4)
 *(.isr_vector)
 .isr_vector    0x08000000      0x1e4 startup/startup_stm32f107xc.o
                0x08000000                g_pfnVectors
                0x080001e4                . = ALIGN (0x4)

.text           0x080001e4     0x2fc0
                0x080001e4                . = ALIGN (0x4)
 *(.text)
 .text          0x080001e4       0x40 d:/99_working/eclipse/plugins/fr.ac6.mcu.externaltools.arm-none.win32_1.16.0.201807130628/tools/compiler/bin/../lib/gcc/arm-none-eabi/7.2.1/thumb/v7-m/crtbegin.o
 .text          0x08000224       0x30 d:/99_working/eclipse/plugins/fr.ac6.mcu.externaltools.arm-none.win32_1.16.0.201807130628/tools/compiler/bin/../lib/gcc/arm-none-eabi/7.2.1/thumb/v7-m\libgcc.a(_aeabi_uldivmod.o)
                0x08000224                __aeabi_uldivmod
 .text          0x08000254      0x2d0 d:/99_working/eclipse/plugins/fr.ac6.mcu.externaltools.arm-none.win32_1.16.0.201807130628/tools/compiler/bin/../lib/gcc/arm-none-eabi/7.2.1/thumb/v7-m\libgcc.a(_udivmoddi4.o)
                0x08000254                __udivmoddi4
 .text          0x08000524        0x4 d:/99_working/eclipse/plugins/fr.ac6.mcu.externaltools.arm-none.win32_1.16.0.201807130628/tools/compiler/bin/../lib/gcc/arm-none-eabi/7.2.1/thumb/v7-m\libgcc.a(_dvmd_tls.o)
                0x08000524                __aeabi_idiv0
                0x08000524                __aeabi_ldiv0
 *(.text*)
 .text.Reset_Handler
                0x08000528       0x48 startup/startup_stm32f107xc.o
                0x08000528                Reset_Handler
 .text.Default_Handler
                0x08000570        0x2 startup/startup_stm32f107xc.o
                0x08000570                RTC_Alarm_IRQHandler
                0x08000570                EXTI2_IRQHandler
                0x08000570                TIM1_CC_IRQHandler
                0x08000570                TIM6_IRQHandler
                0x08000570                PVD_IRQHandler
                0x08000570                CAN2_RX1_IRQHandler
                0x08000570                EXTI3_IRQHandler
                0x08000570                EXTI0_IRQHandler
                0x08000570                I2C2_EV_IRQHandler
                0x08000570                CAN1_RX0_IRQHandler
                0x08000570                CAN2_SCE_IRQHandler
                0x08000570                ADC1_2_IRQHandler
                0x08000570                SPI1_IRQHandler
                0x08000570                TAMPER_IRQHandler
                0x08000570                CAN2_RX0_IRQHandler
                0x08000570                DMA2_Channel2_IRQHandler
                0x08000570                DMA1_Channel4_IRQHandler
                0x08000570                USART3_IRQHandler
                0x08000570                RTC_IRQHandler
                0x08000570                DMA1_Channel7_IRQHandler
                0x08000570                CAN1_RX1_IRQHandler
                0x08000570                UART5_IRQHandler
                0x08000570                TIM4_IRQHandler
                0x08000570                DMA2_Channel1_IRQHandler
                0x08000570                I2C1_EV_IRQHandler
                0x08000570                DMA1_Channel6_IRQHandler
                0x08000570                UART4_IRQHandler
                0x08000570                DMA2_Channel4_IRQHandler
                0x08000570                TIM3_IRQHandler
                0x08000570                RCC_IRQHandler
                0x08000570                TIM1_TRG_COM_IRQHandler
                0x08000570                DMA1_Channel1_IRQHandler
                0x08000570                Default_Handler
                0x08000570                EXTI15_10_IRQHandler
                0x08000570                TIM7_IRQHandler
                0x08000570                CAN2_TX_IRQHandler
                0x08000570                TIM5_IRQHandler
                0x08000570                EXTI9_5_IRQHandler
                0x08000570                ETH_WKUP_IRQHandler
                0x08000570                SPI2_IRQHandler
                0x08000570                CAN1_TX_IRQHandler
                0x08000570                DMA2_Channel5_IRQHandler
                0x08000570                DMA1_Channel5_IRQHandler
                0x08000570                EXTI4_IRQHandler
                0x08000570                DMA1_Channel3_IRQHandler
                0x08000570                ETH_IRQHandler
                0x08000570                TIM1_UP_IRQHandler
                0x08000570                WWDG_IRQHandler
                0x08000570                TIM2_IRQHandler
                0x08000570                OTG_FS_WKUP_IRQHandler
                0x08000570                TIM1_BRK_IRQHandler
                0x08000570                EXTI1_IRQHandler
                0x08000570                USART2_IRQHandler
                0x08000570                I2C2_ER_IRQHandler
                0x08000570                DMA1_Channel2_IRQHandler
                0x08000570                CAN1_SCE_IRQHandler
                0x08000570                FLASH_IRQHandler
                0x08000570                USART1_IRQHandler
                0x08000570                OTG_FS_IRQHandler
                0x08000570                SPI3_IRQHandler
                0x08000570                I2C1_ER_IRQHandler
                0x08000570                DMA2_Channel3_IRQHandler
 *fill*         0x08000572        0x2 
 .text.MX_GPIO_Init
                0x08000574       0xd8 Src/main.o
 .text.rtc_read_backup_reg
                0x0800064c       0x20 Src/main.o
                0x0800064c                rtc_read_backup_reg
 .text.rtc_write_backup_reg
                0x0800066c       0x2c Src/main.o
                0x0800066c                rtc_write_backup_reg
 .text._Error_Handler
                0x08000698        0x2 Src/main.o
                0x08000698                _Error_Handler
 *fill*         0x0800069a        0x2 
 .text.MX_TIM1_Init
                0x0800069c       0x70 Src/main.o
 .text.MX_RTC_Init
                0x0800070c       0xc4 Src/main.o
 .text.SystemClock_Config
                0x080007d0       0xa4 Src/main.o
                0x080007d0                SystemClock_Config
 .text.main     0x08000874       0x1c Src/main.o
                0x08000874                main
 .text.HAL_MspInit
                0x08000890       0xa0 Src/stm32f1xx_hal_msp.o
                0x08000890                HAL_MspInit
 .text.HAL_RTC_MspInit
                0x08000930       0x40 Src/stm32f1xx_hal_msp.o
                0x08000930                HAL_RTC_MspInit
 .text.HAL_TIM_Base_MspInit
                0x08000970       0x2c Src/stm32f1xx_hal_msp.o
                0x08000970                HAL_TIM_Base_MspInit
 .text.NMI_Handler
                0x0800099c        0x2 Src/stm32f1xx_it.o
                0x0800099c                NMI_Handler
 .text.HardFault_Handler
                0x0800099e        0x2 Src/stm32f1xx_it.o
                0x0800099e                HardFault_Handler
 .text.MemManage_Handler
                0x080009a0        0x2 Src/stm32f1xx_it.o
                0x080009a0                MemManage_Handler
 .text.BusFault_Handler
                0x080009a2        0x2 Src/stm32f1xx_it.o
                0x080009a2                BusFault_Handler
 .text.UsageFault_Handler
                0x080009a4        0x2 Src/stm32f1xx_it.o
                0x080009a4                UsageFault_Handler
 .text.SVC_Handler
                0x080009a6        0x2 Src/stm32f1xx_it.o
                0x080009a6                SVC_Handler
 .text.DebugMon_Handler
                0x080009a8        0x2 Src/stm32f1xx_it.o
                0x080009a8                DebugMon_Handler
 .text.PendSV_Handler
                0x080009aa        0x2 Src/stm32f1xx_it.o
                0x080009aa                PendSV_Handler
 .text.SysTick_Handler
                0x080009ac        0xc Src/stm32f1xx_it.o
                0x080009ac                SysTick_Handler
 .text.SystemInit
                0x080009b8       0x58 Src/system_stm32f1xx.o
                0x080009b8                SystemInit
 .text.HAL_InitTick
                0x08000a10       0x48 Drivers/STM32F1xx_HAL_Driver/Src/stm32f1xx_hal.o
                0x08000a10                HAL_InitTick
 .text.HAL_Init
                0x08000a58       0x24 Drivers/STM32F1xx_HAL_Driver/Src/stm32f1xx_hal.o
                0x08000a58                HAL_Init
 .text.HAL_IncTick
                0x08000a7c       0x18 Drivers/STM32F1xx_HAL_Driver/Src/stm32f1xx_hal.o
                0x08000a7c                HAL_IncTick
 .text.HAL_GetTick
                0x08000a94        0xc Drivers/STM32F1xx_HAL_Driver/Src/stm32f1xx_hal.o
                0x08000a94                HAL_GetTick
 .text.HAL_Delay
                0x08000aa0       0x28 Drivers/STM32F1xx_HAL_Driver/Src/stm32f1xx_hal.o
                0x08000aa0                HAL_Delay
 .text.HAL_NVIC_SetPriorityGrouping
                0x08000ac8       0x24 Drivers/STM32F1xx_HAL_Driver/Src/stm32f1xx_hal_cortex.o
                0x08000ac8                HAL_NVIC_SetPriorityGrouping
 .text.HAL_NVIC_SetPriority
                0x08000aec       0x68 Drivers/STM32F1xx_HAL_Driver/Src/stm32f1xx_hal_cortex.o
                0x08000aec                HAL_NVIC_SetPriority
 .text.HAL_SYSTICK_Config
                0x08000b54       0x2c Drivers/STM32F1xx_HAL_Driver/Src/stm32f1xx_hal_cortex.o
                0x08000b54                HAL_SYSTICK_Config
 .text.HAL_SYSTICK_CLKSourceConfig
                0x08000b80       0x20 Drivers/STM32F1xx_HAL_Driver/Src/stm32f1xx_hal_cortex.o
                0x08000b80                HAL_SYSTICK_CLKSourceConfig
 .text.HAL_SYSTICK_Callback
                0x08000ba0        0x2 Drivers/STM32F1xx_HAL_Driver/Src/stm32f1xx_hal_cortex.o
                0x08000ba0                HAL_SYSTICK_Callback
 .text.HAL_SYSTICK_IRQHandler
                0x08000ba2        0x8 Drivers/STM32F1xx_HAL_Driver/Src/stm32f1xx_hal_cortex.o
                0x08000ba2                HAL_SYSTICK_IRQHandler
 *fill*         0x08000baa        0x2 
 .text.HAL_GPIO_Init
                0x08000bac      0x1d4 Drivers/STM32F1xx_HAL_Driver/Src/stm32f1xx_hal_gpio.o
                0x08000bac                HAL_GPIO_Init
 .text.HAL_GPIO_WritePin
                0x08000d80        0xc Drivers/STM32F1xx_HAL_Driver/Src/stm32f1xx_hal_gpio.o
                0x08000d80                HAL_GPIO_WritePin
 .text.HAL_PWR_EnableBkUpAccess
                0x08000d8c        0xc Drivers/STM32F1xx_HAL_Driver/Src/stm32f1xx_hal_pwr.o
                0x08000d8c                HAL_PWR_EnableBkUpAccess
 .text.HAL_PWR_DisableBkUpAccess
                0x08000d98        0xc Drivers/STM32F1xx_HAL_Driver/Src/stm32f1xx_hal_pwr.o
                0x08000d98                HAL_PWR_DisableBkUpAccess
 .text.RCC_Delay
                0x08000da4       0x2c Drivers/STM32F1xx_HAL_Driver/Src/stm32f1xx_hal_rcc.o
 .text.HAL_RCC_OscConfig
                0x08000dd0      0x4c0 Drivers/STM32F1xx_HAL_Driver/Src/stm32f1xx_hal_rcc.o
                0x08000dd0                HAL_RCC_OscConfig
 .text.HAL_RCC_GetSysClockFreq
                0x08001290       0xb8 Drivers/STM32F1xx_HAL_Driver/Src/stm32f1xx_hal_rcc.o
                0x08001290                HAL_RCC_GetSysClockFreq
 .text.HAL_RCC_ClockConfig
                0x08001348      0x178 Drivers/STM32F1xx_HAL_Driver/Src/stm32f1xx_hal_rcc.o
                0x08001348                HAL_RCC_ClockConfig
 .text.HAL_RCC_GetHCLKFreq
                0x080014c0        0xc Drivers/STM32F1xx_HAL_Driver/Src/stm32f1xx_hal_rcc.o
                0x080014c0                HAL_RCC_GetHCLKFreq
 .text.HAL_RCC_GetPCLK2Freq
                0x080014cc       0x20 Drivers/STM32F1xx_HAL_Driver/Src/stm32f1xx_hal_rcc.o
                0x080014cc                HAL_RCC_GetPCLK2Freq
 .text.HAL_RCCEx_PeriphCLKConfig
                0x080014ec      0x1cc Drivers/STM32F1xx_HAL_Driver/Src/stm32f1xx_hal_rcc_ex.o
                0x080014ec                HAL_RCCEx_PeriphCLKConfig
 .text.HAL_RCCEx_GetPeriphCLKFreq
                0x080016b8      0x1c4 Drivers/STM32F1xx_HAL_Driver/Src/stm32f1xx_hal_rcc_ex.o
                0x080016b8                HAL_RCCEx_GetPeriphCLKFreq
 .text.RTC_ReadTimeCounter
                0x0800187c       0x26 Drivers/STM32F1xx_HAL_Driver/Src/stm32f1xx_hal_rtc.o
 .text.RTC_ReadAlarmCounter
                0x080018a2        0xe Drivers/STM32F1xx_HAL_Driver/Src/stm32f1xx_hal_rtc.o
 .text.RTC_ByteToBcd2
                0x080018b0       0x16 Drivers/STM32F1xx_HAL_Driver/Src/stm32f1xx_hal_rtc.o
 .text.RTC_Bcd2ToByte
                0x080018c6       0x12 Drivers/STM32F1xx_HAL_Driver/Src/stm32f1xx_hal_rtc.o
 .text.RTC_IsLeapYear
                0x080018d8       0x40 Drivers/STM32F1xx_HAL_Driver/Src/stm32f1xx_hal_rtc.o
 .text.RTC_WeekDayNum
                0x08001918       0x9c Drivers/STM32F1xx_HAL_Driver/Src/stm32f1xx_hal_rtc.o
 .text.RTC_DateUpdate
                0x080019b4       0xb4 Drivers/STM32F1xx_HAL_Driver/Src/stm32f1xx_hal_rtc.o
 .text.RTC_EnterInitMode
                0x08001a68       0x30 Drivers/STM32F1xx_HAL_Driver/Src/stm32f1xx_hal_rtc.o
 .text.RTC_ExitInitMode
                0x08001a98       0x32 Drivers/STM32F1xx_HAL_Driver/Src/stm32f1xx_hal_rtc.o
 .text.RTC_WriteTimeCounter
                0x08001aca       0x2e Drivers/STM32F1xx_HAL_Driver/Src/stm32f1xx_hal_rtc.o
 .text.RTC_WriteAlarmCounter
                0x08001af8       0x2e Drivers/STM32F1xx_HAL_Driver/Src/stm32f1xx_hal_rtc.o
 .text.HAL_RTC_SetTime
                0x08001b26       0xc2 Drivers/STM32F1xx_HAL_Driver/Src/stm32f1xx_hal_rtc.o
                0x08001b26                HAL_RTC_SetTime
 .text.HAL_RTC_GetTime
                0x08001be8      0x118 Drivers/STM32F1xx_HAL_Driver/Src/stm32f1xx_hal_rtc.o
                0x08001be8                HAL_RTC_GetTime
 .text.HAL_RTC_SetDate
                0x08001d00       0xd8 Drivers/STM32F1xx_HAL_Driver/Src/stm32f1xx_hal_rtc.o
                0x08001d00                HAL_RTC_SetDate
 .text.HAL_RTC_GetDate
                0x08001dd8       0x66 Drivers/STM32F1xx_HAL_Driver/Src/stm32f1xx_hal_rtc.o
                0x08001dd8                HAL_RTC_GetDate
 .text.HAL_RTC_WaitForSynchro
                0x08001e3e       0x38 Drivers/STM32F1xx_HAL_Driver/Src/stm32f1xx_hal_rtc.o
                0x08001e3e                HAL_RTC_WaitForSynchro
 *fill*         0x08001e76        0x2 
 .text.HAL_RTC_Init
                0x08001e78       0xc4 Drivers/STM32F1xx_HAL_Driver/Src/stm32f1xx_hal_rtc.o
                0x08001e78                HAL_RTC_Init
 .text.HAL_RTCEx_BKUPWrite
                0x08001f3c       0x10 Drivers/STM32F1xx_HAL_Driver/Src/stm32f1xx_hal_rtc_ex.o
                0x08001f3c                HAL_RTCEx_BKUPWrite
 .text.HAL_RTCEx_BKUPRead
                0x08001f4c       0x10 Drivers/STM32F1xx_HAL_Driver/Src/stm32f1xx_hal_rtc_ex.o
                0x08001f4c                HAL_RTCEx_BKUPRead
 .text.TIM_TI1_ConfigInputStage
                0x08001f5c       0x24 Drivers/STM32F1xx_HAL_Driver/Src/stm32f1xx_hal_tim.o
 .text.TIM_TI2_ConfigInputStage
                0x08001f80       0x26 Drivers/STM32F1xx_HAL_Driver/Src/stm32f1xx_hal_tim.o
 .text.TIM_ITRx_SetConfig
                0x08001fa6       0x10 Drivers/STM32F1xx_HAL_Driver/Src/stm32f1xx_hal_tim.o
 .text.TIM_ETR_SetConfig
                0x08001fb6       0x16 Drivers/STM32F1xx_HAL_Driver/Src/stm32f1xx_hal_tim.o
 .text.HAL_TIM_ConfigClockSource
                0x08001fcc      0x108 Drivers/STM32F1xx_HAL_Driver/Src/stm32f1xx_hal_tim.o
                0x08001fcc                HAL_TIM_ConfigClockSource
 .text.TIM_Base_SetConfig
                0x080020d4       0x84 Drivers/STM32F1xx_HAL_Driver/Src/stm32f1xx_hal_tim.o
                0x080020d4                TIM_Base_SetConfig
 .text.HAL_TIM_Base_Init
                0x08002158       0x32 Drivers/STM32F1xx_HAL_Driver/Src/stm32f1xx_hal_tim.o
                0x08002158                HAL_TIM_Base_Init
 .text.HAL_TIMEx_MasterConfigSynchronization
                0x0800218a       0x52 Drivers/STM32F1xx_HAL_Driver/Src/stm32f1xx_hal_tim_ex.o
                0x0800218a                HAL_TIMEx_MasterConfigSynchronization
 .text.BGH_SetBackground
                0x080021dc        0xc CustPrj/BackgroundHandler.o
                0x080021dc                BGH_SetBackground
 .text.BGH_Draw
                0x080021e8       0x20 CustPrj/BackgroundHandler.o
                0x080021e8                BGH_Draw
 .text.BGH_Init
                0x08002208        0xe CustPrj/BackgroundHandler.o
                0x08002208                BGH_Init
 *fill*         0x08002216        0x2 
 .text.CH_ShowClock
                0x08002218       0x70 CustPrj/ClockHandler.o
 .text.CH_Init  0x08002288        0x8 CustPrj/ClockHandler.o
                0x08002288                CH_Init
 .text.CH_RunOne
                0x08002290       0x2c CustPrj/ClockHandler.o
                0x08002290                CH_RunOne
 .text.GSM_Init
                0x080022bc       0x10 CustPrj/GlobalStateMachine.o
 .text.GSM_StateStateHandling
                0x080022cc        0x8 CustPrj/GlobalStateMachine.o
 .text.GSM_SwitchState
                0x080022d4       0x10 CustPrj/GlobalStateMachine.o
                0x080022d4                GSM_SwitchState
 .text.GSM_RunOne
                0x080022e4       0x3c CustPrj/GlobalStateMachine.o
                0x080022e4                GSM_RunOne
 .text.ILI9341_Draw_Char
                0x08002320       0xb8 CustPrj/Driver/ILI9341/ILI9341_GFX.o
                0x08002320                ILI9341_Draw_Char
 .text.ILI9341_Draw_Text
                0x080023d8       0x40 CustPrj/Driver/ILI9341/ILI9341_GFX.o
                0x080023d8                ILI9341_Draw_Text
 .text.ILI9341_Draw_Image
                0x08002418       0x2a CustPrj/Driver/ILI9341/ILI9341_GFX.o
                0x08002418                ILI9341_Draw_Image
 *fill*         0x08002442        0x2 
 .text.ILI9341_Port_Send
                0x08002444       0x2c CustPrj/Driver/ILI9341/ILI9341_STM32_Driver.o
                0x08002444                ILI9341_Port_Send
 .text.ILI9341_Write_Command
                0x08002470       0x38 CustPrj/Driver/ILI9341/ILI9341_STM32_Driver.o
                0x08002470                ILI9341_Write_Command
 .text.ILI9341_Write_Data
                0x080024a8       0x38 CustPrj/Driver/ILI9341/ILI9341_STM32_Driver.o
                0x080024a8                ILI9341_Write_Data
 .text.ILI9341_Write_Data_Block
                0x080024e0       0x18 CustPrj/Driver/ILI9341/ILI9341_STM32_Driver.o
                0x080024e0                ILI9341_Write_Data_Block
 .text.ILI9341_Write_Data_Block2
                0x080024f8       0x1a CustPrj/Driver/ILI9341/ILI9341_STM32_Driver.o
                0x080024f8                ILI9341_Write_Data_Block2
 .text.ILI9341_Set_Address
                0x08002512       0x4e CustPrj/Driver/ILI9341/ILI9341_STM32_Driver.o
                0x08002512                ILI9341_Set_Address
 .text.ILI9341_Set_Rotation
                0x08002560       0x70 CustPrj/Driver/ILI9341/ILI9341_STM32_Driver.o
                0x08002560                ILI9341_Set_Rotation
 .text.ILI9341_Enable
                0x080025d0       0x20 CustPrj/Driver/ILI9341/ILI9341_STM32_Driver.o
                0x080025d0                ILI9341_Enable
 .text.ILI9341_Init
                0x080025f0      0x238 CustPrj/Driver/ILI9341/ILI9341_STM32_Driver.o
                0x080025f0                ILI9341_Init
 .text.ILI9341_Draw_Colour
                0x08002828       0x38 CustPrj/Driver/ILI9341/ILI9341_STM32_Driver.o
                0x08002828                ILI9341_Draw_Colour
 .text.ILI9341_Draw_Colour_Burst
                0x08002860        0x8 CustPrj/Driver/ILI9341/ILI9341_STM32_Driver.o
                0x08002860                ILI9341_Draw_Colour_Burst
 .text.ILI9341_Draw_Pixel
                0x08002868       0x34 CustPrj/Driver/ILI9341/ILI9341_STM32_Driver.o
                0x08002868                ILI9341_Draw_Pixel
 .text.ILI9341_Draw_Rectangle
                0x0800289c       0x6c CustPrj/Driver/ILI9341/ILI9341_STM32_Driver.o
                0x0800289c                ILI9341_Draw_Rectangle
 .text.__libc_init_array
                0x08002908       0x48 d:/99_working/eclipse/plugins/fr.ac6.mcu.externaltools.arm-none.win32_1.16.0.201807130628/tools/compiler/bin/../lib/gcc/arm-none-eabi/7.2.1/../../../../arm-none-eabi/lib/thumb/v7-m\libc_nano.a(lib_a-init.o)
                0x08002908                __libc_init_array
 .text.sprintf  0x08002950       0x40 d:/99_working/eclipse/plugins/fr.ac6.mcu.externaltools.arm-none.win32_1.16.0.201807130628/tools/compiler/bin/../lib/gcc/arm-none-eabi/7.2.1/../../../../arm-none-eabi/lib/thumb/v7-m\libc_nano.a(lib_a-sprintf.o)
                0x08002950                siprintf
                0x08002950                sprintf
 .text.__ssputs_r
                0x08002990       0xb4 d:/99_working/eclipse/plugins/fr.ac6.mcu.externaltools.arm-none.win32_1.16.0.201807130628/tools/compiler/bin/../lib/gcc/arm-none-eabi/7.2.1/../../../../arm-none-eabi/lib/thumb/v7-m\libc_nano.a(lib_a-nano-svfprintf.o)
                0x08002990                __ssputs_r
 .text._svfprintf_r
                0x08002a44      0x1ec d:/99_working/eclipse/plugins/fr.ac6.mcu.externaltools.arm-none.win32_1.16.0.201807130628/tools/compiler/bin/../lib/gcc/arm-none-eabi/7.2.1/../../../../arm-none-eabi/lib/thumb/v7-m\libc_nano.a(lib_a-nano-svfprintf.o)
                0x08002a44                _svfiprintf_r
                0x08002a44                _svfprintf_r
 .text._printf_common
                0x08002c30       0xec d:/99_working/eclipse/plugins/fr.ac6.mcu.externaltools.arm-none.win32_1.16.0.201807130628/tools/compiler/bin/../lib/gcc/arm-none-eabi/7.2.1/../../../../arm-none-eabi/lib/thumb/v7-m\libc_nano.a(lib_a-nano-vfprintf_i.o)
                0x08002c30                _printf_common
 .text._printf_i
                0x08002d1c      0x224 d:/99_working/eclipse/plugins/fr.ac6.mcu.externaltools.arm-none.win32_1.16.0.201807130628/tools/compiler/bin/../lib/gcc/arm-none-eabi/7.2.1/../../../../arm-none-eabi/lib/thumb/v7-m\libc_nano.a(lib_a-nano-vfprintf_i.o)
                0x08002d1c                _printf_i
 .text.memchr   0x08002f40       0x1c d:/99_working/eclipse/plugins/fr.ac6.mcu.externaltools.arm-none.win32_1.16.0.201807130628/tools/compiler/bin/../lib/gcc/arm-none-eabi/7.2.1/../../../../arm-none-eabi/lib/thumb/v7-m\libc_nano.a(lib_a-memchr-stub.o)
                0x08002f40                memchr
 .text.memcpy   0x08002f5c       0x16 d:/99_working/eclipse/plugins/fr.ac6.mcu.externaltools.arm-none.win32_1.16.0.201807130628/tools/compiler/bin/../lib/gcc/arm-none-eabi/7.2.1/../../../../arm-none-eabi/lib/thumb/v7-m\libc_nano.a(lib_a-memcpy-stub.o)
                0x08002f5c                memcpy
 .text.memmove  0x08002f72       0x32 d:/99_working/eclipse/plugins/fr.ac6.mcu.externaltools.arm-none.win32_1.16.0.201807130628/tools/compiler/bin/../lib/gcc/arm-none-eabi/7.2.1/../../../../arm-none-eabi/lib/thumb/v7-m\libc_nano.a(lib_a-memmove.o)
                0x08002f72                memmove
 .text._free_r  0x08002fa4       0x98 d:/99_working/eclipse/plugins/fr.ac6.mcu.externaltools.arm-none.win32_1.16.0.201807130628/tools/compiler/bin/../lib/gcc/arm-none-eabi/7.2.1/../../../../arm-none-eabi/lib/thumb/v7-m\libc_nano.a(lib_a-nano-freer.o)
                0x08002fa4                _free_r
 .text._malloc_r
                0x0800303c       0xb4 d:/99_working/eclipse/plugins/fr.ac6.mcu.externaltools.arm-none.win32_1.16.0.201807130628/tools/compiler/bin/../lib/gcc/arm-none-eabi/7.2.1/../../../../arm-none-eabi/lib/thumb/v7-m\libc_nano.a(lib_a-nano-mallocr.o)
                0x0800303c                _malloc_r
 .text._realloc_r
                0x080030f0       0x4c d:/99_working/eclipse/plugins/fr.ac6.mcu.externaltools.arm-none.win32_1.16.0.201807130628/tools/compiler/bin/../lib/gcc/arm-none-eabi/7.2.1/../../../../arm-none-eabi/lib/thumb/v7-m\libc_nano.a(lib_a-nano-reallocr.o)
                0x080030f0                _realloc_r
 .text._sbrk_r  0x0800313c       0x20 d:/99_working/eclipse/plugins/fr.ac6.mcu.externaltools.arm-none.win32_1.16.0.201807130628/tools/compiler/bin/../lib/gcc/arm-none-eabi/7.2.1/../../../../arm-none-eabi/lib/thumb/v7-m\libc_nano.a(lib_a-sbrkr.o)
                0x0800313c                _sbrk_r
 .text.__malloc_lock
                0x0800315c        0x2 d:/99_working/eclipse/plugins/fr.ac6.mcu.externaltools.arm-none.win32_1.16.0.201807130628/tools/compiler/bin/../lib/gcc/arm-none-eabi/7.2.1/../../../../arm-none-eabi/lib/thumb/v7-m\libc_nano.a(lib_a-mlock.o)
                0x0800315c                __malloc_lock
 .text.__malloc_unlock
                0x0800315e        0x2 d:/99_working/eclipse/plugins/fr.ac6.mcu.externaltools.arm-none.win32_1.16.0.201807130628/tools/compiler/bin/../lib/gcc/arm-none-eabi/7.2.1/../../../../arm-none-eabi/lib/thumb/v7-m\libc_nano.a(lib_a-mlock.o)
                0x0800315e                __malloc_unlock
 .text._malloc_usable_size_r
                0x08003160       0x10 d:/99_working/eclipse/plugins/fr.ac6.mcu.externaltools.arm-none.win32_1.16.0.201807130628/tools/compiler/bin/../lib/gcc/arm-none-eabi/7.2.1/../../../../arm-none-eabi/lib/thumb/v7-m\libc_nano.a(lib_a-nano-msizer.o)
                0x08003160                _malloc_usable_size_r
 .text._sbrk    0x08003170       0x1c d:/99_working/eclipse/plugins/fr.ac6.mcu.externaltools.arm-none.win32_1.16.0.201807130628/tools/compiler/bin/../lib/gcc/arm-none-eabi/7.2.1/../../../../arm-none-eabi/lib/thumb/v7-m\libnosys.a(sbrk.o)
                0x08003170                _sbrk
 *(.glue_7)
 .glue_7        0x0800318c        0x0 linker stubs
 *(.glue_7t)
 .glue_7t       0x0800318c        0x0 linker stubs
 *(.eh_frame)
 .eh_frame      0x0800318c        0x0 d:/99_working/eclipse/plugins/fr.ac6.mcu.externaltools.arm-none.win32_1.16.0.201807130628/tools/compiler/bin/../lib/gcc/arm-none-eabi/7.2.1/thumb/v7-m/crtbegin.o
 *(.init)
 .init          0x0800318c        0x4 d:/99_working/eclipse/plugins/fr.ac6.mcu.externaltools.arm-none.win32_1.16.0.201807130628/tools/compiler/bin/../lib/gcc/arm-none-eabi/7.2.1/thumb/v7-m/crti.o
                0x0800318c                _init
 .init          0x08003190        0x8 d:/99_working/eclipse/plugins/fr.ac6.mcu.externaltools.arm-none.win32_1.16.0.201807130628/tools/compiler/bin/../lib/gcc/arm-none-eabi/7.2.1/thumb/v7-m/crtn.o
 *(.fini)
 .fini          0x08003198        0x4 d:/99_working/eclipse/plugins/fr.ac6.mcu.externaltools.arm-none.win32_1.16.0.201807130628/tools/compiler/bin/../lib/gcc/arm-none-eabi/7.2.1/thumb/v7-m/crti.o
                0x08003198                _fini
 .fini          0x0800319c        0x8 d:/99_working/eclipse/plugins/fr.ac6.mcu.externaltools.arm-none.win32_1.16.0.201807130628/tools/compiler/bin/../lib/gcc/arm-none-eabi/7.2.1/thumb/v7-m/crtn.o
                0x080031a4                . = ALIGN (0x4)
                0x080031a4                _etext = .

.vfp11_veneer   0x080031a4        0x0
 .vfp11_veneer  0x080031a4        0x0 linker stubs

.v4_bx          0x080031a4        0x0
 .v4_bx         0x080031a4        0x0 linker stubs

.iplt           0x080031a4        0x0
 .iplt          0x080031a4        0x0 d:/99_working/eclipse/plugins/fr.ac6.mcu.externaltools.arm-none.win32_1.16.0.201807130628/tools/compiler/bin/../lib/gcc/arm-none-eabi/7.2.1/thumb/v7-m/crtbegin.o

.rodata         0x080031a4    0x25af0
                0x080031a4                . = ALIGN (0x4)
 *(.rodata)
 .rodata        0x080031a4       0x18 Src/system_stm32f1xx.o
                0x080031a4                AHBPrescTable
                0x080031b4                APBPrescTable
 .rodata        0x080031bc       0x20 Drivers/STM32F1xx_HAL_Driver/Src/stm32f1xx_hal_rcc.o
 .rodata        0x080031dc       0x20 Drivers/STM32F1xx_HAL_Driver/Src/stm32f1xx_hal_rcc_ex.o
 .rodata        0x080031fc    0x25800 CustPrj/BackgroundHandler.o
 .rodata        0x080289fc      0x240 CustPrj/Driver/ILI9341/ILI9341_GFX.o
 *(.rodata*)
 .rodata.str1.4
                0x08028c3c        0xe Src/main.o
 *fill*         0x08028c4a        0x2 
 .rodata.str1.4
                0x08028c4c       0x14 CustPrj/ClockHandler.o
                                 0x11 (size before relaxing)
 .rodata._svfprintf_r.str1.1
                0x08028c60       0x11 d:/99_working/eclipse/plugins/fr.ac6.mcu.externaltools.arm-none.win32_1.16.0.201807130628/tools/compiler/bin/../lib/gcc/arm-none-eabi/7.2.1/../../../../arm-none-eabi/lib/thumb/v7-m\libc_nano.a(lib_a-nano-svfprintf.o)
 .rodata._printf_i.str1.1
                0x08028c71       0x22 d:/99_working/eclipse/plugins/fr.ac6.mcu.externaltools.arm-none.win32_1.16.0.201807130628/tools/compiler/bin/../lib/gcc/arm-none-eabi/7.2.1/../../../../arm-none-eabi/lib/thumb/v7-m\libc_nano.a(lib_a-nano-vfprintf_i.o)
                0x08028c94                . = ALIGN (0x4)
 *fill*         0x08028c93        0x1 

.ARM.extab
 *(.ARM.extab* .gnu.linkonce.armextab.*)

.ARM            0x08028c94        0x8
                0x08028c94                __exidx_start = .
 *(.ARM.exidx*)
 .ARM.exidx     0x08028c94        0x8 d:/99_working/eclipse/plugins/fr.ac6.mcu.externaltools.arm-none.win32_1.16.0.201807130628/tools/compiler/bin/../lib/gcc/arm-none-eabi/7.2.1/thumb/v7-m\libgcc.a(_udivmoddi4.o)
                0x08028c9c                __exidx_end = .

.rel.dyn        0x08028c9c        0x0
 .rel.iplt      0x08028c9c        0x0 d:/99_working/eclipse/plugins/fr.ac6.mcu.externaltools.arm-none.win32_1.16.0.201807130628/tools/compiler/bin/../lib/gcc/arm-none-eabi/7.2.1/thumb/v7-m/crtbegin.o

.preinit_array  0x08028c9c        0x0
                0x08028c9c                PROVIDE (__preinit_array_start, .)
 *(.preinit_array*)
                0x08028c9c                PROVIDE (__preinit_array_end, .)

.init_array     0x08028c9c        0x4
                0x08028c9c                PROVIDE (__init_array_start, .)
 *(SORT_BY_NAME(.init_array.*))
 *(.init_array*)
 .init_array    0x08028c9c        0x4 d:/99_working/eclipse/plugins/fr.ac6.mcu.externaltools.arm-none.win32_1.16.0.201807130628/tools/compiler/bin/../lib/gcc/arm-none-eabi/7.2.1/thumb/v7-m/crtbegin.o
                0x08028ca0                PROVIDE (__init_array_end, .)

.fini_array     0x08028ca0        0x4
                [!provide]                PROVIDE (__fini_array_start, .)
 *(SORT_BY_NAME(.fini_array.*))
 *(.fini_array*)
 .fini_array    0x08028ca0        0x4 d:/99_working/eclipse/plugins/fr.ac6.mcu.externaltools.arm-none.win32_1.16.0.201807130628/tools/compiler/bin/../lib/gcc/arm-none-eabi/7.2.1/thumb/v7-m/crtbegin.o
                [!provide]                PROVIDE (__fini_array_end, .)
                0x08028ca4                _sidata = LOADADDR (.data)

.data           0x20000000       0x74 load address 0x08028ca4
                0x20000000                . = ALIGN (0x4)
                0x20000000                _sdata = .
 *(.data)
 .data          0x20000000        0x4 Src/system_stm32f1xx.o
                0x20000000                SystemCoreClock
 .data          0x20000004        0x8 Drivers/STM32F1xx_HAL_Driver/Src/stm32f1xx_hal.o
                0x20000004                uwTickFreq
                0x20000008                uwTickPrio
 .data          0x2000000c        0x4 CustPrj/Driver/ILI9341/ILI9341_STM32_Driver.o
                0x2000000c                LCD_WIDTH
                0x2000000e                LCD_HEIGHT
 *(.data*)
 .data._impure_ptr
                0x20000010        0x4 d:/99_working/eclipse/plugins/fr.ac6.mcu.externaltools.arm-none.win32_1.16.0.201807130628/tools/compiler/bin/../lib/gcc/arm-none-eabi/7.2.1/../../../../arm-none-eabi/lib/thumb/v7-m\libc_nano.a(lib_a-impure.o)
                0x20000010                _impure_ptr
 .data.impure_data
                0x20000014       0x60 d:/99_working/eclipse/plugins/fr.ac6.mcu.externaltools.arm-none.win32_1.16.0.201807130628/tools/compiler/bin/../lib/gcc/arm-none-eabi/7.2.1/../../../../arm-none-eabi/lib/thumb/v7-m\libc_nano.a(lib_a-impure.o)
                0x20000074                . = ALIGN (0x4)
                0x20000074                _edata = .

.igot.plt       0x20000074        0x0 load address 0x08028d18
 .igot.plt      0x20000074        0x0 d:/99_working/eclipse/plugins/fr.ac6.mcu.externaltools.arm-none.win32_1.16.0.201807130628/tools/compiler/bin/../lib/gcc/arm-none-eabi/7.2.1/thumb/v7-m/crtbegin.o
                0x20000074                . = ALIGN (0x4)

.bss            0x20000074       0x90 load address 0x08028d18
                0x20000074                _sbss = .
                0x20000074                __bss_start__ = _sbss
 *(.bss)
 .bss           0x20000074       0x1c d:/99_working/eclipse/plugins/fr.ac6.mcu.externaltools.arm-none.win32_1.16.0.201807130628/tools/compiler/bin/../lib/gcc/arm-none-eabi/7.2.1/thumb/v7-m/crtbegin.o
 .bss           0x20000090        0x1 CustPrj/BackgroundHandler.o
 *fill*         0x20000091        0x3 
 .bss           0x20000094        0x7 CustPrj/ClockHandler.o
 .bss           0x2000009b        0x1 CustPrj/GlobalStateMachine.o
 *(.bss*)
 .bss.__malloc_free_list
                0x2000009c        0x4 d:/99_working/eclipse/plugins/fr.ac6.mcu.externaltools.arm-none.win32_1.16.0.201807130628/tools/compiler/bin/../lib/gcc/arm-none-eabi/7.2.1/../../../../arm-none-eabi/lib/thumb/v7-m\libc_nano.a(lib_a-nano-mallocr.o)
                0x2000009c                __malloc_free_list
 .bss.__malloc_sbrk_start
                0x200000a0        0x4 d:/99_working/eclipse/plugins/fr.ac6.mcu.externaltools.arm-none.win32_1.16.0.201807130628/tools/compiler/bin/../lib/gcc/arm-none-eabi/7.2.1/../../../../arm-none-eabi/lib/thumb/v7-m\libc_nano.a(lib_a-nano-mallocr.o)
                0x200000a0                __malloc_sbrk_start
 .bss.heap_end.4102
                0x200000a4        0x4 d:/99_working/eclipse/plugins/fr.ac6.mcu.externaltools.arm-none.win32_1.16.0.201807130628/tools/compiler/bin/../lib/gcc/arm-none-eabi/7.2.1/../../../../arm-none-eabi/lib/thumb/v7-m\libnosys.a(sbrk.o)
 *(COMMON)
 COMMON         0x200000a8       0x54 Src/main.o
                0x200000a8                hrtc
                0x200000bc                htim1
 COMMON         0x200000fc        0x4 Drivers/STM32F1xx_HAL_Driver/Src/stm32f1xx_hal.o
                0x200000fc                uwTick
 COMMON         0x20000100        0x4 d:/99_working/eclipse/plugins/fr.ac6.mcu.externaltools.arm-none.win32_1.16.0.201807130628/tools/compiler/bin/../lib/gcc/arm-none-eabi/7.2.1/../../../../arm-none-eabi/lib/thumb/v7-m\libc_nano.a(lib_a-reent.o)
                0x20000100                errno
                0x20000104                . = ALIGN (0x4)
                0x20000104                _ebss = .
                0x20000104                __bss_end__ = _ebss

._user_heap_stack
                0x20000104      0x604 load address 0x08028d18
                0x20000108                . = ALIGN (0x8)
 *fill*         0x20000104        0x4 
                0x20000108                PROVIDE (end, .)
                [!provide]                PROVIDE (_end, .)
                0x20000308                . = (. + _Min_Heap_Size)
 *fill*         0x20000108      0x200 
                0x20000708                . = (. + _Min_Stack_Size)
 *fill*         0x20000308      0x400 
                0x20000708                . = ALIGN (0x8)

/DISCARD/
 libc.a(*)
 libm.a(*)
 libgcc.a(*)

.ARM.attributes
                0x00000000       0x29
 *(.ARM.attributes)
 .ARM.attributes
                0x00000000       0x1d d:/99_working/eclipse/plugins/fr.ac6.mcu.externaltools.arm-none.win32_1.16.0.201807130628/tools/compiler/bin/../lib/gcc/arm-none-eabi/7.2.1/thumb/v7-m/crti.o
 .ARM.attributes
                0x0000001d       0x2d d:/99_working/eclipse/plugins/fr.ac6.mcu.externaltools.arm-none.win32_1.16.0.201807130628/tools/compiler/bin/../lib/gcc/arm-none-eabi/7.2.1/thumb/v7-m/crtbegin.o
 .ARM.attributes
                0x0000004a       0x21 startup/startup_stm32f107xc.o
 .ARM.attributes
                0x0000006b       0x33 Src/main.o
 .ARM.attributes
                0x0000009e       0x33 Src/stm32f1xx_hal_msp.o
 .ARM.attributes
                0x000000d1       0x33 Src/stm32f1xx_it.o
 .ARM.attributes
                0x00000104       0x33 Src/system_stm32f1xx.o
 .ARM.attributes
                0x00000137       0x33 Drivers/STM32F1xx_HAL_Driver/Src/stm32f1xx_hal.o
 .ARM.attributes
                0x0000016a       0x33 Drivers/STM32F1xx_HAL_Driver/Src/stm32f1xx_hal_cortex.o
 .ARM.attributes
                0x0000019d       0x33 Drivers/STM32F1xx_HAL_Driver/Src/stm32f1xx_hal_gpio.o
 .ARM.attributes
                0x000001d0       0x33 Drivers/STM32F1xx_HAL_Driver/Src/stm32f1xx_hal_pwr.o
 .ARM.attributes
                0x00000203       0x33 Drivers/STM32F1xx_HAL_Driver/Src/stm32f1xx_hal_rcc.o
 .ARM.attributes
                0x00000236       0x33 Drivers/STM32F1xx_HAL_Driver/Src/stm32f1xx_hal_rcc_ex.o
 .ARM.attributes
                0x00000269       0x33 Drivers/STM32F1xx_HAL_Driver/Src/stm32f1xx_hal_rtc.o
 .ARM.attributes
                0x0000029c       0x33 Drivers/STM32F1xx_HAL_Driver/Src/stm32f1xx_hal_rtc_ex.o
 .ARM.attributes
                0x000002cf       0x33 Drivers/STM32F1xx_HAL_Driver/Src/stm32f1xx_hal_tim.o
 .ARM.attributes
                0x00000302       0x33 Drivers/STM32F1xx_HAL_Driver/Src/stm32f1xx_hal_tim_ex.o
 .ARM.attributes
                0x00000335       0x33 CustPrj/BackgroundHandler.o
 .ARM.attributes
                0x00000368       0x33 CustPrj/ClockHandler.o
 .ARM.attributes
                0x0000039b       0x33 CustPrj/GlobalStateMachine.o
 .ARM.attributes
                0x000003ce       0x33 CustPrj/Driver/ILI9341/ILI9341_GFX.o
 .ARM.attributes
                0x00000401       0x33 CustPrj/Driver/ILI9341/ILI9341_STM32_Driver.o
 .ARM.attributes
                0x00000434       0x1d d:/99_working/eclipse/plugins/fr.ac6.mcu.externaltools.arm-none.win32_1.16.0.201807130628/tools/compiler/bin/../lib/gcc/arm-none-eabi/7.2.1/thumb/v7-m\libgcc.a(_aeabi_uldivmod.o)
 .ARM.attributes
                0x00000451       0x2d d:/99_working/eclipse/plugins/fr.ac6.mcu.externaltools.arm-none.win32_1.16.0.201807130628/tools/compiler/bin/../lib/gcc/arm-none-eabi/7.2.1/thumb/v7-m\libgcc.a(_udivmoddi4.o)
 .ARM.attributes
                0x0000047e       0x1d d:/99_working/eclipse/plugins/fr.ac6.mcu.externaltools.arm-none.win32_1.16.0.201807130628/tools/compiler/bin/../lib/gcc/arm-none-eabi/7.2.1/thumb/v7-m\libgcc.a(_dvmd_tls.o)
 .ARM.attributes
                0x0000049b       0x2d d:/99_working/eclipse/plugins/fr.ac6.mcu.externaltools.arm-none.win32_1.16.0.201807130628/tools/compiler/bin/../lib/gcc/arm-none-eabi/7.2.1/../../../../arm-none-eabi/lib/thumb/v7-m\libc_nano.a(lib_a-impure.o)
 .ARM.attributes
                0x000004c8       0x2d d:/99_working/eclipse/plugins/fr.ac6.mcu.externaltools.arm-none.win32_1.16.0.201807130628/tools/compiler/bin/../lib/gcc/arm-none-eabi/7.2.1/../../../../arm-none-eabi/lib/thumb/v7-m\libc_nano.a(lib_a-init.o)
 .ARM.attributes
                0x000004f5       0x2d d:/99_working/eclipse/plugins/fr.ac6.mcu.externaltools.arm-none.win32_1.16.0.201807130628/tools/compiler/bin/../lib/gcc/arm-none-eabi/7.2.1/../../../../arm-none-eabi/lib/thumb/v7-m\libc_nano.a(lib_a-sprintf.o)
 .ARM.attributes
                0x00000522       0x2d d:/99_working/eclipse/plugins/fr.ac6.mcu.externaltools.arm-none.win32_1.16.0.201807130628/tools/compiler/bin/../lib/gcc/arm-none-eabi/7.2.1/../../../../arm-none-eabi/lib/thumb/v7-m\libc_nano.a(lib_a-nano-svfprintf.o)
 .ARM.attributes
                0x0000054f       0x2d d:/99_working/eclipse/plugins/fr.ac6.mcu.externaltools.arm-none.win32_1.16.0.201807130628/tools/compiler/bin/../lib/gcc/arm-none-eabi/7.2.1/../../../../arm-none-eabi/lib/thumb/v7-m\libc_nano.a(lib_a-nano-vfprintf_i.o)
 .ARM.attributes
                0x0000057c       0x2d d:/99_working/eclipse/plugins/fr.ac6.mcu.externaltools.arm-none.win32_1.16.0.201807130628/tools/compiler/bin/../lib/gcc/arm-none-eabi/7.2.1/../../../../arm-none-eabi/lib/thumb/v7-m\libc_nano.a(lib_a-memchr-stub.o)
 .ARM.attributes
                0x000005a9       0x2d d:/99_working/eclipse/plugins/fr.ac6.mcu.externaltools.arm-none.win32_1.16.0.201807130628/tools/compiler/bin/../lib/gcc/arm-none-eabi/7.2.1/../../../../arm-none-eabi/lib/thumb/v7-m\libc_nano.a(lib_a-memcpy-stub.o)
 .ARM.attributes
                0x000005d6       0x2d d:/99_working/eclipse/plugins/fr.ac6.mcu.externaltools.arm-none.win32_1.16.0.201807130628/tools/compiler/bin/../lib/gcc/arm-none-eabi/7.2.1/../../../../arm-none-eabi/lib/thumb/v7-m\libc_nano.a(lib_a-memmove.o)
 .ARM.attributes
                0x00000603       0x2d d:/99_working/eclipse/plugins/fr.ac6.mcu.externaltools.arm-none.win32_1.16.0.201807130628/tools/compiler/bin/../lib/gcc/arm-none-eabi/7.2.1/../../../../arm-none-eabi/lib/thumb/v7-m\libc_nano.a(lib_a-nano-freer.o)
 .ARM.attributes
                0x00000630       0x2d d:/99_working/eclipse/plugins/fr.ac6.mcu.externaltools.arm-none.win32_1.16.0.201807130628/tools/compiler/bin/../lib/gcc/arm-none-eabi/7.2.1/../../../../arm-none-eabi/lib/thumb/v7-m\libc_nano.a(lib_a-nano-mallocr.o)
 .ARM.attributes
                0x0000065d       0x2d d:/99_working/eclipse/plugins/fr.ac6.mcu.externaltools.arm-none.win32_1.16.0.201807130628/tools/compiler/bin/../lib/gcc/arm-none-eabi/7.2.1/../../../../arm-none-eabi/lib/thumb/v7-m\libc_nano.a(lib_a-nano-reallocr.o)
 .ARM.attributes
                0x0000068a       0x2d d:/99_working/eclipse/plugins/fr.ac6.mcu.externaltools.arm-none.win32_1.16.0.201807130628/tools/compiler/bin/../lib/gcc/arm-none-eabi/7.2.1/../../../../arm-none-eabi/lib/thumb/v7-m\libc_nano.a(lib_a-sbrkr.o)
 .ARM.attributes
                0x000006b7       0x2d d:/99_working/eclipse/plugins/fr.ac6.mcu.externaltools.arm-none.win32_1.16.0.201807130628/tools/compiler/bin/../lib/gcc/arm-none-eabi/7.2.1/../../../../arm-none-eabi/lib/thumb/v7-m\libc_nano.a(lib_a-mlock.o)
 .ARM.attributes
                0x000006e4       0x2d d:/99_working/eclipse/plugins/fr.ac6.mcu.externaltools.arm-none.win32_1.16.0.201807130628/tools/compiler/bin/../lib/gcc/arm-none-eabi/7.2.1/../../../../arm-none-eabi/lib/thumb/v7-m\libc_nano.a(lib_a-nano-msizer.o)
 .ARM.attributes
                0x00000711       0x2d d:/99_working/eclipse/plugins/fr.ac6.mcu.externaltools.arm-none.win32_1.16.0.201807130628/tools/compiler/bin/../lib/gcc/arm-none-eabi/7.2.1/../../../../arm-none-eabi/lib/thumb/v7-m\libc_nano.a(lib_a-reent.o)
 .ARM.attributes
                0x0000073e       0x2d d:/99_working/eclipse/plugins/fr.ac6.mcu.externaltools.arm-none.win32_1.16.0.201807130628/tools/compiler/bin/../lib/gcc/arm-none-eabi/7.2.1/../../../../arm-none-eabi/lib/thumb/v7-m\libnosys.a(sbrk.o)
 .ARM.attributes
                0x0000076b       0x1d d:/99_working/eclipse/plugins/fr.ac6.mcu.externaltools.arm-none.win32_1.16.0.201807130628/tools/compiler/bin/../lib/gcc/arm-none-eabi/7.2.1/thumb/v7-m/crtn.o
OUTPUT(STM32F107_LCDControl.elf elf32-littlearm)

.debug_line     0x00000000     0xc36d
 .debug_line    0x00000000       0x7f startup/startup_stm32f107xc.o
 .debug_line    0x0000007f      0x8f4 Src/main.o
 .debug_line    0x00000973      0x809 Src/stm32f1xx_hal_msp.o
 .debug_line    0x0000117c      0x837 Src/stm32f1xx_it.o
 .debug_line    0x000019b3      0x7ee Src/system_stm32f1xx.o
 .debug_line    0x000021a1      0x969 Drivers/STM32F1xx_HAL_Driver/Src/stm32f1xx_hal.o
 .debug_line    0x00002b0a      0x97f Drivers/STM32F1xx_HAL_Driver/Src/stm32f1xx_hal_cortex.o
 .debug_line    0x00003489      0x964 Drivers/STM32F1xx_HAL_Driver/Src/stm32f1xx_hal_gpio.o
 .debug_line    0x00003ded      0x953 Drivers/STM32F1xx_HAL_Driver/Src/stm32f1xx_hal_pwr.o
 .debug_line    0x00004740      0xac7 Drivers/STM32F1xx_HAL_Driver/Src/stm32f1xx_hal_rcc.o
 .debug_line    0x00005207      0x973 Drivers/STM32F1xx_HAL_Driver/Src/stm32f1xx_hal_rcc_ex.o
 .debug_line    0x00005b7a      0xcc2 Drivers/STM32F1xx_HAL_Driver/Src/stm32f1xx_hal_rtc.o
 .debug_line    0x0000683c      0x9f2 Drivers/STM32F1xx_HAL_Driver/Src/stm32f1xx_hal_rtc_ex.o
 .debug_line    0x0000722e     0x178b Drivers/STM32F1xx_HAL_Driver/Src/stm32f1xx_hal_tim.o
 .debug_line    0x000089b9      0xd36 Drivers/STM32F1xx_HAL_Driver/Src/stm32f1xx_hal_tim_ex.o
 .debug_line    0x000096ef      0x89b CustPrj/BackgroundHandler.o
 .debug_line    0x00009f8a      0x886 CustPrj/ClockHandler.o
 .debug_line    0x0000a810      0x82c CustPrj/GlobalStateMachine.o
 .debug_line    0x0000b03c      0x931 CustPrj/Driver/ILI9341/ILI9341_GFX.o
 .debug_line    0x0000b96d      0xa00 CustPrj/Driver/ILI9341/ILI9341_STM32_Driver.o

.debug_info     0x00000000    0x17796
 .debug_info    0x00000000       0x22 startup/startup_stm32f107xc.o
 .debug_info    0x00000022     0x1c91 Src/main.o
 .debug_info    0x00001cb3     0x1484 Src/stm32f1xx_hal_msp.o
 .debug_info    0x00003137      0xa04 Src/stm32f1xx_it.o
 .debug_info    0x00003b3b      0xc55 Src/system_stm32f1xx.o
 .debug_info    0x00004790     0x102c Drivers/STM32F1xx_HAL_Driver/Src/stm32f1xx_hal.o
 .debug_info    0x000057bc     0x14e1 Drivers/STM32F1xx_HAL_Driver/Src/stm32f1xx_hal_cortex.o
 .debug_info    0x00006c9d      0xea1 Drivers/STM32F1xx_HAL_Driver/Src/stm32f1xx_hal_gpio.o
 .debug_info    0x00007b3e      0xf7d Drivers/STM32F1xx_HAL_Driver/Src/stm32f1xx_hal_pwr.o
 .debug_info    0x00008abb     0x12ea Drivers/STM32F1xx_HAL_Driver/Src/stm32f1xx_hal_rcc.o
 .debug_info    0x00009da5      0xec7 Drivers/STM32F1xx_HAL_Driver/Src/stm32f1xx_hal_rcc_ex.o
 .debug_info    0x0000ac6c     0x1b3e Drivers/STM32F1xx_HAL_Driver/Src/stm32f1xx_hal_rtc.o
 .debug_info    0x0000c7aa     0x1138 Drivers/STM32F1xx_HAL_Driver/Src/stm32f1xx_hal_rtc_ex.o
 .debug_info    0x0000d8e2     0x3660 Drivers/STM32F1xx_HAL_Driver/Src/stm32f1xx_hal_tim.o
 .debug_info    0x00010f42     0x1aa8 Drivers/STM32F1xx_HAL_Driver/Src/stm32f1xx_hal_tim_ex.o
 .debug_info    0x000129ea      0xa87 CustPrj/BackgroundHandler.o
 .debug_info    0x00013471      0xd01 CustPrj/ClockHandler.o
 .debug_info    0x00014172      0xb5c CustPrj/GlobalStateMachine.o
 .debug_info    0x00014cce     0x1183 CustPrj/Driver/ILI9341/ILI9341_GFX.o
 .debug_info    0x00015e51     0x1945 CustPrj/Driver/ILI9341/ILI9341_STM32_Driver.o

.debug_abbrev   0x00000000     0x33e7
 .debug_abbrev  0x00000000       0x12 startup/startup_stm32f107xc.o
 .debug_abbrev  0x00000012      0x2fc Src/main.o
 .debug_abbrev  0x0000030e      0x277 Src/stm32f1xx_hal_msp.o
 .debug_abbrev  0x00000585      0x1e7 Src/stm32f1xx_it.o
 .debug_abbrev  0x0000076c      0x205 Src/system_stm32f1xx.o
 .debug_abbrev  0x00000971      0x2f4 Drivers/STM32F1xx_HAL_Driver/Src/stm32f1xx_hal.o
 .debug_abbrev  0x00000c65      0x3cd Drivers/STM32F1xx_HAL_Driver/Src/stm32f1xx_hal_cortex.o
 .debug_abbrev  0x00001032      0x2a7 Drivers/STM32F1xx_HAL_Driver/Src/stm32f1xx_hal_gpio.o
 .debug_abbrev  0x000012d9      0x2c7 Drivers/STM32F1xx_HAL_Driver/Src/stm32f1xx_hal_pwr.o
 .debug_abbrev  0x000015a0      0x351 Drivers/STM32F1xx_HAL_Driver/Src/stm32f1xx_hal_rcc.o
 .debug_abbrev  0x000018f1      0x2b6 Drivers/STM32F1xx_HAL_Driver/Src/stm32f1xx_hal_rcc_ex.o
 .debug_abbrev  0x00001ba7      0x2f8 Drivers/STM32F1xx_HAL_Driver/Src/stm32f1xx_hal_rtc.o
 .debug_abbrev  0x00001e9f      0x2b7 Drivers/STM32F1xx_HAL_Driver/Src/stm32f1xx_hal_rtc_ex.o
 .debug_abbrev  0x00002156      0x2ef Drivers/STM32F1xx_HAL_Driver/Src/stm32f1xx_hal_tim.o
 .debug_abbrev  0x00002445      0x2e0 Drivers/STM32F1xx_HAL_Driver/Src/stm32f1xx_hal_tim_ex.o
 .debug_abbrev  0x00002725      0x25b CustPrj/BackgroundHandler.o
 .debug_abbrev  0x00002980      0x250 CustPrj/ClockHandler.o
 .debug_abbrev  0x00002bd0      0x275 CustPrj/GlobalStateMachine.o
 .debug_abbrev  0x00002e45      0x2c0 CustPrj/Driver/ILI9341/ILI9341_GFX.o
 .debug_abbrev  0x00003105      0x2e2 CustPrj/Driver/ILI9341/ILI9341_STM32_Driver.o

.debug_aranges  0x00000000      0xc50
 .debug_aranges
                0x00000000       0x28 startup/startup_stm32f107xc.o
 .debug_aranges
                0x00000028       0x58 Src/main.o
 .debug_aranges
                0x00000080       0x40 Src/stm32f1xx_hal_msp.o
 .debug_aranges
                0x000000c0       0x60 Src/stm32f1xx_it.o
 .debug_aranges
                0x00000120       0x28 Src/system_stm32f1xx.o
 .debug_aranges
                0x00000148       0xd0 Drivers/STM32F1xx_HAL_Driver/Src/stm32f1xx_hal.o
 .debug_aranges
                0x00000218       0x90 Drivers/STM32F1xx_HAL_Driver/Src/stm32f1xx_hal_cortex.o
 .debug_aranges
                0x000002a8       0x58 Drivers/STM32F1xx_HAL_Driver/Src/stm32f1xx_hal_gpio.o
 .debug_aranges
                0x00000300       0xa8 Drivers/STM32F1xx_HAL_Driver/Src/stm32f1xx_hal_pwr.o
 .debug_aranges
                0x000003a8       0x90 Drivers/STM32F1xx_HAL_Driver/Src/stm32f1xx_hal_rcc.o
 .debug_aranges
                0x00000438       0x50 Drivers/STM32F1xx_HAL_Driver/Src/stm32f1xx_hal_rcc_ex.o
 .debug_aranges
                0x00000488       0xf8 Drivers/STM32F1xx_HAL_Driver/Src/stm32f1xx_hal_rtc.o
 .debug_aranges
                0x00000580       0x88 Drivers/STM32F1xx_HAL_Driver/Src/stm32f1xx_hal_rtc_ex.o
 .debug_aranges
                0x00000608      0x368 Drivers/STM32F1xx_HAL_Driver/Src/stm32f1xx_hal_tim.o
 .debug_aranges
                0x00000970      0x138 Drivers/STM32F1xx_HAL_Driver/Src/stm32f1xx_hal_tim_ex.o
 .debug_aranges
                0x00000aa8       0x38 CustPrj/BackgroundHandler.o
 .debug_aranges
                0x00000ae0       0x30 CustPrj/ClockHandler.o
 .debug_aranges
                0x00000b10       0x38 CustPrj/GlobalStateMachine.o
 .debug_aranges
                0x00000b48       0x50 CustPrj/Driver/ILI9341/ILI9341_GFX.o
 .debug_aranges
                0x00000b98       0xb8 CustPrj/Driver/ILI9341/ILI9341_STM32_Driver.o

.debug_str      0x00000000   0x1832f1
 .debug_str     0x00000000       0x82 startup/startup_stm32f107xc.o
 .debug_str     0x00000082    0x9ec99 Src/main.o
                              0x9f105 (size before relaxing)
 .debug_str     0x0009ed1b       0xca Src/stm32f1xx_hal_msp.o
                              0x9ebff (size before relaxing)
 .debug_str     0x0009ede5       0xdb Src/stm32f1xx_it.o
                              0x9e2f0 (size before relaxing)
 .debug_str     0x0009eec0       0xf0 Src/system_stm32f1xx.o
                              0x9e35c (size before relaxing)
 .debug_str     0x0009efb0      0x40e Drivers/STM32F1xx_HAL_Driver/Src/stm32f1xx_hal.o
                              0x9ead3 (size before relaxing)
 .debug_str     0x0009f3be      0x250 Drivers/STM32F1xx_HAL_Driver/Src/stm32f1xx_hal_cortex.o
                              0x9ea1a (size before relaxing)
 .debug_str     0x0009f60e      0x30b Drivers/STM32F1xx_HAL_Driver/Src/stm32f1xx_hal_gpio.o
                              0x9e684 (size before relaxing)
 .debug_str     0x0009f919      0x4f8 Drivers/STM32F1xx_HAL_Driver/Src/stm32f1xx_hal_pwr.o
                              0x9e82f (size before relaxing)
 .debug_str     0x0009fe11      0x22d Drivers/STM32F1xx_HAL_Driver/Src/stm32f1xx_hal_rcc.o
                              0x9e746 (size before relaxing)
 .debug_str     0x000a003e      0x11f Drivers/STM32F1xx_HAL_Driver/Src/stm32f1xx_hal_rcc_ex.o
                              0x9e590 (size before relaxing)
 .debug_str     0x000a015d      0x3c5 Drivers/STM32F1xx_HAL_Driver/Src/stm32f1xx_hal_rtc.o
                              0x9e88e (size before relaxing)
 .debug_str     0x000a0522      0x1d0 Drivers/STM32F1xx_HAL_Driver/Src/stm32f1xx_hal_rtc_ex.o
                              0x9e6d0 (size before relaxing)
 .debug_str     0x000a06f2      0xcc3 Drivers/STM32F1xx_HAL_Driver/Src/stm32f1xx_hal_tim.o
                              0x9f3cb (size before relaxing)
 .debug_str     0x000a13b5      0x481 Drivers/STM32F1xx_HAL_Driver/Src/stm32f1xx_hal_tim_ex.o
                              0x9ec6d (size before relaxing)
 .debug_str     0x000a1836    0xe15eb CustPrj/BackgroundHandler.o
                             0x17f814 (size before relaxing)
 .debug_str     0x00182e21       0x8b CustPrj/ClockHandler.o
                              0x9e8e9 (size before relaxing)
 .debug_str     0x00182eac       0xab CustPrj/GlobalStateMachine.o
                              0x9e390 (size before relaxing)
 .debug_str     0x00182f57      0x245 CustPrj/Driver/ILI9341/ILI9341_GFX.o
                              0x9e78c (size before relaxing)
 .debug_str     0x0018319c      0x155 CustPrj/Driver/ILI9341/ILI9341_STM32_Driver.o
                              0x9e75b (size before relaxing)

.debug_ranges   0x00000000      0xbc8
 .debug_ranges  0x00000000       0x20 startup/startup_stm32f107xc.o
 .debug_ranges  0x00000020       0x48 Src/main.o
 .debug_ranges  0x00000068       0x30 Src/stm32f1xx_hal_msp.o
 .debug_ranges  0x00000098       0x50 Src/stm32f1xx_it.o
 .debug_ranges  0x000000e8       0x18 Src/system_stm32f1xx.o
 .debug_ranges  0x00000100       0xc0 Drivers/STM32F1xx_HAL_Driver/Src/stm32f1xx_hal.o
 .debug_ranges  0x000001c0       0xe0 Drivers/STM32F1xx_HAL_Driver/Src/stm32f1xx_hal_cortex.o
 .debug_ranges  0x000002a0       0x48 Drivers/STM32F1xx_HAL_Driver/Src/stm32f1xx_hal_gpio.o
 .debug_ranges  0x000002e8       0x98 Drivers/STM32F1xx_HAL_Driver/Src/stm32f1xx_hal_pwr.o
 .debug_ranges  0x00000380       0xa0 Drivers/STM32F1xx_HAL_Driver/Src/stm32f1xx_hal_rcc.o
 .debug_ranges  0x00000420       0x58 Drivers/STM32F1xx_HAL_Driver/Src/stm32f1xx_hal_rcc_ex.o
 .debug_ranges  0x00000478       0xe8 Drivers/STM32F1xx_HAL_Driver/Src/stm32f1xx_hal_rtc.o
 .debug_ranges  0x00000560       0x78 Drivers/STM32F1xx_HAL_Driver/Src/stm32f1xx_hal_rtc_ex.o
 .debug_ranges  0x000005d8      0x358 Drivers/STM32F1xx_HAL_Driver/Src/stm32f1xx_hal_tim.o
 .debug_ranges  0x00000930      0x128 Drivers/STM32F1xx_HAL_Driver/Src/stm32f1xx_hal_tim_ex.o
 .debug_ranges  0x00000a58       0x28 CustPrj/BackgroundHandler.o
 .debug_ranges  0x00000a80       0x20 CustPrj/ClockHandler.o
 .debug_ranges  0x00000aa0       0x28 CustPrj/GlobalStateMachine.o
 .debug_ranges  0x00000ac8       0x58 CustPrj/Driver/ILI9341/ILI9341_GFX.o
 .debug_ranges  0x00000b20       0xa8 CustPrj/Driver/ILI9341/ILI9341_STM32_Driver.o

.debug_loc      0x00000000     0x876e
 .debug_loc     0x00000000       0xb8 Src/main.o
 .debug_loc     0x000000b8       0x21 Src/stm32f1xx_hal_msp.o
 .debug_loc     0x000000d9      0x1c4 Src/system_stm32f1xx.o
 .debug_loc     0x0000029d       0xfd Drivers/STM32F1xx_HAL_Driver/Src/stm32f1xx_hal.o
 .debug_loc     0x0000039a      0x5ad Drivers/STM32F1xx_HAL_Driver/Src/stm32f1xx_hal_cortex.o
 .debug_loc     0x00000947      0x44e Drivers/STM32F1xx_HAL_Driver/Src/stm32f1xx_hal_gpio.o
 .debug_loc     0x00000d95       0xb5 Drivers/STM32F1xx_HAL_Driver/Src/stm32f1xx_hal_pwr.o
 .debug_loc     0x00000e4a      0x5d4 Drivers/STM32F1xx_HAL_Driver/Src/stm32f1xx_hal_rcc.o
 .debug_loc     0x0000141e      0x61e Drivers/STM32F1xx_HAL_Driver/Src/stm32f1xx_hal_rcc_ex.o
 .debug_loc     0x00001a3c     0x145f Drivers/STM32F1xx_HAL_Driver/Src/stm32f1xx_hal_rtc.o
 .debug_loc     0x00002e9b      0x51e Drivers/STM32F1xx_HAL_Driver/Src/stm32f1xx_hal_rtc_ex.o
 .debug_loc     0x000033b9     0x367a Drivers/STM32F1xx_HAL_Driver/Src/stm32f1xx_hal_tim.o
 .debug_loc     0x00006a33      0xf9e Drivers/STM32F1xx_HAL_Driver/Src/stm32f1xx_hal_tim_ex.o
 .debug_loc     0x000079d1      0x8fc CustPrj/Driver/ILI9341/ILI9341_GFX.o
 .debug_loc     0x000082cd      0x4a1 CustPrj/Driver/ILI9341/ILI9341_STM32_Driver.o

.debug_macro    0x00000000    0x1f136
 .debug_macro   0x00000000      0x30b Src/main.o
 .debug_macro   0x0000030b      0xa60 Src/main.o
 .debug_macro   0x00000d6b       0x88 Src/main.o
 .debug_macro   0x00000df3      0x169 Src/main.o
 .debug_macro   0x00000f5c       0x2e Src/main.o
 .debug_macro   0x00000f8a       0x22 Src/main.o
 .debug_macro   0x00000fac       0x22 Src/main.o
 .debug_macro   0x00000fce       0x87 Src/main.o
 .debug_macro   0x00001055       0x51 Src/main.o
 .debug_macro   0x000010a6       0xef Src/main.o
 .debug_macro   0x00001195       0x6a Src/main.o
 .debug_macro   0x000011ff      0x1df Src/main.o
 .debug_macro   0x000013de       0x34 Src/main.o
 .debug_macro   0x00001412       0x34 Src/main.o
 .debug_macro   0x00001446      0xb8e Src/main.o
 .debug_macro   0x00001fd4    0x164be Src/main.o
 .debug_macro   0x00018492       0x43 Src/main.o
 .debug_macro   0x000184d5       0x58 Src/main.o
 .debug_macro   0x0001852d       0x17 Src/main.o
 .debug_macro   0x00018544       0x35 Src/main.o
 .debug_macro   0x00018579       0x9c Src/main.o
 .debug_macro   0x00018615       0x16 Src/main.o
 .debug_macro   0x0001862b       0x97 Src/main.o
 .debug_macro   0x000186c2      0x330 Src/main.o
 .debug_macro   0x000189f2       0xfd Src/main.o
 .debug_macro   0x00018aef       0x10 Src/main.o
 .debug_macro   0x00018aff       0x58 Src/main.o
 .debug_macro   0x00018b57       0x1f Src/main.o
 .debug_macro   0x00018b76       0x43 Src/main.o
 .debug_macro   0x00018bb9       0x20 Src/main.o
 .debug_macro   0x00018bd9      0x18e Src/main.o
 .debug_macro   0x00018d67       0x10 Src/main.o
 .debug_macro   0x00018d77       0x1c Src/main.o
 .debug_macro   0x00018d93       0x52 Src/main.o
 .debug_macro   0x00018de5       0x40 Src/main.o
 .debug_macro   0x00018e25       0x10 Src/main.o
 .debug_macro   0x00018e35       0x40 Src/main.o
 .debug_macro   0x00018e75       0xd7 Src/main.o
 .debug_macro   0x00018f4c       0x1c Src/main.o
 .debug_macro   0x00018f68       0x3d Src/main.o
 .debug_macro   0x00018fa5       0x16 Src/main.o
 .debug_macro   0x00018fbb      0x16f Src/main.o
 .debug_macro   0x0001912a       0x50 Src/main.o
 .debug_macro   0x0001917a      0x5c2 Src/main.o
 .debug_macro   0x0001973c      0x6b9 Src/main.o
 .debug_macro   0x00019df5      0x1cb Src/main.o
 .debug_macro   0x00019fc0      0x11e Src/main.o
 .debug_macro   0x0001a0de      0x215 Src/main.o
 .debug_macro   0x0001a2f3       0x27 Src/main.o
 .debug_macro   0x0001a31a      0x1bc Src/main.o
 .debug_macro   0x0001a4d6       0x31 Src/main.o
 .debug_macro   0x0001a507       0x3c Src/main.o
 .debug_macro   0x0001a543       0x57 Src/main.o
 .debug_macro   0x0001a59a       0x8c Src/main.o
 .debug_macro   0x0001a626      0x250 Src/main.o
 .debug_macro   0x0001a876      0x143 Src/main.o
 .debug_macro   0x0001a9b9      0x1ef Src/main.o
 .debug_macro   0x0001aba8      0x1d2 Src/main.o
 .debug_macro   0x0001ad7a      0x84c Src/main.o
 .debug_macro   0x0001b5c6       0x1f Src/main.o
 .debug_macro   0x0001b5e5       0xe3 Src/main.o
 .debug_macro   0x0001b6c8      0x2fd Src/stm32f1xx_hal_msp.o
 .debug_macro   0x0001b9c5      0x307 Src/stm32f1xx_it.o
 .debug_macro   0x0001bccc      0x303 Src/system_stm32f1xx.o
 .debug_macro   0x0001bfcf      0x321 Drivers/STM32F1xx_HAL_Driver/Src/stm32f1xx_hal.o
 .debug_macro   0x0001c2f0      0x2fd Drivers/STM32F1xx_HAL_Driver/Src/stm32f1xx_hal_cortex.o
 .debug_macro   0x0001c5ed      0x36d Drivers/STM32F1xx_HAL_Driver/Src/stm32f1xx_hal_gpio.o
 .debug_macro   0x0001c95a      0x35d Drivers/STM32F1xx_HAL_Driver/Src/stm32f1xx_hal_pwr.o
 .debug_macro   0x0001ccb7      0x30f Drivers/STM32F1xx_HAL_Driver/Src/stm32f1xx_hal_rcc.o
 .debug_macro   0x0001cfc6      0x2fd Drivers/STM32F1xx_HAL_Driver/Src/stm32f1xx_hal_rcc_ex.o
 .debug_macro   0x0001d2c3      0x30c Drivers/STM32F1xx_HAL_Driver/Src/stm32f1xx_hal_rtc.o
 .debug_macro   0x0001d5cf      0x2fd Drivers/STM32F1xx_HAL_Driver/Src/stm32f1xx_hal_rtc_ex.o
 .debug_macro   0x0001d8cc      0x2fd Drivers/STM32F1xx_HAL_Driver/Src/stm32f1xx_hal_tim.o
 .debug_macro   0x0001dbc9      0x2fd Drivers/STM32F1xx_HAL_Driver/Src/stm32f1xx_hal_tim_ex.o
 .debug_macro   0x0001dec6      0x34c CustPrj/BackgroundHandler.o
 .debug_macro   0x0001e212       0x95 CustPrj/BackgroundHandler.o
 .debug_macro   0x0001e2a7      0x101 CustPrj/BackgroundHandler.o
 .debug_macro   0x0001e3a8       0x16 CustPrj/BackgroundHandler.o
 .debug_macro   0x0001e3be      0x322 CustPrj/ClockHandler.o
 .debug_macro   0x0001e6e0      0x31b CustPrj/GlobalStateMachine.o
 .debug_macro   0x0001e9fb      0x31e CustPrj/Driver/ILI9341/ILI9341_GFX.o
 .debug_macro   0x0001ed19       0xfb CustPrj/Driver/ILI9341/ILI9341_GFX.o
 .debug_macro   0x0001ee14       0x16 CustPrj/Driver/ILI9341/ILI9341_GFX.o
 .debug_macro   0x0001ee2a      0x30c CustPrj/Driver/ILI9341/ILI9341_STM32_Driver.o

.comment        0x00000000       0x7e
 .comment       0x00000000       0x7e Src/main.o
                                 0x7f (size before relaxing)
 .comment       0x0000007e       0x7f Src/stm32f1xx_hal_msp.o
 .comment       0x0000007e       0x7f Src/stm32f1xx_it.o
 .comment       0x0000007e       0x7f Src/system_stm32f1xx.o
 .comment       0x0000007e       0x7f Drivers/STM32F1xx_HAL_Driver/Src/stm32f1xx_hal.o
 .comment       0x0000007e       0x7f Drivers/STM32F1xx_HAL_Driver/Src/stm32f1xx_hal_cortex.o
 .comment       0x0000007e       0x7f Drivers/STM32F1xx_HAL_Driver/Src/stm32f1xx_hal_gpio.o
 .comment       0x0000007e       0x7f Drivers/STM32F1xx_HAL_Driver/Src/stm32f1xx_hal_pwr.o
 .comment       0x0000007e       0x7f Drivers/STM32F1xx_HAL_Driver/Src/stm32f1xx_hal_rcc.o
 .comment       0x0000007e       0x7f Drivers/STM32F1xx_HAL_Driver/Src/stm32f1xx_hal_rcc_ex.o
 .comment       0x0000007e       0x7f Drivers/STM32F1xx_HAL_Driver/Src/stm32f1xx_hal_rtc.o
 .comment       0x0000007e       0x7f Drivers/STM32F1xx_HAL_Driver/Src/stm32f1xx_hal_rtc_ex.o
 .comment       0x0000007e       0x7f Drivers/STM32F1xx_HAL_Driver/Src/stm32f1xx_hal_tim.o
 .comment       0x0000007e       0x7f Drivers/STM32F1xx_HAL_Driver/Src/stm32f1xx_hal_tim_ex.o
 .comment       0x0000007e       0x7f CustPrj/BackgroundHandler.o
 .comment       0x0000007e       0x7f CustPrj/ClockHandler.o
 .comment       0x0000007e       0x7f CustPrj/GlobalStateMachine.o
 .comment       0x0000007e       0x7f CustPrj/Driver/ILI9341/ILI9341_GFX.o
 .comment       0x0000007e       0x7f CustPrj/Driver/ILI9341/ILI9341_STM32_Driver.o

.debug_frame    0x00000000     0x23e0
 .debug_frame   0x00000000      0x100 Src/main.o
 .debug_frame   0x00000100       0x80 Src/stm32f1xx_hal_msp.o
 .debug_frame   0x00000180       0xa8 Src/stm32f1xx_it.o
 .debug_frame   0x00000228       0x3c Src/system_stm32f1xx.o
 .debug_frame   0x00000264      0x1ac Drivers/STM32F1xx_HAL_Driver/Src/stm32f1xx_hal.o
 .debug_frame   0x00000410      0x12c Drivers/STM32F1xx_HAL_Driver/Src/stm32f1xx_hal_cortex.o
 .debug_frame   0x0000053c       0xd4 Drivers/STM32F1xx_HAL_Driver/Src/stm32f1xx_hal_gpio.o
 .debug_frame   0x00000610      0x140 Drivers/STM32F1xx_HAL_Driver/Src/stm32f1xx_hal_pwr.o
 .debug_frame   0x00000750      0x178 Drivers/STM32F1xx_HAL_Driver/Src/stm32f1xx_hal_rcc.o
 .debug_frame   0x000008c8       0xe8 Drivers/STM32F1xx_HAL_Driver/Src/stm32f1xx_hal_rcc_ex.o
 .debug_frame   0x000009b0      0x358 Drivers/STM32F1xx_HAL_Driver/Src/stm32f1xx_hal_rtc.o
 .debug_frame   0x00000d08      0x134 Drivers/STM32F1xx_HAL_Driver/Src/stm32f1xx_hal_rtc_ex.o
 .debug_frame   0x00000e3c      0x9e0 Drivers/STM32F1xx_HAL_Driver/Src/stm32f1xx_hal_tim.o
 .debug_frame   0x0000181c      0x374 Drivers/STM32F1xx_HAL_Driver/Src/stm32f1xx_hal_tim_ex.o
 .debug_frame   0x00001b90       0x60 CustPrj/BackgroundHandler.o
 .debug_frame   0x00001bf0       0x64 CustPrj/ClockHandler.o
 .debug_frame   0x00001c54       0x68 CustPrj/GlobalStateMachine.o
 .debug_frame   0x00001cbc      0x118 CustPrj/Driver/ILI9341/ILI9341_GFX.o
 .debug_frame   0x00001dd4      0x214 CustPrj/Driver/ILI9341/ILI9341_STM32_Driver.o
 .debug_frame   0x00001fe8       0x2c d:/99_working/eclipse/plugins/fr.ac6.mcu.externaltools.arm-none.win32_1.16.0.201807130628/tools/compiler/bin/../lib/gcc/arm-none-eabi/7.2.1/thumb/v7-m\libgcc.a(_aeabi_uldivmod.o)
 .debug_frame   0x00002014       0x34 d:/99_working/eclipse/plugins/fr.ac6.mcu.externaltools.arm-none.win32_1.16.0.201807130628/tools/compiler/bin/../lib/gcc/arm-none-eabi/7.2.1/thumb/v7-m\libgcc.a(_udivmoddi4.o)
 .debug_frame   0x00002048       0x2c d:/99_working/eclipse/plugins/fr.ac6.mcu.externaltools.arm-none.win32_1.16.0.201807130628/tools/compiler/bin/../lib/gcc/arm-none-eabi/7.2.1/../../../../arm-none-eabi/lib/thumb/v7-m\libc_nano.a(lib_a-init.o)
 .debug_frame   0x00002074       0x6c d:/99_working/eclipse/plugins/fr.ac6.mcu.externaltools.arm-none.win32_1.16.0.201807130628/tools/compiler/bin/../lib/gcc/arm-none-eabi/7.2.1/../../../../arm-none-eabi/lib/thumb/v7-m\libc_nano.a(lib_a-sprintf.o)
 .debug_frame   0x000020e0       0x90 d:/99_working/eclipse/plugins/fr.ac6.mcu.externaltools.arm-none.win32_1.16.0.201807130628/tools/compiler/bin/../lib/gcc/arm-none-eabi/7.2.1/../../../../arm-none-eabi/lib/thumb/v7-m\libc_nano.a(lib_a-nano-svfprintf.o)
 .debug_frame   0x00002170       0x60 d:/99_working/eclipse/plugins/fr.ac6.mcu.externaltools.arm-none.win32_1.16.0.201807130628/tools/compiler/bin/../lib/gcc/arm-none-eabi/7.2.1/../../../../arm-none-eabi/lib/thumb/v7-m\libc_nano.a(lib_a-nano-vfprintf_i.o)
 .debug_frame   0x000021d0       0x28 d:/99_working/eclipse/plugins/fr.ac6.mcu.externaltools.arm-none.win32_1.16.0.201807130628/tools/compiler/bin/../lib/gcc/arm-none-eabi/7.2.1/../../../../arm-none-eabi/lib/thumb/v7-m\libc_nano.a(lib_a-memchr-stub.o)
 .debug_frame   0x000021f8       0x28 d:/99_working/eclipse/plugins/fr.ac6.mcu.externaltools.arm-none.win32_1.16.0.201807130628/tools/compiler/bin/../lib/gcc/arm-none-eabi/7.2.1/../../../../arm-none-eabi/lib/thumb/v7-m\libc_nano.a(lib_a-memcpy-stub.o)
 .debug_frame   0x00002220       0x28 d:/99_working/eclipse/plugins/fr.ac6.mcu.externaltools.arm-none.win32_1.16.0.201807130628/tools/compiler/bin/../lib/gcc/arm-none-eabi/7.2.1/../../../../arm-none-eabi/lib/thumb/v7-m\libc_nano.a(lib_a-memmove.o)
 .debug_frame   0x00002248       0x38 d:/99_working/eclipse/plugins/fr.ac6.mcu.externaltools.arm-none.win32_1.16.0.201807130628/tools/compiler/bin/../lib/gcc/arm-none-eabi/7.2.1/../../../../arm-none-eabi/lib/thumb/v7-m\libc_nano.a(lib_a-nano-freer.o)
 .debug_frame   0x00002280       0x2c d:/99_working/eclipse/plugins/fr.ac6.mcu.externaltools.arm-none.win32_1.16.0.201807130628/tools/compiler/bin/../lib/gcc/arm-none-eabi/7.2.1/../../../../arm-none-eabi/lib/thumb/v7-m\libc_nano.a(lib_a-nano-mallocr.o)
 .debug_frame   0x000022ac       0x3c d:/99_working/eclipse/plugins/fr.ac6.mcu.externaltools.arm-none.win32_1.16.0.201807130628/tools/compiler/bin/../lib/gcc/arm-none-eabi/7.2.1/../../../../arm-none-eabi/lib/thumb/v7-m\libc_nano.a(lib_a-nano-reallocr.o)
 .debug_frame   0x000022e8       0x2c d:/99_working/eclipse/plugins/fr.ac6.mcu.externaltools.arm-none.win32_1.16.0.201807130628/tools/compiler/bin/../lib/gcc/arm-none-eabi/7.2.1/../../../../arm-none-eabi/lib/thumb/v7-m\libc_nano.a(lib_a-sbrkr.o)
 .debug_frame   0x00002314       0x30 d:/99_working/eclipse/plugins/fr.ac6.mcu.externaltools.arm-none.win32_1.16.0.201807130628/tools/compiler/bin/../lib/gcc/arm-none-eabi/7.2.1/../../../../arm-none-eabi/lib/thumb/v7-m\libc_nano.a(lib_a-mlock.o)
 .debug_frame   0x00002344       0x20 d:/99_working/eclipse/plugins/fr.ac6.mcu.externaltools.arm-none.win32_1.16.0.201807130628/tools/compiler/bin/../lib/gcc/arm-none-eabi/7.2.1/../../../../arm-none-eabi/lib/thumb/v7-m\libc_nano.a(lib_a-nano-msizer.o)
 .debug_frame   0x00002364       0x5c d:/99_working/eclipse/plugins/fr.ac6.mcu.externaltools.arm-none.win32_1.16.0.201807130628/tools/compiler/bin/../lib/gcc/arm-none-eabi/7.2.1/../../../../arm-none-eabi/lib/thumb/v7-m\libc_nano.a(lib_a-reent.o)
 .debug_frame   0x000023c0       0x20 d:/99_working/eclipse/plugins/fr.ac6.mcu.externaltools.arm-none.win32_1.16.0.201807130628/tools/compiler/bin/../lib/gcc/arm-none-eabi/7.2.1/../../../../arm-none-eabi/lib/thumb/v7-m\libnosys.a(sbrk.o)
