Archive member included to satisfy reference by file (symbol)

d:/99_working/eclipse/plugins/fr.ac6.mcu.externaltools.arm-none.win32_1.16.0.201807130628/tools/compiler/bin/../lib/gcc/arm-none-eabi/7.2.1/thumb/v7-m\libgcc.a(_arm_addsubdf3.o)
                              CustPrj/Driver/ILI9341/ILI9341_Touchscreen.o (__aeabi_i2d)
d:/99_working/eclipse/plugins/fr.ac6.mcu.externaltools.arm-none.win32_1.16.0.201807130628/tools/compiler/bin/../lib/gcc/arm-none-eabi/7.2.1/thumb/v7-m\libgcc.a(_arm_muldivdf3.o)
                              CustPrj/Driver/ILI9341/ILI9341_Touchscreen.o (__aeabi_dmul)
d:/99_working/eclipse/plugins/fr.ac6.mcu.externaltools.arm-none.win32_1.16.0.201807130628/tools/compiler/bin/../lib/gcc/arm-none-eabi/7.2.1/thumb/v7-m\libgcc.a(_arm_fixunsdfsi.o)
                              CustPrj/Driver/ILI9341/ILI9341_Touchscreen.o (__aeabi_d2uiz)
d:/99_working/eclipse/plugins/fr.ac6.mcu.externaltools.arm-none.win32_1.16.0.201807130628/tools/compiler/bin/../lib/gcc/arm-none-eabi/7.2.1/thumb/v7-m\libgcc.a(_arm_addsubsf3.o)
                              CustPrj/Driver/ILI9341/ILI9341_GFX.o (__aeabi_i2f)
d:/99_working/eclipse/plugins/fr.ac6.mcu.externaltools.arm-none.win32_1.16.0.201807130628/tools/compiler/bin/../lib/gcc/arm-none-eabi/7.2.1/thumb/v7-m\libgcc.a(_arm_cmpsf2.o)
                              CustPrj/Driver/ILI9341/ILI9341_GFX.o (__aeabi_fcmplt)
d:/99_working/eclipse/plugins/fr.ac6.mcu.externaltools.arm-none.win32_1.16.0.201807130628/tools/compiler/bin/../lib/gcc/arm-none-eabi/7.2.1/thumb/v7-m\libgcc.a(_aeabi_uldivmod.o)
                              Drivers/STM32F1xx_HAL_Driver/Src/stm32f1xx_hal_rcc.o (__aeabi_uldivmod)
d:/99_working/eclipse/plugins/fr.ac6.mcu.externaltools.arm-none.win32_1.16.0.201807130628/tools/compiler/bin/../lib/gcc/arm-none-eabi/7.2.1/thumb/v7-m\libgcc.a(_udivmoddi4.o)
                              d:/99_working/eclipse/plugins/fr.ac6.mcu.externaltools.arm-none.win32_1.16.0.201807130628/tools/compiler/bin/../lib/gcc/arm-none-eabi/7.2.1/thumb/v7-m\libgcc.a(_aeabi_uldivmod.o) (__udivmoddi4)
d:/99_working/eclipse/plugins/fr.ac6.mcu.externaltools.arm-none.win32_1.16.0.201807130628/tools/compiler/bin/../lib/gcc/arm-none-eabi/7.2.1/thumb/v7-m\libgcc.a(_dvmd_tls.o)
                              d:/99_working/eclipse/plugins/fr.ac6.mcu.externaltools.arm-none.win32_1.16.0.201807130628/tools/compiler/bin/../lib/gcc/arm-none-eabi/7.2.1/thumb/v7-m\libgcc.a(_aeabi_uldivmod.o) (__aeabi_ldiv0)
d:/99_working/eclipse/plugins/fr.ac6.mcu.externaltools.arm-none.win32_1.16.0.201807130628/tools/compiler/bin/../lib/gcc/arm-none-eabi/7.2.1/../../../../arm-none-eabi/lib/thumb/v7-m\libc_nano.a(lib_a-exit.o)
                              d:/99_working/eclipse/plugins/fr.ac6.mcu.externaltools.arm-none.win32_1.16.0.201807130628/tools/compiler/bin/../lib/gcc/arm-none-eabi/7.2.1/../../../../arm-none-eabi/lib/thumb/v7-m/crt0.o (exit)
d:/99_working/eclipse/plugins/fr.ac6.mcu.externaltools.arm-none.win32_1.16.0.201807130628/tools/compiler/bin/../lib/gcc/arm-none-eabi/7.2.1/../../../../arm-none-eabi/lib/thumb/v7-m\libc_nano.a(lib_a-impure.o)
                              d:/99_working/eclipse/plugins/fr.ac6.mcu.externaltools.arm-none.win32_1.16.0.201807130628/tools/compiler/bin/../lib/gcc/arm-none-eabi/7.2.1/../../../../arm-none-eabi/lib/thumb/v7-m\libc_nano.a(lib_a-exit.o) (_global_impure_ptr)
d:/99_working/eclipse/plugins/fr.ac6.mcu.externaltools.arm-none.win32_1.16.0.201807130628/tools/compiler/bin/../lib/gcc/arm-none-eabi/7.2.1/../../../../arm-none-eabi/lib/thumb/v7-m\libc_nano.a(lib_a-init.o)
                              d:/99_working/eclipse/plugins/fr.ac6.mcu.externaltools.arm-none.win32_1.16.0.201807130628/tools/compiler/bin/../lib/gcc/arm-none-eabi/7.2.1/../../../../arm-none-eabi/lib/thumb/v7-m/crt0.o (__libc_init_array)
d:/99_working/eclipse/plugins/fr.ac6.mcu.externaltools.arm-none.win32_1.16.0.201807130628/tools/compiler/bin/../lib/gcc/arm-none-eabi/7.2.1/../../../../arm-none-eabi/lib/thumb/v7-m\libc_nano.a(lib_a-memset.o)
                              d:/99_working/eclipse/plugins/fr.ac6.mcu.externaltools.arm-none.win32_1.16.0.201807130628/tools/compiler/bin/../lib/gcc/arm-none-eabi/7.2.1/../../../../arm-none-eabi/lib/thumb/v7-m/crt0.o (memset)
d:/99_working/eclipse/plugins/fr.ac6.mcu.externaltools.arm-none.win32_1.16.0.201807130628/tools/compiler/bin/../lib/gcc/arm-none-eabi/7.2.1/../../../../arm-none-eabi/lib/thumb/v7-m\libc_nano.a(lib_a-sprintf.o)
                              CustPrj/ClockHandler.o (sprintf)
d:/99_working/eclipse/plugins/fr.ac6.mcu.externaltools.arm-none.win32_1.16.0.201807130628/tools/compiler/bin/../lib/gcc/arm-none-eabi/7.2.1/../../../../arm-none-eabi/lib/thumb/v7-m\libc_nano.a(lib_a-nano-svfprintf.o)
[...]
Memory Configuration

Name             Origin             Length             Attributes
RAM              0x20000000         0x00010000         xrw
FLASH            0x08000000         0x00040000         xr
*default*        0x00000000         0xffffffff

Linker script and memory map

LOAD d:/99_working/eclipse/plugins/fr.ac6.mcu.externaltools.arm-none.win32_1.16.0.201807130628/tools/compiler/bin/../lib/gcc/arm-none-eabi/7.2.1/thumb/v7-m/crti.o
LOAD d:/99_working/eclipse/plugins/fr.ac6.mcu.externaltools.arm-none.win32_1.16.0.201807130628/tools/compiler/bin/../lib/gcc/arm-none-eabi/7.2.1/thumb/v7-m/crtbegin.o
LOAD d:/99_working/eclipse/plugins/fr.ac6.mcu.externaltools.arm-none.win32_1.16.0.201807130628/tools/compiler/bin/../lib/gcc/arm-none-eabi/7.2.1/../../../../arm-none-eabi/lib/thumb/v7-m/crt0.o
LOAD startup/startup_stm32f107xc.o
LOAD Src/main.o
LOAD Src/stm32f1xx_hal_msp.o
LOAD Src/stm32f1xx_it.o
LOAD Src/system_stm32f1xx.o
LOAD Drivers/STM32F1xx_HAL_Driver/Src/stm32f1xx_hal.o
LOAD Drivers/STM32F1xx_HAL_Driver/Src/stm32f1xx_hal_cortex.o
LOAD Drivers/STM32F1xx_HAL_Driver/Src/stm32f1xx_hal_dma.o
LOAD Drivers/STM32F1xx_HAL_Driver/Src/stm32f1xx_hal_flash.o
LOAD Drivers/STM32F1xx_HAL_Driver/Src/stm32f1xx_hal_flash_ex.o
LOAD Drivers/STM32F1xx_HAL_Driver/Src/stm32f1xx_hal_gpio.o
LOAD Drivers/STM32F1xx_HAL_Driver/Src/stm32f1xx_hal_gpio_ex.o
LOAD Drivers/STM32F1xx_HAL_Driver/Src/stm32f1xx_hal_pwr.o
LOAD Drivers/STM32F1xx_HAL_Driver/Src/stm32f1xx_hal_rcc.o
LOAD Drivers/STM32F1xx_HAL_Driver/Src/stm32f1xx_hal_rcc_ex.o
LOAD Drivers/STM32F1xx_HAL_Driver/Src/stm32f1xx_hal_rtc.o
LOAD Drivers/STM32F1xx_HAL_Driver/Src/stm32f1xx_hal_rtc_ex.o
LOAD Drivers/STM32F1xx_HAL_Driver/Src/stm32f1xx_hal_tim.o
LOAD Drivers/STM32F1xx_HAL_Driver/Src/stm32f1xx_hal_tim_ex.o
LOAD CustPrj/BackgroundHandler.o
LOAD CustPrj/ClockHandler.o
LOAD CustPrj/GlobalStateMachine.o
LOAD CustPrj/SettingControl.o
LOAD CustPrj/TouchScreenHandler.o
LOAD CustPrj/Driver/ILI9341/ILI9341_GFX.o
LOAD CustPrj/Driver/ILI9341/ILI9341_STM32_Driver.o
LOAD CustPrj/Driver/ILI9341/ILI9341_Touchscreen.o
LOAD d:/99_working/eclipse/plugins/fr.ac6.mcu.externaltools.arm-none.win32_1.16.0.201807130628/tools/compiler/bin/../lib/gcc/arm-none-eabi/7.2.1/../../../../arm-none-eabi/lib/thumb/v7-m\libm.a
START GROUP
LOAD d:/99_working/eclipse/plugins/fr.ac6.mcu.externaltools.arm-none.win32_1.16.0.201807130628/tools/compiler/bin/../lib/gcc/arm-none-eabi/7.2.1/thumb/v7-m\libgcc.a
LOAD d:/99_working/eclipse/plugins/fr.ac6.mcu.externaltools.arm-none.win32_1.16.0.201807130628/tools/compiler/bin/../lib/gcc/arm-none-eabi/7.2.1/../../../../arm-none-eabi/lib/thumb/v7-m\libc_nano.a
END GROUP
START GROUP
LOAD d:/99_working/eclipse/plugins/fr.ac6.mcu.externaltools.arm-none.win32_1.16.0.201807130628/tools/compiler/bin/../lib/gcc/arm-none-eabi/7.2.1/thumb/v7-m\libgcc.a
LOAD d:/99_working/eclipse/plugins/fr.ac6.mcu.externaltools.arm-none.win32_1.16.0.201807130628/tools/compiler/bin/../lib/gcc/arm-none-eabi/7.2.1/../../../../arm-none-eabi/lib/thumb/v7-m\libc_nano.a
LOAD d:/99_working/eclipse/plugins/fr.ac6.mcu.externaltools.arm-none.win32_1.16.0.201807130628/tools/compiler/bin/../lib/gcc/arm-none-eabi/7.2.1/../../../../arm-none-eabi/lib/thumb/v7-m\libnosys.a
END GROUP
START GROUP
LOAD d:/99_working/eclipse/plugins/fr.ac6.mcu.externaltools.arm-none.win32_1.16.0.201807130628/tools/compiler/bin/../lib/gcc/arm-none-eabi/7.2.1/thumb/v7-m\libgcc.a
LOAD d:/99_working/eclipse/plugins/fr.ac6.mcu.externaltools.arm-none.win32_1.16.0.201807130628/tools/compiler/bin/../lib/gcc/arm-none-eabi/7.2.1/../../../../arm-none-eabi/lib/thumb/v7-m\libc_nano.a
LOAD d:/99_working/eclipse/plugins/fr.ac6.mcu.externaltools.arm-none.win32_1.16.0.201807130628/tools/compiler/bin/../lib/gcc/arm-none-eabi/7.2.1/../../../../arm-none-eabi/lib/thumb/v7-m\libnosys.a
END GROUP
LOAD d:/99_working/eclipse/plugins/fr.ac6.mcu.externaltools.arm-none.win32_1.16.0.201807130628/tools/compiler/bin/../lib/gcc/arm-none-eabi/7.2.1/thumb/v7-m/crtend.o
LOAD d:/99_working/eclipse/plugins/fr.ac6.mcu.externaltools.arm-none.win32_1.16.0.201807130628/tools/compiler/bin/../lib/gcc/arm-none-eabi/7.2.1/thumb/v7-m/crtn.o
                0x20010000                _estack = 0x20010000
                0x00000200                _Min_Heap_Size = 0x200
                0x00000400                _Min_Stack_Size = 0x400

.isr_vector     0x08000000      0x1e4
                0x08000000                . = ALIGN (0x4)
 *(.isr_vector)
 .isr_vector    0x08000000      0x1e4 startup/startup_stm32f107xc.o
                0x08000000                g_pfnVectors
                0x080001e4                . = ALIGN (0x4)

.text           0x080001e8     0x3c78
                0x080001e8                . = ALIGN (0x4)
 *(.text)
 .text          0x080001e8       0x40 d:/99_working/eclipse/plugins/fr.ac6.mcu.externaltools.arm-none.win32_1.16.0.201807130628/tools/compiler/bin/../lib/gcc/arm-none-eabi/7.2.1/thumb/v7-m/crtbegin.o
 .text          0x08000228      0x378 d:/99_working/eclipse/plugins/fr.ac6.mcu.externaltools.arm-none.win32_1.16.0.201807130628/tools/compiler/bin/../lib/gcc/arm-none-eabi/7.2.1/thumb/v7-m\libgcc.a(_arm_addsubdf3.o)
                0x08000228                __aeabi_drsub
                0x08000230                __aeabi_dsub
                0x08000230                __subdf3
                0x08000234                __aeabi_dadd
                0x08000234                __adddf3
                0x080004ac                __floatunsidf
                0x080004ac                __aeabi_ui2d
                0x080004cc                __floatsidf
                0x080004cc                __aeabi_i2d
                0x080004f0                __aeabi_f2d
                0x080004f0                __extendsfdf2
                0x08000534                __floatundidf
                0x08000534                __aeabi_ul2d
                0x08000544                __floatdidf
                0x08000544                __aeabi_l2d
 .text          0x080005a0      0x424 d:/99_working/eclipse/plugins/fr.ac6.mcu.externaltools.arm-none.win32_1.16.0.201807130628/tools/compiler/bin/../lib/gcc/arm-none-eabi/7.2.1/thumb/v7-m\libgcc.a(_arm_muldivdf3.o)
                0x080005a0                __aeabi_dmul
                0x080005a0                __muldf3
                0x080007f4                __divdf3
                0x080007f4                __aeabi_ddiv
 .text          0x080009c4       0x40 d:/99_working/eclipse/plugins/fr.ac6.mcu.externaltools.arm-none.win32_1.16.0.201807130628/tools/compiler/bin/../lib/gcc/arm-none-eabi/7.2.1/thumb/v7-m\libgcc.a(_arm_fixunsdfsi.o)
                0x080009c4                __aeabi_d2uiz
                0x080009c4                __fixunsdfsi
 .text          0x08000a04       0x30 d:/99_working/eclipse/plugins/fr.ac6.mcu.externaltools.arm-none.win32_1.16.0.201807130628/tools/compiler/bin/../lib/gcc/arm-none-eabi/7.2.1/thumb/v7-m\libgcc.a(_aeabi_uldivmod.o)
                0x08000a04                __aeabi_uldivmod
 .text          0x08000a34      0x2d0 d:/99_working/eclipse/plugins/fr.ac6.mcu.externaltools.arm-none.win32_1.16.0.201807130628/tools/compiler/bin/../lib/gcc/arm-none-eabi/7.2.1/thumb/v7-m\libgcc.a(_udivmoddi4.o)
                0x08000a34                __udivmoddi4
 .text          0x08000d04        0x4 d:/99_working/eclipse/plugins/fr.ac6.mcu.externaltools.arm-none.win32_1.16.0.201807130628/tools/compiler/bin/../lib/gcc/arm-none-eabi/7.2.1/thumb/v7-m\libgcc.a(_dvmd_tls.o)
                0x08000d04                __aeabi_idiv0
                0x08000d04                __aeabi_ldiv0
 *(.text*)
 .text.Reset_Handler
                0x08000d08       0x48 startup/startup_stm32f107xc.o
                0x08000d08                Reset_Handler
 .text.Default_Handler
                0x08000d50        0x2 startup/startup_stm32f107xc.o
                0x08000d50                RTC_Alarm_IRQHandler
                0x08000d50                EXTI2_IRQHandler
                0x08000d50                TIM1_CC_IRQHandler
                0x08000d50                TIM6_IRQHandler
                0x08000d50                PVD_IRQHandler
                0x08000d50                CAN2_RX1_IRQHandler
                0x08000d50                EXTI3_IRQHandler
                0x08000d50                EXTI0_IRQHandler
                0x08000d50                I2C2_EV_IRQHandler
                0x08000d50                CAN1_RX0_IRQHandler
                0x08000d50                CAN2_SCE_IRQHandler
                0x08000d50                ADC1_2_IRQHandler
                0x08000d50                SPI1_IRQHandler
                0x08000d50                TAMPER_IRQHandler
                0x08000d50                CAN2_RX0_IRQHandler
                0x08000d50                DMA2_Channel2_IRQHandler
                0x08000d50                DMA1_Channel4_IRQHandler
                0x08000d50                USART3_IRQHandler
                0x08000d50                RTC_IRQHandler
                0x08000d50                DMA1_Channel7_IRQHandler
                0x08000d50                CAN1_RX1_IRQHandler
                0x08000d50                UART5_IRQHandler
                0x08000d50                TIM4_IRQHandler
                0x08000d50                DMA2_Channel1_IRQHandler
                0x08000d50                I2C1_EV_IRQHandler
                0x08000d50                DMA1_Channel6_IRQHandler
                0x08000d50                UART4_IRQHandler
                0x08000d50                DMA2_Channel4_IRQHandler
                0x08000d50                TIM3_IRQHandler
                0x08000d50                RCC_IRQHandler
                0x08000d50                TIM1_TRG_COM_IRQHandler
                0x08000d50                DMA1_Channel1_IRQHandler
                0x08000d50                Default_Handler
                0x08000d50                EXTI15_10_IRQHandler
                0x08000d50                TIM7_IRQHandler
                0x08000d50                CAN2_TX_IRQHandler
                0x08000d50                TIM5_IRQHandler
                0x08000d50                EXTI9_5_IRQHandler
                0x08000d50                ETH_WKUP_IRQHandler
                0x08000d50                SPI2_IRQHandler
                0x08000d50                CAN1_TX_IRQHandler
                0x08000d50                DMA2_Channel5_IRQHandler
                0x08000d50                DMA1_Channel5_IRQHandler
                0x08000d50                EXTI4_IRQHandler
                0x08000d50                DMA1_Channel3_IRQHandler
                0x08000d50                ETH_IRQHandler
                0x08000d50                TIM1_UP_IRQHandler
                0x08000d50                WWDG_IRQHandler
                0x08000d50                TIM2_IRQHandler
                0x08000d50                OTG_FS_WKUP_IRQHandler
                0x08000d50                TIM1_BRK_IRQHandler
                0x08000d50                EXTI1_IRQHandler
                0x08000d50                USART2_IRQHandler
                0x08000d50                I2C2_ER_IRQHandler
                0x08000d50                DMA1_Channel2_IRQHandler
                0x08000d50                CAN1_SCE_IRQHandler
                0x08000d50                FLASH_IRQHandler
                0x08000d50                USART1_IRQHandler
                0x08000d50                OTG_FS_IRQHandler
                0x08000d50                SPI3_IRQHandler
                0x08000d50                I2C1_ER_IRQHandler
                0x08000d50                DMA2_Channel3_IRQHandler
 *fill*         0x08000d52        0x2 
 .text.MX_GPIO_Init
                0x08000d54       0xd8 Src/main.o
 .text.rtc_read_backup_reg
                0x08000e2c       0x20 Src/main.o
                0x08000e2c                rtc_read_backup_reg
 .text.rtc_write_backup_reg
                0x08000e4c       0x2c Src/main.o
                0x08000e4c                rtc_write_backup_reg
 .text._Error_Handler
                0x08000e78        0x2 Src/main.o
                0x08000e78                _Error_Handler
 *fill*         0x08000e7a        0x2 
 .text.MX_TIM1_Init
                0x08000e7c       0x70 Src/main.o
 .text.MX_RTC_Init
                0x08000eec       0x9c Src/main.o
 .text.SystemClock_Config
                0x08000f88       0xa4 Src/main.o
                0x08000f88                SystemClock_Config
 .text.main     0x0800102c       0x1c Src/main.o
                0x0800102c                main
 .text.HAL_MspInit
                0x08001048       0xa0 Src/stm32f1xx_hal_msp.o
                0x08001048                HAL_MspInit
 .text.HAL_RTC_MspInit
                0x080010e8       0x40 Src/stm32f1xx_hal_msp.o
                0x080010e8                HAL_RTC_MspInit
 .text.HAL_TIM_Base_MspInit
                0x08001128       0x2c Src/stm32f1xx_hal_msp.o
                0x08001128                HAL_TIM_Base_MspInit
 .text.NMI_Handler
                0x08001154        0x2 Src/stm32f1xx_it.o
                0x08001154                NMI_Handler
 .text.HardFault_Handler
                0x08001156        0x2 Src/stm32f1xx_it.o
                0x08001156                HardFault_Handler
 .text.MemManage_Handler
                0x08001158        0x2 Src/stm32f1xx_it.o
                0x08001158                MemManage_Handler
 .text.BusFault_Handler
                0x0800115a        0x2 Src/stm32f1xx_it.o
                0x0800115a                BusFault_Handler
 .text.UsageFault_Handler
                0x0800115c        0x2 Src/stm32f1xx_it.o
                0x0800115c                UsageFault_Handler
 .text.SVC_Handler
                0x0800115e        0x2 Src/stm32f1xx_it.o
                0x0800115e                SVC_Handler
 .text.DebugMon_Handler
                0x08001160        0x2 Src/stm32f1xx_it.o
                0x08001160                DebugMon_Handler
 .text.PendSV_Handler
                0x08001162        0x2 Src/stm32f1xx_it.o
                0x08001162                PendSV_Handler
 .text.SysTick_Handler
                0x08001164        0xc Src/stm32f1xx_it.o
                0x08001164                SysTick_Handler
 .text.SystemInit
                0x08001170       0x58 Src/system_stm32f1xx.o
                0x08001170                SystemInit
 .text.HAL_InitTick
                0x080011c8       0x48 Drivers/STM32F1xx_HAL_Driver/Src/stm32f1xx_hal.o
                0x080011c8                HAL_InitTick
 .text.HAL_Init
                0x08001210       0x24 Drivers/STM32F1xx_HAL_Driver/Src/stm32f1xx_hal.o
                0x08001210                HAL_Init
 .text.HAL_IncTick
                0x08001234       0x18 Drivers/STM32F1xx_HAL_Driver/Src/stm32f1xx_hal.o
                0x08001234                HAL_IncTick
 .text.HAL_GetTick
                0x0800124c        0xc Drivers/STM32F1xx_HAL_Driver/Src/stm32f1xx_hal.o
                0x0800124c                HAL_GetTick
 .text.HAL_Delay
                0x08001258       0x28 Drivers/STM32F1xx_HAL_Driver/Src/stm32f1xx_hal.o
                0x08001258                HAL_Delay
 .text.HAL_NVIC_SetPriorityGrouping
                0x08001280       0x24 Drivers/STM32F1xx_HAL_Driver/Src/stm32f1xx_hal_cortex.o
                0x08001280                HAL_NVIC_SetPriorityGrouping
 .text.HAL_NVIC_SetPriority
                0x080012a4       0x68 Drivers/STM32F1xx_HAL_Driver/Src/stm32f1xx_hal_cortex.o
                0x080012a4                HAL_NVIC_SetPriority
 .text.HAL_SYSTICK_Config
                0x0800130c       0x2c Drivers/STM32F1xx_HAL_Driver/Src/stm32f1xx_hal_cortex.o
                0x0800130c                HAL_SYSTICK_Config
 .text.HAL_SYSTICK_CLKSourceConfig
                0x08001338       0x20 Drivers/STM32F1xx_HAL_Driver/Src/stm32f1xx_hal_cortex.o
                0x08001338                HAL_SYSTICK_CLKSourceConfig
 .text.HAL_SYSTICK_Callback
                0x08001358        0x2 Drivers/STM32F1xx_HAL_Driver/Src/stm32f1xx_hal_cortex.o
                0x08001358                HAL_SYSTICK_Callback
 .text.HAL_SYSTICK_IRQHandler
                0x0800135a        0x8 Drivers/STM32F1xx_HAL_Driver/Src/stm32f1xx_hal_cortex.o
                0x0800135a                HAL_SYSTICK_IRQHandler
 *fill*         0x08001362        0x2 
 .text.HAL_GPIO_Init
                0x08001364      0x1d4 Drivers/STM32F1xx_HAL_Driver/Src/stm32f1xx_hal_gpio.o
                0x08001364                HAL_GPIO_Init
 .text.HAL_GPIO_ReadPin
                0x08001538        0xe Drivers/STM32F1xx_HAL_Driver/Src/stm32f1xx_hal_gpio.o
                0x08001538                HAL_GPIO_ReadPin
 .text.HAL_GPIO_WritePin
                0x08001546        0xc Drivers/STM32F1xx_HAL_Driver/Src/stm32f1xx_hal_gpio.o
                0x08001546                HAL_GPIO_WritePin
 *fill*         0x08001552        0x2 
 .text.HAL_PWR_EnableBkUpAccess
                0x08001554        0xc Drivers/STM32F1xx_HAL_Driver/Src/stm32f1xx_hal_pwr.o
                0x08001554                HAL_PWR_EnableBkUpAccess
 .text.HAL_PWR_DisableBkUpAccess
                0x08001560        0xc Drivers/STM32F1xx_HAL_Driver/Src/stm32f1xx_hal_pwr.o
                0x08001560                HAL_PWR_DisableBkUpAccess
 .text.RCC_Delay
                0x0800156c       0x2c Drivers/STM32F1xx_HAL_Driver/Src/stm32f1xx_hal_rcc.o
 .text.HAL_RCC_OscConfig
                0x08001598      0x4c0 Drivers/STM32F1xx_HAL_Driver/Src/stm32f1xx_hal_rcc.o
                0x08001598                HAL_RCC_OscConfig
 .text.HAL_RCC_GetSysClockFreq
                0x08001a58       0xb8 Drivers/STM32F1xx_HAL_Driver/Src/stm32f1xx_hal_rcc.o
                0x08001a58                HAL_RCC_GetSysClockFreq
 .text.HAL_RCC_ClockConfig
                0x08001b10      0x178 Drivers/STM32F1xx_HAL_Driver/Src/stm32f1xx_hal_rcc.o
                0x08001b10                HAL_RCC_ClockConfig
 .text.HAL_RCC_GetHCLKFreq
                0x08001c88        0xc Drivers/STM32F1xx_HAL_Driver/Src/stm32f1xx_hal_rcc.o
                0x08001c88                HAL_RCC_GetHCLKFreq
 .text.HAL_RCC_GetPCLK2Freq
                0x08001c94       0x20 Drivers/STM32F1xx_HAL_Driver/Src/stm32f1xx_hal_rcc.o
                0x08001c94                HAL_RCC_GetPCLK2Freq
 .text.HAL_RCCEx_PeriphCLKConfig
                0x08001cb4      0x1cc Drivers/STM32F1xx_HAL_Driver/Src/stm32f1xx_hal_rcc_ex.o
                0x08001cb4                HAL_RCCEx_PeriphCLKConfig
 .text.HAL_RCCEx_GetPeriphCLKFreq
                0x08001e80      0x1c4 Drivers/STM32F1xx_HAL_Driver/Src/stm32f1xx_hal_rcc_ex.o
                0x08001e80                HAL_RCCEx_GetPeriphCLKFreq
 .text.RTC_ReadTimeCounter
                0x08002044       0x26 Drivers/STM32F1xx_HAL_Driver/Src/stm32f1xx_hal_rtc.o
 .text.RTC_ReadAlarmCounter
                0x0800206a        0xe Drivers/STM32F1xx_HAL_Driver/Src/stm32f1xx_hal_rtc.o
 .text.RTC_ByteToBcd2
                0x08002078       0x16 Drivers/STM32F1xx_HAL_Driver/Src/stm32f1xx_hal_rtc.o
 .text.RTC_Bcd2ToByte
                0x0800208e       0x12 Drivers/STM32F1xx_HAL_Driver/Src/stm32f1xx_hal_rtc.o
 .text.RTC_IsLeapYear
                0x080020a0       0x40 Drivers/STM32F1xx_HAL_Driver/Src/stm32f1xx_hal_rtc.o
 .text.RTC_WeekDayNum
                0x080020e0       0x9c Drivers/STM32F1xx_HAL_Driver/Src/stm32f1xx_hal_rtc.o
 .text.RTC_DateUpdate
                0x0800217c       0xb4 Drivers/STM32F1xx_HAL_Driver/Src/stm32f1xx_hal_rtc.o
 .text.RTC_EnterInitMode
                0x08002230       0x30 Drivers/STM32F1xx_HAL_Driver/Src/stm32f1xx_hal_rtc.o
 .text.RTC_ExitInitMode
                0x08002260       0x32 Drivers/STM32F1xx_HAL_Driver/Src/stm32f1xx_hal_rtc.o
 .text.RTC_WriteTimeCounter
                0x08002292       0x2e Drivers/STM32F1xx_HAL_Driver/Src/stm32f1xx_hal_rtc.o
 .text.RTC_WriteAlarmCounter
                0x080022c0       0x2e Drivers/STM32F1xx_HAL_Driver/Src/stm32f1xx_hal_rtc.o
 .text.HAL_RTC_SetTime
                0x080022ee       0xc2 Drivers/STM32F1xx_HAL_Driver/Src/stm32f1xx_hal_rtc.o
                0x080022ee                HAL_RTC_SetTime
 .text.HAL_RTC_GetTime
                0x080023b0      0x118 Drivers/STM32F1xx_HAL_Driver/Src/stm32f1xx_hal_rtc.o
                0x080023b0                HAL_RTC_GetTime
 .text.HAL_RTC_SetDate
                0x080024c8       0xd8 Drivers/STM32F1xx_HAL_Driver/Src/stm32f1xx_hal_rtc.o
                0x080024c8                HAL_RTC_SetDate
 .text.HAL_RTC_WaitForSynchro
                0x080025a0       0x38 Drivers/STM32F1xx_HAL_Driver/Src/stm32f1xx_hal_rtc.o
                0x080025a0                HAL_RTC_WaitForSynchro
 .text.HAL_RTC_Init
                0x080025d8       0xc4 Drivers/STM32F1xx_HAL_Driver/Src/stm32f1xx_hal_rtc.o
                0x080025d8                HAL_RTC_Init
 .text.HAL_RTCEx_BKUPWrite
                0x0800269c       0x10 Drivers/STM32F1xx_HAL_Driver/Src/stm32f1xx_hal_rtc_ex.o
                0x0800269c                HAL_RTCEx_BKUPWrite
 .text.HAL_RTCEx_BKUPRead
                0x080026ac       0x10 Drivers/STM32F1xx_HAL_Driver/Src/stm32f1xx_hal_rtc_ex.o
                0x080026ac                HAL_RTCEx_BKUPRead
 .text.TIM_TI1_ConfigInputStage
                0x080026bc       0x24 Drivers/STM32F1xx_HAL_Driver/Src/stm32f1xx_hal_tim.o
 .text.TIM_TI2_ConfigInputStage
                0x080026e0       0x26 Drivers/STM32F1xx_HAL_Driver/Src/stm32f1xx_hal_tim.o
 .text.TIM_ITRx_SetConfig
                0x08002706       0x10 Drivers/STM32F1xx_HAL_Driver/Src/stm32f1xx_hal_tim.o
 .text.TIM_ETR_SetConfig
                0x08002716       0x16 Drivers/STM32F1xx_HAL_Driver/Src/stm32f1xx_hal_tim.o
 .text.HAL_TIM_ConfigClockSource
                0x0800272c      0x108 Drivers/STM32F1xx_HAL_Driver/Src/stm32f1xx_hal_tim.o
                0x0800272c                HAL_TIM_ConfigClockSource
 .text.TIM_Base_SetConfig
                0x08002834       0x84 Drivers/STM32F1xx_HAL_Driver/Src/stm32f1xx_hal_tim.o
                0x08002834                TIM_Base_SetConfig
 .text.HAL_TIM_Base_Init
                0x080028b8       0x32 Drivers/STM32F1xx_HAL_Driver/Src/stm32f1xx_hal_tim.o
                0x080028b8                HAL_TIM_Base_Init
 .text.HAL_TIMEx_MasterConfigSynchronization
                0x080028ea       0x52 Drivers/STM32F1xx_HAL_Driver/Src/stm32f1xx_hal_tim_ex.o
                0x080028ea                HAL_TIMEx_MasterConfigSynchronization
 .text.BGH_Draw
                0x0800293c       0x18 CustPrj/BackgroundHandler.o
                0x0800293c                BGH_Draw
 .text.BGH_FillBackground
                0x08002954       0x9c CustPrj/BackgroundHandler.o
                0x08002954                BGH_FillBackground
 .text.BGH_Init
                0x080029f0        0x8 CustPrj/BackgroundHandler.o
                0x080029f0                BGH_Init
 .text.CH_UpdateSecond
                0x080029f8       0x3c CustPrj/ClockHandler.o
 .text.CH_UpdateColon
                0x08002a34       0x3e CustPrj/ClockHandler.o
 *fill*         0x08002a72        0x2 
 .text.CH_UpdateMinute
                0x08002a74       0x30 CustPrj/ClockHandler.o
 .text.CH_UpdateHour
                0x08002aa4       0x3c CustPrj/ClockHandler.o
 .text.CH_Init  0x08002ae0       0x1c CustPrj/ClockHandler.o
                0x08002ae0                CH_Init
 .text.CH_RunOne
                0x08002afc       0x68 CustPrj/ClockHandler.o
                0x08002afc                CH_RunOne
 .text.GSM_Init
                0x08002b64       0x10 CustPrj/GlobalStateMachine.o
 .text.GSM_ProcessNewCommand
                0x08002b74       0x18 CustPrj/GlobalStateMachine.o
 .text.GSM_StateStateHandling
                0x08002b8c       0x10 CustPrj/GlobalStateMachine.o
 .text.GSM_RunOne
                0x08002b9c       0x4c CustPrj/GlobalStateMachine.o
                0x08002b9c                GSM_RunOne
 .text.GSM_PushCmd
                0x08002be8       0x14 CustPrj/GlobalStateMachine.o
                0x08002be8                GSM_PushCmd
 .text.SC_InitScreen
                0x08002bfc       0x58 CustPrj/SettingControl.o
 .text.SC_DisplayScreen
                0x08002c54       0x60 CustPrj/SettingControl.o
                0x08002c54                SC_DisplayScreen
 .text.TSH_RunOne
                0x08002cb4      0x138 CustPrj/TouchScreenHandler.o
                0x08002cb4                TSH_RunOne
 .text.TSH_GetLastTouchCmd
                0x08002dec        0xc CustPrj/TouchScreenHandler.o
                0x08002dec                TSH_GetLastTouchCmd
 .text.ILI9341_Draw_Char
                0x08002df8       0x9c CustPrj/Driver/ILI9341/ILI9341_GFX.o
                0x08002df8                ILI9341_Draw_Char
 .text.ILI9341_Draw_Text
                0x08002e94       0x38 CustPrj/Driver/ILI9341/ILI9341_GFX.o
                0x08002e94                ILI9341_Draw_Text
 .text.ILI9341_Draw_Image
                0x08002ecc       0x1e CustPrj/Driver/ILI9341/ILI9341_GFX.o
                0x08002ecc                ILI9341_Draw_Image
 *fill*         0x08002eea        0x2 
 .text.ILI9341_Port_Send
                0x08002eec       0x38 CustPrj/Driver/ILI9341/ILI9341_STM32_Driver.o
                0x08002eec                ILI9341_Port_Send
 .text.ILI9341_Write_Command
                0x08002f24       0x38 CustPrj/Driver/ILI9341/ILI9341_STM32_Driver.o
                0x08002f24                ILI9341_Write_Command
 .text.ILI9341_Write_Data
                0x08002f5c       0x38 CustPrj/Driver/ILI9341/ILI9341_STM32_Driver.o
                0x08002f5c                ILI9341_Write_Data
 .text.ILI9341_Write_Data_Block
                0x08002f94       0x18 CustPrj/Driver/ILI9341/ILI9341_STM32_Driver.o
                0x08002f94                ILI9341_Write_Data_Block
 .text.ILI9341_Write_Data_Block_With_ArrayRBG
                0x08002fac       0x24 CustPrj/Driver/ILI9341/ILI9341_STM32_Driver.o
                0x08002fac                ILI9341_Write_Data_Block_With_ArrayRBG
 .text.ILI9341_Set_Address
                0x08002fd0       0x4e CustPrj/Driver/ILI9341/ILI9341_STM32_Driver.o
                0x08002fd0                ILI9341_Set_Address
 *fill*         0x0800301e        0x2 
 .text.ILI9341_Clear
                0x08003020       0x30 CustPrj/Driver/ILI9341/ILI9341_STM32_Driver.o
                0x08003020                ILI9341_Clear
 .text.ILI9341_Set_Rotation
                0x08003050       0x70 CustPrj/Driver/ILI9341/ILI9341_STM32_Driver.o
                0x08003050                ILI9341_Set_Rotation
 .text.ILI9341_Enable
                0x080030c0       0x28 CustPrj/Driver/ILI9341/ILI9341_STM32_Driver.o
                0x080030c0                ILI9341_Enable
 .text.ILI9341_Init
                0x080030e8      0x238 CustPrj/Driver/ILI9341/ILI9341_STM32_Driver.o
                0x080030e8                ILI9341_Init
 .text.ILI9341_Draw_Colour
                0x08003320       0x38 CustPrj/Driver/ILI9341/ILI9341_STM32_Driver.o
                0x08003320                ILI9341_Draw_Colour
 .text.ILI9341_Draw_Colour_Burst
                0x08003358        0x8 CustPrj/Driver/ILI9341/ILI9341_STM32_Driver.o
                0x08003358                ILI9341_Draw_Colour_Burst
 .text.ILI9341_Draw_Pixel
                0x08003360       0x34 CustPrj/Driver/ILI9341/ILI9341_STM32_Driver.o
                0x08003360                ILI9341_Draw_Pixel
 .text.ILI9341_Draw_Rectangle
                0x08003394       0x6c CustPrj/Driver/ILI9341/ILI9341_STM32_Driver.o
                0x08003394                ILI9341_Draw_Rectangle
 .text.TP_Read  0x08003400       0x48 CustPrj/Driver/ILI9341/ILI9341_Touchscreen.o
                0x08003400                TP_Read
 .text.TP_Write
                0x08003448       0x60 CustPrj/Driver/ILI9341/ILI9341_Touchscreen.o
                0x08003448                TP_Write
 .text.TP_Read_Coordinates
                0x080034a8      0x104 CustPrj/Driver/ILI9341/ILI9341_Touchscreen.o
                0x080034a8                TP_Read_Coordinates
 .text.TP_Touchpad_Pressed
                0x080035ac       0x18 CustPrj/Driver/ILI9341/ILI9341_Touchscreen.o
                0x080035ac                TP_Touchpad_Pressed
 .text.__libc_init_array
                0x080035c4       0x48 d:/99_working/eclipse/plugins/fr.ac6.mcu.externaltools.arm-none.win32_1.16.0.201807130628/tools/compiler/bin/../lib/gcc/arm-none-eabi/7.2.1/../../../../arm-none-eabi/lib/thumb/v7-m\libc_nano.a(lib_a-init.o)
                0x080035c4                __libc_init_array
 .text.sprintf  0x0800360c       0x40 d:/99_working/eclipse/plugins/fr.ac6.mcu.externaltools.arm-none.win32_1.16.0.201807130628/tools/compiler/bin/../lib/gcc/arm-none-eabi/7.2.1/../../../../arm-none-eabi/lib/thumb/v7-m\libc_nano.a(lib_a-sprintf.o)
                0x0800360c                siprintf
                0x0800360c                sprintf
 .text.__ssputs_r
                0x0800364c       0xb4 d:/99_working/eclipse/plugins/fr.ac6.mcu.externaltools.arm-none.win32_1.16.0.201807130628/tools/compiler/bin/../lib/gcc/arm-none-eabi/7.2.1/../../../../arm-none-eabi/lib/thumb/v7-m\libc_nano.a(lib_a-nano-svfprintf.o)
                0x0800364c                __ssputs_r
 .text._svfprintf_r
                0x08003700      0x1ec d:/99_working/eclipse/plugins/fr.ac6.mcu.externaltools.arm-none.win32_1.16.0.201807130628/tools/compiler/bin/../lib/gcc/arm-none-eabi/7.2.1/../../../../arm-none-eabi/lib/thumb/v7-m\libc_nano.a(lib_a-nano-svfprintf.o)
                0x08003700                _svfiprintf_r
                0x08003700                _svfprintf_r
 .text._printf_common
                0x080038ec       0xec d:/99_working/eclipse/plugins/fr.ac6.mcu.externaltools.arm-none.win32_1.16.0.201807130628/tools/compiler/bin/../lib/gcc/arm-none-eabi/7.2.1/../../../../arm-none-eabi/lib/thumb/v7-m\libc_nano.a(lib_a-nano-vfprintf_i.o)
                0x080038ec                _printf_common
 .text._printf_i
                0x080039d8      0x224 d:/99_working/eclipse/plugins/fr.ac6.mcu.externaltools.arm-none.win32_1.16.0.201807130628/tools/compiler/bin/../lib/gcc/arm-none-eabi/7.2.1/../../../../arm-none-eabi/lib/thumb/v7-m\libc_nano.a(lib_a-nano-vfprintf_i.o)
                0x080039d8                _printf_i
 .text.memchr   0x08003bfc       0x1c d:/99_working/eclipse/plugins/fr.ac6.mcu.externaltools.arm-none.win32_1.16.0.201807130628/tools/compiler/bin/../lib/gcc/arm-none-eabi/7.2.1/../../../../arm-none-eabi/lib/thumb/v7-m\libc_nano.a(lib_a-memchr-stub.o)
                0x08003bfc                memchr
 .text.memcpy   0x08003c18       0x16 d:/99_working/eclipse/plugins/fr.ac6.mcu.externaltools.arm-none.win32_1.16.0.201807130628/tools/compiler/bin/../lib/gcc/arm-none-eabi/7.2.1/../../../../arm-none-eabi/lib/thumb/v7-m\libc_nano.a(lib_a-memcpy-stub.o)
                0x08003c18                memcpy
 .text.memmove  0x08003c2e       0x32 d:/99_working/eclipse/plugins/fr.ac6.mcu.externaltools.arm-none.win32_1.16.0.201807130628/tools/compiler/bin/../lib/gcc/arm-none-eabi/7.2.1/../../../../arm-none-eabi/lib/thumb/v7-m\libc_nano.a(lib_a-memmove.o)
                0x08003c2e                memmove
 .text._free_r  0x08003c60       0x98 d:/99_working/eclipse/plugins/fr.ac6.mcu.externaltools.arm-none.win32_1.16.0.201807130628/tools/compiler/bin/../lib/gcc/arm-none-eabi/7.2.1/../../../../arm-none-eabi/lib/thumb/v7-m\libc_nano.a(lib_a-nano-freer.o)
                0x08003c60                _free_r
 .text._malloc_r
                0x08003cf8       0xb4 d:/99_working/eclipse/plugins/fr.ac6.mcu.externaltools.arm-none.win32_1.16.0.201807130628/tools/compiler/bin/../lib/gcc/arm-none-eabi/7.2.1/../../../../arm-none-eabi/lib/thumb/v7-m\libc_nano.a(lib_a-nano-mallocr.o)
                0x08003cf8                _malloc_r
 .text._realloc_r
                0x08003dac       0x4c d:/99_working/eclipse/plugins/fr.ac6.mcu.externaltools.arm-none.win32_1.16.0.201807130628/tools/compiler/bin/../lib/gcc/arm-none-eabi/7.2.1/../../../../arm-none-eabi/lib/thumb/v7-m\libc_nano.a(lib_a-nano-reallocr.o)
                0x08003dac                _realloc_r
 .text._sbrk_r  0x08003df8       0x20 d:/99_working/eclipse/plugins/fr.ac6.mcu.externaltools.arm-none.win32_1.16.0.201807130628/tools/compiler/bin/../lib/gcc/arm-none-eabi/7.2.1/../../../../arm-none-eabi/lib/thumb/v7-m\libc_nano.a(lib_a-sbrkr.o)
                0x08003df8                _sbrk_r
 .text.__malloc_lock
                0x08003e18        0x2 d:/99_working/eclipse/plugins/fr.ac6.mcu.externaltools.arm-none.win32_1.16.0.201807130628/tools/compiler/bin/../lib/gcc/arm-none-eabi/7.2.1/../../../../arm-none-eabi/lib/thumb/v7-m\libc_nano.a(lib_a-mlock.o)
                0x08003e18                __malloc_lock
 .text.__malloc_unlock
                0x08003e1a        0x2 d:/99_working/eclipse/plugins/fr.ac6.mcu.externaltools.arm-none.win32_1.16.0.201807130628/tools/compiler/bin/../lib/gcc/arm-none-eabi/7.2.1/../../../../arm-none-eabi/lib/thumb/v7-m\libc_nano.a(lib_a-mlock.o)
                0x08003e1a                __malloc_unlock
 .text._malloc_usable_size_r
                0x08003e1c       0x10 d:/99_working/eclipse/plugins/fr.ac6.mcu.externaltools.arm-none.win32_1.16.0.201807130628/tools/compiler/bin/../lib/gcc/arm-none-eabi/7.2.1/../../../../arm-none-eabi/lib/thumb/v7-m\libc_nano.a(lib_a-nano-msizer.o)
                0x08003e1c                _malloc_usable_size_r
 .text._sbrk    0x08003e2c       0x1c d:/99_working/eclipse/plugins/fr.ac6.mcu.externaltools.arm-none.win32_1.16.0.201807130628/tools/compiler/bin/../lib/gcc/arm-none-eabi/7.2.1/../../../../arm-none-eabi/lib/thumb/v7-m\libnosys.a(sbrk.o)
                0x08003e2c                _sbrk
 *(.glue_7)
 .glue_7        0x08003e48        0x0 linker stubs
 *(.glue_7t)
 .glue_7t       0x08003e48        0x0 linker stubs
 *(.eh_frame)
 .eh_frame      0x08003e48        0x0 d:/99_working/eclipse/plugins/fr.ac6.mcu.externaltools.arm-none.win32_1.16.0.201807130628/tools/compiler/bin/../lib/gcc/arm-none-eabi/7.2.1/thumb/v7-m/crtbegin.o
 *(.init)
 .init          0x08003e48        0x4 d:/99_working/eclipse/plugins/fr.ac6.mcu.externaltools.arm-none.win32_1.16.0.201807130628/tools/compiler/bin/../lib/gcc/arm-none-eabi/7.2.1/thumb/v7-m/crti.o
                0x08003e48                _init
 .init          0x08003e4c        0x8 d:/99_working/eclipse/plugins/fr.ac6.mcu.externaltools.arm-none.win32_1.16.0.201807130628/tools/compiler/bin/../lib/gcc/arm-none-eabi/7.2.1/thumb/v7-m/crtn.o
 *(.fini)
 .fini          0x08003e54        0x4 d:/99_working/eclipse/plugins/fr.ac6.mcu.externaltools.arm-none.win32_1.16.0.201807130628/tools/compiler/bin/../lib/gcc/arm-none-eabi/7.2.1/thumb/v7-m/crti.o
                0x08003e54                _fini
 .fini          0x08003e58        0x8 d:/99_working/eclipse/plugins/fr.ac6.mcu.externaltools.arm-none.win32_1.16.0.201807130628/tools/compiler/bin/../lib/gcc/arm-none-eabi/7.2.1/thumb/v7-m/crtn.o
                0x08003e60                . = ALIGN (0x4)
                0x08003e60                _etext = .

.vfp11_veneer   0x08003e60        0x0
 .vfp11_veneer  0x08003e60        0x0 linker stubs

.v4_bx          0x08003e60        0x0
 .v4_bx         0x08003e60        0x0 linker stubs

.iplt           0x08003e60        0x0
 .iplt          0x08003e60        0x0 d:/99_working/eclipse/plugins/fr.ac6.mcu.externaltools.arm-none.win32_1.16.0.201807130628/tools/compiler/bin/../lib/gcc/arm-none-eabi/7.2.1/thumb/v7-m/crtbegin.o

.rodata         0x08003e60    0x25b1c
                0x08003e60                . = ALIGN (0x4)
 *(.rodata)
 .rodata        0x08003e60       0x18 Src/system_stm32f1xx.o
                0x08003e60                AHBPrescTable
                0x08003e70                APBPrescTable
 .rodata        0x08003e78       0x20 Drivers/STM32F1xx_HAL_Driver/Src/stm32f1xx_hal_rcc.o
 .rodata        0x08003e98       0x20 Drivers/STM32F1xx_HAL_Driver/Src/stm32f1xx_hal_rcc_ex.o
 .rodata        0x08003eb8    0x25800 CustPrj/BackgroundHandler.o
 .rodata        0x080296b8      0x240 CustPrj/Driver/ILI9341/ILI9341_GFX.o
 *(.rodata*)
 .rodata.str1.4
                0x080298f8        0xe Src/main.o
 *fill*         0x08029906        0x2 
 .rodata.str1.4
                0x08029908        0x5 CustPrj/ClockHandler.o
 *fill*         0x0802990d        0x3 
 .rodata.str1.4
                0x08029910       0x28 CustPrj/SettingControl.o
 .rodata.str1.4
                0x08029938       0x10 CustPrj/TouchScreenHandler.o
                                  0xf (size before relaxing)
 .rodata._svfprintf_r.str1.1
                0x08029948       0x11 d:/99_working/eclipse/plugins/fr.ac6.mcu.externaltools.arm-none.win32_1.16.0.201807130628/tools/compiler/bin/../lib/gcc/arm-none-eabi/7.2.1/../../../../arm-none-eabi/lib/thumb/v7-m\libc_nano.a(lib_a-nano-svfprintf.o)
 .rodata._printf_i.str1.1
                0x08029959       0x22 d:/99_working/eclipse/plugins/fr.ac6.mcu.externaltools.arm-none.win32_1.16.0.201807130628/tools/compiler/bin/../lib/gcc/arm-none-eabi/7.2.1/../../../../arm-none-eabi/lib/thumb/v7-m\libc_nano.a(lib_a-nano-vfprintf_i.o)
                0x0802997c                . = ALIGN (0x4)
 *fill*         0x0802997b        0x1 

.ARM.extab
 *(.ARM.extab* .gnu.linkonce.armextab.*)

.ARM            0x0802997c        0x8
                0x0802997c                __exidx_start = .
 *(.ARM.exidx*)
 .ARM.exidx     0x0802997c        0x8 d:/99_working/eclipse/plugins/fr.ac6.mcu.externaltools.arm-none.win32_1.16.0.201807130628/tools/compiler/bin/../lib/gcc/arm-none-eabi/7.2.1/thumb/v7-m\libgcc.a(_udivmoddi4.o)
                0x08029984                __exidx_end = .

.rel.dyn        0x08029984        0x0
 .rel.iplt      0x08029984        0x0 d:/99_working/eclipse/plugins/fr.ac6.mcu.externaltools.arm-none.win32_1.16.0.201807130628/tools/compiler/bin/../lib/gcc/arm-none-eabi/7.2.1/thumb/v7-m/crtbegin.o

.preinit_array  0x08029984        0x0
                0x08029984                PROVIDE (__preinit_array_start, .)
 *(.preinit_array*)
                0x08029984                PROVIDE (__preinit_array_end, .)

.init_array     0x08029984        0x4
                0x08029984                PROVIDE (__init_array_start, .)
 *(SORT_BY_NAME(.init_array.*))
 *(.init_array*)
 .init_array    0x08029984        0x4 d:/99_working/eclipse/plugins/fr.ac6.mcu.externaltools.arm-none.win32_1.16.0.201807130628/tools/compiler/bin/../lib/gcc/arm-none-eabi/7.2.1/thumb/v7-m/crtbegin.o
                0x08029988                PROVIDE (__init_array_end, .)

.fini_array     0x08029988        0x4
                [!provide]                PROVIDE (__fini_array_start, .)
 *(SORT_BY_NAME(.fini_array.*))
 *(.fini_array*)
 .fini_array    0x08029988        0x4 d:/99_working/eclipse/plugins/fr.ac6.mcu.externaltools.arm-none.win32_1.16.0.201807130628/tools/compiler/bin/../lib/gcc/arm-none-eabi/7.2.1/thumb/v7-m/crtbegin.o
                [!provide]                PROVIDE (__fini_array_end, .)
                0x0802998c                _sidata = LOADADDR (.data)

.data           0x20000000       0x78 load address 0x0802998c
                0x20000000                . = ALIGN (0x4)
                0x20000000                _sdata = .
 *(.data)
 .data          0x20000000        0x4 Src/system_stm32f1xx.o
                0x20000000                SystemCoreClock
 .data          0x20000004        0x8 Drivers/STM32F1xx_HAL_Driver/Src/stm32f1xx_hal.o
                0x20000004                uwTickFreq
                0x20000008                uwTickPrio
 .data          0x2000000c        0x1 CustPrj/ClockHandler.o
 *fill*         0x2000000d        0x1 
 .data          0x2000000e        0x4 CustPrj/Driver/ILI9341/ILI9341_STM32_Driver.o
                0x2000000e                LCD_WIDTH
                0x20000010                LCD_HEIGHT
 *(.data*)
 *fill*         0x20000012        0x2 
 .data._impure_ptr
                0x20000014        0x4 d:/99_working/eclipse/plugins/fr.ac6.mcu.externaltools.arm-none.win32_1.16.0.201807130628/tools/compiler/bin/../lib/gcc/arm-none-eabi/7.2.1/../../../../arm-none-eabi/lib/thumb/v7-m\libc_nano.a(lib_a-impure.o)
                0x20000014                _impure_ptr
 .data.impure_data
                0x20000018       0x60 d:/99_working/eclipse/plugins/fr.ac6.mcu.externaltools.arm-none.win32_1.16.0.201807130628/tools/compiler/bin/../lib/gcc/arm-none-eabi/7.2.1/../../../../arm-none-eabi/lib/thumb/v7-m\libc_nano.a(lib_a-impure.o)
                0x20000078                . = ALIGN (0x4)
                0x20000078                _edata = .

.igot.plt       0x20000078        0x0 load address 0x08029a04
 .igot.plt      0x20000078        0x0 d:/99_working/eclipse/plugins/fr.ac6.mcu.externaltools.arm-none.win32_1.16.0.201807130628/tools/compiler/bin/../lib/gcc/arm-none-eabi/7.2.1/thumb/v7-m/crtbegin.o
                0x20000078                . = ALIGN (0x4)

.bss            0x20000078      0x228 load address 0x08029a04
                0x20000078                _sbss = .
                0x20000078                __bss_start__ = _sbss
 *(.bss)
 .bss           0x20000078       0x1c d:/99_working/eclipse/plugins/fr.ac6.mcu.externaltools.arm-none.win32_1.16.0.201807130628/tools/compiler/bin/../lib/gcc/arm-none-eabi/7.2.1/thumb/v7-m/crtbegin.o
 .bss           0x20000094        0x3 CustPrj/ClockHandler.o
 *fill*         0x20000097        0x1 
 .bss           0x20000098        0x8 CustPrj/GlobalStateMachine.o
 .bss           0x200000a0        0x1 CustPrj/SettingControl.o
 .bss           0x200000a1        0x1 CustPrj/TouchScreenHandler.o
 *(.bss*)
 *fill*         0x200000a2        0x2 
 .bss.__malloc_free_list
                0x200000a4        0x4 d:/99_working/eclipse/plugins/fr.ac6.mcu.externaltools.arm-none.win32_1.16.0.201807130628/tools/compiler/bin/../lib/gcc/arm-none-eabi/7.2.1/../../../../arm-none-eabi/lib/thumb/v7-m\libc_nano.a(lib_a-nano-mallocr.o)
                0x200000a4                __malloc_free_list
 .bss.__malloc_sbrk_start
                0x200000a8        0x4 d:/99_working/eclipse/plugins/fr.ac6.mcu.externaltools.arm-none.win32_1.16.0.201807130628/tools/compiler/bin/../lib/gcc/arm-none-eabi/7.2.1/../../../../arm-none-eabi/lib/thumb/v7-m\libc_nano.a(lib_a-nano-mallocr.o)
                0x200000a8                __malloc_sbrk_start
 .bss.heap_end.4102
                0x200000ac        0x4 d:/99_working/eclipse/plugins/fr.ac6.mcu.externaltools.arm-none.win32_1.16.0.201807130628/tools/compiler/bin/../lib/gcc/arm-none-eabi/7.2.1/../../../../arm-none-eabi/lib/thumb/v7-m\libnosys.a(sbrk.o)
 *(COMMON)
 COMMON         0x200000b0       0x54 Src/main.o
                0x200000b0                hrtc
                0x200000c4                htim1
 COMMON         0x20000104        0x4 Drivers/STM32F1xx_HAL_Driver/Src/stm32f1xx_hal.o
                0x20000104                uwTick
 COMMON         0x20000108      0x194 CustPrj/TouchScreenHandler.o
                0x20000108                v_CurPositionIndex
                0x2000010c                v_XYPosition
 COMMON         0x2000029c        0x4 d:/99_working/eclipse/plugins/fr.ac6.mcu.externaltools.arm-none.win32_1.16.0.201807130628/tools/compiler/bin/../lib/gcc/arm-none-eabi/7.2.1/../../../../arm-none-eabi/lib/thumb/v7-m\libc_nano.a(lib_a-reent.o)
                0x2000029c                errno
                0x200002a0                . = ALIGN (0x4)
                0x200002a0                _ebss = .
                0x200002a0                __bss_end__ = _ebss

._user_heap_stack
                0x200002a0      0x600 load address 0x08029a04
                0x200002a0                . = ALIGN (0x8)
                0x200002a0                PROVIDE (end, .)
                [!provide]                PROVIDE (_end, .)
                0x200004a0                . = (. + _Min_Heap_Size)
 *fill*         0x200002a0      0x200 
                0x200008a0                . = (. + _Min_Stack_Size)
 *fill*         0x200004a0      0x400 
                0x200008a0                . = ALIGN (0x8)

/DISCARD/
 libc.a(*)
 libm.a(*)
 libgcc.a(*)

.ARM.attributes
                0x00000000       0x29
 *(.ARM.attributes)
 .ARM.attributes
                0x00000000       0x1d d:/99_working/eclipse/plugins/fr.ac6.mcu.externaltools.arm-none.win32_1.16.0.201807130628/tools/compiler/bin/../lib/gcc/arm-none-eabi/7.2.1/thumb/v7-m/crti.o
 .ARM.attributes
                0x0000001d       0x2d d:/99_working/eclipse/plugins/fr.ac6.mcu.externaltools.arm-none.win32_1.16.0.201807130628/tools/compiler/bin/../lib/gcc/arm-none-eabi/7.2.1/thumb/v7-m/crtbegin.o
 .ARM.attributes
                0x0000004a       0x21 startup/startup_stm32f107xc.o
 .ARM.attributes
                0x0000006b       0x33 Src/main.o
 .ARM.attributes
                0x0000009e       0x33 Src/stm32f1xx_hal_msp.o
 .ARM.attributes
                0x000000d1       0x33 Src/stm32f1xx_it.o
 .ARM.attributes
                0x00000104       0x33 Src/system_stm32f1xx.o
 .ARM.attributes
                0x00000137       0x33 Drivers/STM32F1xx_HAL_Driver/Src/stm32f1xx_hal.o
 .ARM.attributes
                0x0000016a       0x33 Drivers/STM32F1xx_HAL_Driver/Src/stm32f1xx_hal_cortex.o
 .ARM.attributes
                0x0000019d       0x33 Drivers/STM32F1xx_HAL_Driver/Src/stm32f1xx_hal_gpio.o
 .ARM.attributes
                0x000001d0       0x33 Drivers/STM32F1xx_HAL_Driver/Src/stm32f1xx_hal_pwr.o
 .ARM.attributes
                0x00000203       0x33 Drivers/STM32F1xx_HAL_Driver/Src/stm32f1xx_hal_rcc.o
 .ARM.attributes
                0x00000236       0x33 Drivers/STM32F1xx_HAL_Driver/Src/stm32f1xx_hal_rcc_ex.o
 .ARM.attributes
                0x00000269       0x33 Drivers/STM32F1xx_HAL_Driver/Src/stm32f1xx_hal_rtc.o
 .ARM.attributes
                0x0000029c       0x33 Drivers/STM32F1xx_HAL_Driver/Src/stm32f1xx_hal_rtc_ex.o
 .ARM.attributes
                0x000002cf       0x33 Drivers/STM32F1xx_HAL_Driver/Src/stm32f1xx_hal_tim.o
 .ARM.attributes
                0x00000302       0x33 Drivers/STM32F1xx_HAL_Driver/Src/stm32f1xx_hal_tim_ex.o
 .ARM.attributes
                0x00000335       0x33 CustPrj/BackgroundHandler.o
 .ARM.attributes
                0x00000368       0x33 CustPrj/ClockHandler.o
 .ARM.attributes
                0x0000039b       0x33 CustPrj/GlobalStateMachine.o
 .ARM.attributes
                0x000003ce       0x33 CustPrj/SettingControl.o
 .ARM.attributes
                0x00000401       0x33 CustPrj/TouchScreenHandler.o
 .ARM.attributes
                0x00000434       0x33 CustPrj/Driver/ILI9341/ILI9341_GFX.o
 .ARM.attributes
                0x00000467       0x33 CustPrj/Driver/ILI9341/ILI9341_STM32_Driver.o
 .ARM.attributes
                0x0000049a       0x33 CustPrj/Driver/ILI9341/ILI9341_Touchscreen.o
 .ARM.attributes
                0x000004cd       0x1d d:/99_working/eclipse/plugins/fr.ac6.mcu.externaltools.arm-none.win32_1.16.0.201807130628/tools/compiler/bin/../lib/gcc/arm-none-eabi/7.2.1/thumb/v7-m\libgcc.a(_arm_addsubdf3.o)
 .ARM.attributes
                0x000004ea       0x1d d:/99_working/eclipse/plugins/fr.ac6.mcu.externaltools.arm-none.win32_1.16.0.201807130628/tools/compiler/bin/../lib/gcc/arm-none-eabi/7.2.1/thumb/v7-m\libgcc.a(_arm_muldivdf3.o)
 .ARM.attributes
                0x00000507       0x1d d:/99_working/eclipse/plugins/fr.ac6.mcu.externaltools.arm-none.win32_1.16.0.201807130628/tools/compiler/bin/../lib/gcc/arm-none-eabi/7.2.1/thumb/v7-m\libgcc.a(_arm_fixunsdfsi.o)
 .ARM.attributes
                0x00000524       0x1d d:/99_working/eclipse/plugins/fr.ac6.mcu.externaltools.arm-none.win32_1.16.0.201807130628/tools/compiler/bin/../lib/gcc/arm-none-eabi/7.2.1/thumb/v7-m\libgcc.a(_aeabi_uldivmod.o)
 .ARM.attributes
                0x00000541       0x2d d:/99_working/eclipse/plugins/fr.ac6.mcu.externaltools.arm-none.win32_1.16.0.201807130628/tools/compiler/bin/../lib/gcc/arm-none-eabi/7.2.1/thumb/v7-m\libgcc.a(_udivmoddi4.o)
 .ARM.attributes
                0x0000056e       0x1d d:/99_working/eclipse/plugins/fr.ac6.mcu.externaltools.arm-none.win32_1.16.0.201807130628/tools/compiler/bin/../lib/gcc/arm-none-eabi/7.2.1/thumb/v7-m\libgcc.a(_dvmd_tls.o)
 .ARM.attributes
                0x0000058b       0x2d d:/99_working/eclipse/plugins/fr.ac6.mcu.externaltools.arm-none.win32_1.16.0.201807130628/tools/compiler/bin/../lib/gcc/arm-none-eabi/7.2.1/../../../../arm-none-eabi/lib/thumb/v7-m\libc_nano.a(lib_a-impure.o)
 .ARM.attributes
                0x000005b8       0x2d d:/99_working/eclipse/plugins/fr.ac6.mcu.externaltools.arm-none.win32_1.16.0.201807130628/tools/compiler/bin/../lib/gcc/arm-none-eabi/7.2.1/../../../../arm-none-eabi/lib/thumb/v7-m\libc_nano.a(lib_a-init.o)
 .ARM.attributes
                0x000005e5       0x2d d:/99_working/eclipse/plugins/fr.ac6.mcu.externaltools.arm-none.win32_1.16.0.201807130628/tools/compiler/bin/../lib/gcc/arm-none-eabi/7.2.1/../../../../arm-none-eabi/lib/thumb/v7-m\libc_nano.a(lib_a-sprintf.o)
 .ARM.attributes
                0x00000612       0x2d d:/99_working/eclipse/plugins/fr.ac6.mcu.externaltools.arm-none.win32_1.16.0.201807130628/tools/compiler/bin/../lib/gcc/arm-none-eabi/7.2.1/../../../../arm-none-eabi/lib/thumb/v7-m\libc_nano.a(lib_a-nano-svfprintf.o)
 .ARM.attributes
                0x0000063f       0x2d d:/99_working/eclipse/plugins/fr.ac6.mcu.externaltools.arm-none.win32_1.16.0.201807130628/tools/compiler/bin/../lib/gcc/arm-none-eabi/7.2.1/../../../../arm-none-eabi/lib/thumb/v7-m\libc_nano.a(lib_a-nano-vfprintf_i.o)
 .ARM.attributes
                0x0000066c       0x2d d:/99_working/eclipse/plugins/fr.ac6.mcu.externaltools.arm-none.win32_1.16.0.201807130628/tools/compiler/bin/../lib/gcc/arm-none-eabi/7.2.1/../../../../arm-none-eabi/lib/thumb/v7-m\libc_nano.a(lib_a-memchr-stub.o)
 .ARM.attributes
                0x00000699       0x2d d:/99_working/eclipse/plugins/fr.ac6.mcu.externaltools.arm-none.win32_1.16.0.201807130628/tools/compiler/bin/../lib/gcc/arm-none-eabi/7.2.1/../../../../arm-none-eabi/lib/thumb/v7-m\libc_nano.a(lib_a-memcpy-stub.o)
 .ARM.attributes
                0x000006c6       0x2d d:/99_working/eclipse/plugins/fr.ac6.mcu.externaltools.arm-none.win32_1.16.0.201807130628/tools/compiler/bin/../lib/gcc/arm-none-eabi/7.2.1/../../../../arm-none-eabi/lib/thumb/v7-m\libc_nano.a(lib_a-memmove.o)
 .ARM.attributes
                0x000006f3       0x2d d:/99_working/eclipse/plugins/fr.ac6.mcu.externaltools.arm-none.win32_1.16.0.201807130628/tools/compiler/bin/../lib/gcc/arm-none-eabi/7.2.1/../../../../arm-none-eabi/lib/thumb/v7-m\libc_nano.a(lib_a-nano-freer.o)
 .ARM.attributes
                0x00000720       0x2d d:/99_working/eclipse/plugins/fr.ac6.mcu.externaltools.arm-none.win32_1.16.0.201807130628/tools/compiler/bin/../lib/gcc/arm-none-eabi/7.2.1/../../../../arm-none-eabi/lib/thumb/v7-m\libc_nano.a(lib_a-nano-mallocr.o)
 .ARM.attributes
                0x0000074d       0x2d d:/99_working/eclipse/plugins/fr.ac6.mcu.externaltools.arm-none.win32_1.16.0.201807130628/tools/compiler/bin/../lib/gcc/arm-none-eabi/7.2.1/../../../../arm-none-eabi/lib/thumb/v7-m\libc_nano.a(lib_a-nano-reallocr.o)
 .ARM.attributes
                0x0000077a       0x2d d:/99_working/eclipse/plugins/fr.ac6.mcu.externaltools.arm-none.win32_1.16.0.201807130628/tools/compiler/bin/../lib/gcc/arm-none-eabi/7.2.1/../../../../arm-none-eabi/lib/thumb/v7-m\libc_nano.a(lib_a-sbrkr.o)
 .ARM.attributes
                0x000007a7       0x2d d:/99_working/eclipse/plugins/fr.ac6.mcu.externaltools.arm-none.win32_1.16.0.201807130628/tools/compiler/bin/../lib/gcc/arm-none-eabi/7.2.1/../../../../arm-none-eabi/lib/thumb/v7-m\libc_nano.a(lib_a-mlock.o)
 .ARM.attributes
                0x000007d4       0x2d d:/99_working/eclipse/plugins/fr.ac6.mcu.externaltools.arm-none.win32_1.16.0.201807130628/tools/compiler/bin/../lib/gcc/arm-none-eabi/7.2.1/../../../../arm-none-eabi/lib/thumb/v7-m\libc_nano.a(lib_a-nano-msizer.o)
 .ARM.attributes
                0x00000801       0x2d d:/99_working/eclipse/plugins/fr.ac6.mcu.externaltools.arm-none.win32_1.16.0.201807130628/tools/compiler/bin/../lib/gcc/arm-none-eabi/7.2.1/../../../../arm-none-eabi/lib/thumb/v7-m\libc_nano.a(lib_a-reent.o)
 .ARM.attributes
                0x0000082e       0x2d d:/99_working/eclipse/plugins/fr.ac6.mcu.externaltools.arm-none.win32_1.16.0.201807130628/tools/compiler/bin/../lib/gcc/arm-none-eabi/7.2.1/../../../../arm-none-eabi/lib/thumb/v7-m\libnosys.a(sbrk.o)
 .ARM.attributes
                0x0000085b       0x1d d:/99_working/eclipse/plugins/fr.ac6.mcu.externaltools.arm-none.win32_1.16.0.201807130628/tools/compiler/bin/../lib/gcc/arm-none-eabi/7.2.1/thumb/v7-m/crtn.o
OUTPUT(STM32F107_LCDControl.elf elf32-littlearm)

.debug_line     0x00000000     0xde1a
 .debug_line    0x00000000       0x7f startup/startup_stm32f107xc.o
 .debug_line    0x0000007f      0x8ee Src/main.o
 .debug_line    0x0000096d      0x809 Src/stm32f1xx_hal_msp.o
 .debug_line    0x00001176      0x837 Src/stm32f1xx_it.o
 .debug_line    0x000019ad      0x7ee Src/system_stm32f1xx.o
 .debug_line    0x0000219b      0x969 Drivers/STM32F1xx_HAL_Driver/Src/stm32f1xx_hal.o
 .debug_line    0x00002b04      0x97f Drivers/STM32F1xx_HAL_Driver/Src/stm32f1xx_hal_cortex.o
 .debug_line    0x00003483      0x964 Drivers/STM32F1xx_HAL_Driver/Src/stm32f1xx_hal_gpio.o
 .debug_line    0x00003de7      0x953 Drivers/STM32F1xx_HAL_Driver/Src/stm32f1xx_hal_pwr.o
 .debug_line    0x0000473a      0xac7 Drivers/STM32F1xx_HAL_Driver/Src/stm32f1xx_hal_rcc.o
 .debug_line    0x00005201      0x973 Drivers/STM32F1xx_HAL_Driver/Src/stm32f1xx_hal_rcc_ex.o
 .debug_line    0x00005b74      0xcc2 Drivers/STM32F1xx_HAL_Driver/Src/stm32f1xx_hal_rtc.o
 .debug_line    0x00006836      0x9f2 Drivers/STM32F1xx_HAL_Driver/Src/stm32f1xx_hal_rtc_ex.o
 .debug_line    0x00007228     0x178b Drivers/STM32F1xx_HAL_Driver/Src/stm32f1xx_hal_tim.o
 .debug_line    0x000089b3      0xd36 Drivers/STM32F1xx_HAL_Driver/Src/stm32f1xx_hal_tim_ex.o
 .debug_line    0x000096e9      0x8be CustPrj/BackgroundHandler.o
 .debug_line    0x00009fa7      0x8e5 CustPrj/ClockHandler.o
 .debug_line    0x0000a88c      0x873 CustPrj/GlobalStateMachine.o
 .debug_line    0x0000b0ff      0x8cb CustPrj/SettingControl.o
 .debug_line    0x0000b9ca      0x8b4 CustPrj/TouchScreenHandler.o
 .debug_line    0x0000c27e      0x93e CustPrj/Driver/ILI9341/ILI9341_GFX.o
 .debug_line    0x0000cbbc      0xa08 CustPrj/Driver/ILI9341/ILI9341_STM32_Driver.o
 .debug_line    0x0000d5c4      0x856 CustPrj/Driver/ILI9341/ILI9341_Touchscreen.o

.debug_info     0x00000000    0x1a8f8
 .debug_info    0x00000000       0x22 startup/startup_stm32f107xc.o
 .debug_info    0x00000022     0x1c3c Src/main.o
 .debug_info    0x00001c5e     0x1484 Src/stm32f1xx_hal_msp.o
 .debug_info    0x000030e2      0xa04 Src/stm32f1xx_it.o
 .debug_info    0x00003ae6      0xc55 Src/system_stm32f1xx.o
 .debug_info    0x0000473b     0x102c Drivers/STM32F1xx_HAL_Driver/Src/stm32f1xx_hal.o
 .debug_info    0x00005767     0x14e1 Drivers/STM32F1xx_HAL_Driver/Src/stm32f1xx_hal_cortex.o
 .debug_info    0x00006c48      0xea1 Drivers/STM32F1xx_HAL_Driver/Src/stm32f1xx_hal_gpio.o
 .debug_info    0x00007ae9      0xf7d Drivers/STM32F1xx_HAL_Driver/Src/stm32f1xx_hal_pwr.o
 .debug_info    0x00008a66     0x12ea Drivers/STM32F1xx_HAL_Driver/Src/stm32f1xx_hal_rcc.o
 .debug_info    0x00009d50      0xec7 Drivers/STM32F1xx_HAL_Driver/Src/stm32f1xx_hal_rcc_ex.o
 .debug_info    0x0000ac17     0x1b3e Drivers/STM32F1xx_HAL_Driver/Src/stm32f1xx_hal_rtc.o
 .debug_info    0x0000c755     0x1138 Drivers/STM32F1xx_HAL_Driver/Src/stm32f1xx_hal_rtc_ex.o
 .debug_info    0x0000d88d     0x3660 Drivers/STM32F1xx_HAL_Driver/Src/stm32f1xx_hal_tim.o
 .debug_info    0x00010eed     0x1aa8 Drivers/STM32F1xx_HAL_Driver/Src/stm32f1xx_hal_tim_ex.o
 .debug_info    0x00012995      0xdc3 CustPrj/BackgroundHandler.o
 .debug_info    0x00013758     0x1136 CustPrj/ClockHandler.o
 .debug_info    0x0001488e      0xb63 CustPrj/GlobalStateMachine.o
 .debug_info    0x000153f1      0xe24 CustPrj/SettingControl.o
 .debug_info    0x00016215      0xe91 CustPrj/TouchScreenHandler.o
 .debug_info    0x000170a6     0x1168 CustPrj/Driver/ILI9341/ILI9341_GFX.o
 .debug_info    0x0001820e     0x19a5 CustPrj/Driver/ILI9341/ILI9341_STM32_Driver.o
 .debug_info    0x00019bb3      0xd45 CustPrj/Driver/ILI9341/ILI9341_Touchscreen.o

.debug_abbrev   0x00000000     0x3c77
 .debug_abbrev  0x00000000       0x12 startup/startup_stm32f107xc.o
 .debug_abbrev  0x00000012      0x2fc Src/main.o
 .debug_abbrev  0x0000030e      0x277 Src/stm32f1xx_hal_msp.o
 .debug_abbrev  0x00000585      0x1e7 Src/stm32f1xx_it.o
 .debug_abbrev  0x0000076c      0x205 Src/system_stm32f1xx.o
 .debug_abbrev  0x00000971      0x2f4 Drivers/STM32F1xx_HAL_Driver/Src/stm32f1xx_hal.o
 .debug_abbrev  0x00000c65      0x3cd Drivers/STM32F1xx_HAL_Driver/Src/stm32f1xx_hal_cortex.o
 .debug_abbrev  0x00001032      0x2a7 Drivers/STM32F1xx_HAL_Driver/Src/stm32f1xx_hal_gpio.o
 .debug_abbrev  0x000012d9      0x2c7 Drivers/STM32F1xx_HAL_Driver/Src/stm32f1xx_hal_pwr.o
 .debug_abbrev  0x000015a0      0x351 Drivers/STM32F1xx_HAL_Driver/Src/stm32f1xx_hal_rcc.o
 .debug_abbrev  0x000018f1      0x2b6 Drivers/STM32F1xx_HAL_Driver/Src/stm32f1xx_hal_rcc_ex.o
 .debug_abbrev  0x00001ba7      0x2f8 Drivers/STM32F1xx_HAL_Driver/Src/stm32f1xx_hal_rtc.o
 .debug_abbrev  0x00001e9f      0x2b7 Drivers/STM32F1xx_HAL_Driver/Src/stm32f1xx_hal_rtc_ex.o
 .debug_abbrev  0x00002156      0x2ef Drivers/STM32F1xx_HAL_Driver/Src/stm32f1xx_hal_tim.o
 .debug_abbrev  0x00002445      0x2e0 Drivers/STM32F1xx_HAL_Driver/Src/stm32f1xx_hal_tim_ex.o
 .debug_abbrev  0x00002725      0x2c3 CustPrj/BackgroundHandler.o
 .debug_abbrev  0x000029e8      0x2cf CustPrj/ClockHandler.o
 .debug_abbrev  0x00002cb7      0x282 CustPrj/GlobalStateMachine.o
 .debug_abbrev  0x00002f39      0x264 CustPrj/SettingControl.o
 .debug_abbrev  0x0000319d      0x29b CustPrj/TouchScreenHandler.o
 .debug_abbrev  0x00003438      0x2cf CustPrj/Driver/ILI9341/ILI9341_GFX.o
 .debug_abbrev  0x00003707      0x2e2 CustPrj/Driver/ILI9341/ILI9341_STM32_Driver.o
 .debug_abbrev  0x000039e9      0x28e CustPrj/Driver/ILI9341/ILI9341_Touchscreen.o

.debug_aranges  0x00000000      0xd00
 .debug_aranges
                0x00000000       0x28 startup/startup_stm32f107xc.o
 .debug_aranges
                0x00000028       0x58 Src/main.o
 .debug_aranges
                0x00000080       0x40 Src/stm32f1xx_hal_msp.o
 .debug_aranges
                0x000000c0       0x60 Src/stm32f1xx_it.o
 .debug_aranges
                0x00000120       0x28 Src/system_stm32f1xx.o
 .debug_aranges
                0x00000148       0xd0 Drivers/STM32F1xx_HAL_Driver/Src/stm32f1xx_hal.o
 .debug_aranges
                0x00000218       0x90 Drivers/STM32F1xx_HAL_Driver/Src/stm32f1xx_hal_cortex.o
 .debug_aranges
                0x000002a8       0x58 Drivers/STM32F1xx_HAL_Driver/Src/stm32f1xx_hal_gpio.o
 .debug_aranges
                0x00000300       0xa8 Drivers/STM32F1xx_HAL_Driver/Src/stm32f1xx_hal_pwr.o
 .debug_aranges
                0x000003a8       0x90 Drivers/STM32F1xx_HAL_Driver/Src/stm32f1xx_hal_rcc.o
 .debug_aranges
                0x00000438       0x50 Drivers/STM32F1xx_HAL_Driver/Src/stm32f1xx_hal_rcc_ex.o
 .debug_aranges
                0x00000488       0xf8 Drivers/STM32F1xx_HAL_Driver/Src/stm32f1xx_hal_rtc.o
 .debug_aranges
                0x00000580       0x88 Drivers/STM32F1xx_HAL_Driver/Src/stm32f1xx_hal_rtc_ex.o
 .debug_aranges
                0x00000608      0x368 Drivers/STM32F1xx_HAL_Driver/Src/stm32f1xx_hal_tim.o
 .debug_aranges
                0x00000970      0x138 Drivers/STM32F1xx_HAL_Driver/Src/stm32f1xx_hal_tim_ex.o
 .debug_aranges
                0x00000aa8       0x38 CustPrj/BackgroundHandler.o
 .debug_aranges
                0x00000ae0       0x48 CustPrj/ClockHandler.o
 .debug_aranges
                0x00000b28       0x40 CustPrj/GlobalStateMachine.o
 .debug_aranges
                0x00000b68       0x28 CustPrj/SettingControl.o
 .debug_aranges
                0x00000b90       0x28 CustPrj/TouchScreenHandler.o
 .debug_aranges
                0x00000bb8       0x58 CustPrj/Driver/ILI9341/ILI9341_GFX.o
 .debug_aranges
                0x00000c10       0xb8 CustPrj/Driver/ILI9341/ILI9341_STM32_Driver.o
 .debug_aranges
                0x00000cc8       0x38 CustPrj/Driver/ILI9341/ILI9341_Touchscreen.o

.debug_str      0x00000000   0x183873
 .debug_str     0x00000000       0x82 startup/startup_stm32f107xc.o
 .debug_str     0x00000082    0x9ec99 Src/main.o
                              0x9f105 (size before relaxing)
 .debug_str     0x0009ed1b       0xca Src/stm32f1xx_hal_msp.o
                              0x9ebff (size before relaxing)
 .debug_str     0x0009ede5       0xdb Src/stm32f1xx_it.o
                              0x9e2f0 (size before relaxing)
 .debug_str     0x0009eec0       0xf0 Src/system_stm32f1xx.o
                              0x9e35c (size before relaxing)
 .debug_str     0x0009efb0      0x40e Drivers/STM32F1xx_HAL_Driver/Src/stm32f1xx_hal.o
                              0x9ead3 (size before relaxing)
 .debug_str     0x0009f3be      0x250 Drivers/STM32F1xx_HAL_Driver/Src/stm32f1xx_hal_cortex.o
                              0x9ea1a (size before relaxing)
 .debug_str     0x0009f60e      0x30b Drivers/STM32F1xx_HAL_Driver/Src/stm32f1xx_hal_gpio.o
                              0x9e684 (size before relaxing)
 .debug_str     0x0009f919      0x4f8 Drivers/STM32F1xx_HAL_Driver/Src/stm32f1xx_hal_pwr.o
                              0x9e82f (size before relaxing)
 .debug_str     0x0009fe11      0x22d Drivers/STM32F1xx_HAL_Driver/Src/stm32f1xx_hal_rcc.o
                              0x9e746 (size before relaxing)
 .debug_str     0x000a003e      0x11f Drivers/STM32F1xx_HAL_Driver/Src/stm32f1xx_hal_rcc_ex.o
                              0x9e590 (size before relaxing)
 .debug_str     0x000a015d      0x3c5 Drivers/STM32F1xx_HAL_Driver/Src/stm32f1xx_hal_rtc.o
                              0x9e88e (size before relaxing)
 .debug_str     0x000a0522      0x1d0 Drivers/STM32F1xx_HAL_Driver/Src/stm32f1xx_hal_rtc_ex.o
                              0x9e6d0 (size before relaxing)
 .debug_str     0x000a06f2      0xcc3 Drivers/STM32F1xx_HAL_Driver/Src/stm32f1xx_hal_tim.o
                              0x9f3cb (size before relaxing)
 .debug_str     0x000a13b5      0x481 Drivers/STM32F1xx_HAL_Driver/Src/stm32f1xx_hal_tim_ex.o
                              0x9ec6d (size before relaxing)
 .debug_str     0x000a1836    0xe164c CustPrj/BackgroundHandler.o
                             0x17f87a (size before relaxing)
 .debug_str     0x00182e82      0x2a1 CustPrj/ClockHandler.o
                              0x9eb33 (size before relaxing)
 .debug_str     0x00183123      0x1c1 CustPrj/GlobalStateMachine.o
                              0x9e46d (size before relaxing)
 .debug_str     0x001832e4      0x116 CustPrj/SettingControl.o
                              0x9e990 (size before relaxing)
 .debug_str     0x001833fa       0xe6 CustPrj/TouchScreenHandler.o
                              0x9e912 (size before relaxing)
 .debug_str     0x001834e0      0x1bb CustPrj/Driver/ILI9341/ILI9341_GFX.o
                              0x9e786 (size before relaxing)
 .debug_str     0x0018369b      0x155 CustPrj/Driver/ILI9341/ILI9341_STM32_Driver.o
                              0x9e76e (size before relaxing)
 .debug_str     0x001837f0       0x83 CustPrj/Driver/ILI9341/ILI9341_Touchscreen.o
                              0x9e500 (size before relaxing)

.debug_ranges   0x00000000      0xc78
 .debug_ranges  0x00000000       0x20 startup/startup_stm32f107xc.o
 .debug_ranges  0x00000020       0x48 Src/main.o
 .debug_ranges  0x00000068       0x30 Src/stm32f1xx_hal_msp.o
 .debug_ranges  0x00000098       0x50 Src/stm32f1xx_it.o
 .debug_ranges  0x000000e8       0x18 Src/system_stm32f1xx.o
 .debug_ranges  0x00000100       0xc0 Drivers/STM32F1xx_HAL_Driver/Src/stm32f1xx_hal.o
 .debug_ranges  0x000001c0       0xe0 Drivers/STM32F1xx_HAL_Driver/Src/stm32f1xx_hal_cortex.o
 .debug_ranges  0x000002a0       0x48 Drivers/STM32F1xx_HAL_Driver/Src/stm32f1xx_hal_gpio.o
 .debug_ranges  0x000002e8       0x98 Drivers/STM32F1xx_HAL_Driver/Src/stm32f1xx_hal_pwr.o
 .debug_ranges  0x00000380       0xa0 Drivers/STM32F1xx_HAL_Driver/Src/stm32f1xx_hal_rcc.o
 .debug_ranges  0x00000420       0x58 Drivers/STM32F1xx_HAL_Driver/Src/stm32f1xx_hal_rcc_ex.o
 .debug_ranges  0x00000478       0xe8 Drivers/STM32F1xx_HAL_Driver/Src/stm32f1xx_hal_rtc.o
 .debug_ranges  0x00000560       0x78 Drivers/STM32F1xx_HAL_Driver/Src/stm32f1xx_hal_rtc_ex.o
 .debug_ranges  0x000005d8      0x358 Drivers/STM32F1xx_HAL_Driver/Src/stm32f1xx_hal_tim.o
 .debug_ranges  0x00000930      0x128 Drivers/STM32F1xx_HAL_Driver/Src/stm32f1xx_hal_tim_ex.o
 .debug_ranges  0x00000a58       0x28 CustPrj/BackgroundHandler.o
 .debug_ranges  0x00000a80       0x50 CustPrj/ClockHandler.o
 .debug_ranges  0x00000ad0       0x30 CustPrj/GlobalStateMachine.o
 .debug_ranges  0x00000b00       0x30 CustPrj/SettingControl.o
 .debug_ranges  0x00000b30       0x18 CustPrj/TouchScreenHandler.o
 .debug_ranges  0x00000b48       0x60 CustPrj/Driver/ILI9341/ILI9341_GFX.o
 .debug_ranges  0x00000ba8       0xa8 CustPrj/Driver/ILI9341/ILI9341_STM32_Driver.o
 .debug_ranges  0x00000c50       0x28 CustPrj/Driver/ILI9341/ILI9341_Touchscreen.o

.debug_loc      0x00000000     0x8ff0
 .debug_loc     0x00000000       0xa2 Src/main.o
 .debug_loc     0x000000a2       0x21 Src/stm32f1xx_hal_msp.o
 .debug_loc     0x000000c3      0x1c4 Src/system_stm32f1xx.o
 .debug_loc     0x00000287       0xfd Drivers/STM32F1xx_HAL_Driver/Src/stm32f1xx_hal.o
 .debug_loc     0x00000384      0x5ad Drivers/STM32F1xx_HAL_Driver/Src/stm32f1xx_hal_cortex.o
 .debug_loc     0x00000931      0x44e Drivers/STM32F1xx_HAL_Driver/Src/stm32f1xx_hal_gpio.o
 .debug_loc     0x00000d7f       0xb5 Drivers/STM32F1xx_HAL_Driver/Src/stm32f1xx_hal_pwr.o
 .debug_loc     0x00000e34      0x5d4 Drivers/STM32F1xx_HAL_Driver/Src/stm32f1xx_hal_rcc.o
 .debug_loc     0x00001408      0x61e Drivers/STM32F1xx_HAL_Driver/Src/stm32f1xx_hal_rcc_ex.o
 .debug_loc     0x00001a26     0x145f Drivers/STM32F1xx_HAL_Driver/Src/stm32f1xx_hal_rtc.o
 .debug_loc     0x00002e85      0x51e Drivers/STM32F1xx_HAL_Driver/Src/stm32f1xx_hal_rtc_ex.o
 .debug_loc     0x000033a3     0x367a Drivers/STM32F1xx_HAL_Driver/Src/stm32f1xx_hal_tim.o
 .debug_loc     0x00006a1d      0xf9e Drivers/STM32F1xx_HAL_Driver/Src/stm32f1xx_hal_tim_ex.o
 .debug_loc     0x000079bb      0x196 CustPrj/BackgroundHandler.o
 .debug_loc     0x00007b51       0x3a CustPrj/ClockHandler.o
 .debug_loc     0x00007b8b       0x1e CustPrj/SettingControl.o
 .debug_loc     0x00007ba9      0x459 CustPrj/TouchScreenHandler.o
 .debug_loc     0x00008002      0x8db CustPrj/Driver/ILI9341/ILI9341_GFX.o
 .debug_loc     0x000088dd      0x4a4 CustPrj/Driver/ILI9341/ILI9341_STM32_Driver.o
 .debug_loc     0x00008d81      0x26f CustPrj/Driver/ILI9341/ILI9341_Touchscreen.o

.debug_macro    0x00000000    0x1fbeb
 .debug_macro   0x00000000      0x30b Src/main.o
 .debug_macro   0x0000030b      0xa60 Src/main.o
 .debug_macro   0x00000d6b       0x88 Src/main.o
 .debug_macro   0x00000df3      0x169 Src/main.o
 .debug_macro   0x00000f5c       0x2e Src/main.o
 .debug_macro   0x00000f8a       0x22 Src/main.o
 .debug_macro   0x00000fac       0x22 Src/main.o
 .debug_macro   0x00000fce       0x87 Src/main.o
 .debug_macro   0x00001055       0x51 Src/main.o
 .debug_macro   0x000010a6       0xef Src/main.o
 .debug_macro   0x00001195       0x6a Src/main.o
 .debug_macro   0x000011ff      0x1df Src/main.o
 .debug_macro   0x000013de       0x34 Src/main.o
 .debug_macro   0x00001412       0x34 Src/main.o
 .debug_macro   0x00001446      0xb8e Src/main.o
 .debug_macro   0x00001fd4    0x164be Src/main.o
 .debug_macro   0x00018492       0x43 Src/main.o
 .debug_macro   0x000184d5       0x58 Src/main.o
 .debug_macro   0x0001852d       0x17 Src/main.o
 .debug_macro   0x00018544       0x35 Src/main.o
 .debug_macro   0x00018579       0x9c Src/main.o
 .debug_macro   0x00018615       0x16 Src/main.o
 .debug_macro   0x0001862b       0x97 Src/main.o
 .debug_macro   0x000186c2      0x330 Src/main.o
 .debug_macro   0x000189f2       0xfd Src/main.o
 .debug_macro   0x00018aef       0x10 Src/main.o
 .debug_macro   0x00018aff       0x58 Src/main.o
 .debug_macro   0x00018b57       0x1f Src/main.o
 .debug_macro   0x00018b76       0x43 Src/main.o
 .debug_macro   0x00018bb9       0x20 Src/main.o
 .debug_macro   0x00018bd9      0x18e Src/main.o
 .debug_macro   0x00018d67       0x10 Src/main.o
 .debug_macro   0x00018d77       0x1c Src/main.o
 .debug_macro   0x00018d93       0x52 Src/main.o
 .debug_macro   0x00018de5       0x40 Src/main.o
 .debug_macro   0x00018e25       0x10 Src/main.o
 .debug_macro   0x00018e35       0x40 Src/main.o
 .debug_macro   0x00018e75       0xd7 Src/main.o
 .debug_macro   0x00018f4c       0x1c Src/main.o
 .debug_macro   0x00018f68       0x3d Src/main.o
 .debug_macro   0x00018fa5       0x16 Src/main.o
 .debug_macro   0x00018fbb      0x16f Src/main.o
 .debug_macro   0x0001912a       0x50 Src/main.o
 .debug_macro   0x0001917a      0x5c2 Src/main.o
 .debug_macro   0x0001973c      0x6b9 Src/main.o
 .debug_macro   0x00019df5      0x1cb Src/main.o
 .debug_macro   0x00019fc0      0x11e Src/main.o
 .debug_macro   0x0001a0de      0x215 Src/main.o
 .debug_macro   0x0001a2f3       0x27 Src/main.o
 .debug_macro   0x0001a31a      0x1bc Src/main.o
 .debug_macro   0x0001a4d6       0x31 Src/main.o
 .debug_macro   0x0001a507       0x3c Src/main.o
 .debug_macro   0x0001a543       0x57 Src/main.o
 .debug_macro   0x0001a59a       0x8c Src/main.o
 .debug_macro   0x0001a626      0x250 Src/main.o
 .debug_macro   0x0001a876      0x143 Src/main.o
 .debug_macro   0x0001a9b9      0x1ef Src/main.o
 .debug_macro   0x0001aba8      0x1d2 Src/main.o
 .debug_macro   0x0001ad7a      0x84c Src/main.o
 .debug_macro   0x0001b5c6       0x1f Src/main.o
 .debug_macro   0x0001b5e5       0xe3 Src/main.o
 .debug_macro   0x0001b6c8      0x2fd Src/stm32f1xx_hal_msp.o
 .debug_macro   0x0001b9c5      0x307 Src/stm32f1xx_it.o
 .debug_macro   0x0001bccc      0x303 Src/system_stm32f1xx.o
 .debug_macro   0x0001bfcf      0x321 Drivers/STM32F1xx_HAL_Driver/Src/stm32f1xx_hal.o
 .debug_macro   0x0001c2f0      0x2fd Drivers/STM32F1xx_HAL_Driver/Src/stm32f1xx_hal_cortex.o
 .debug_macro   0x0001c5ed      0x36d Drivers/STM32F1xx_HAL_Driver/Src/stm32f1xx_hal_gpio.o
 .debug_macro   0x0001c95a      0x35d Drivers/STM32F1xx_HAL_Driver/Src/stm32f1xx_hal_pwr.o
 .debug_macro   0x0001ccb7      0x30f Drivers/STM32F1xx_HAL_Driver/Src/stm32f1xx_hal_rcc.o
 .debug_macro   0x0001cfc6      0x2fd Drivers/STM32F1xx_HAL_Driver/Src/stm32f1xx_hal_rcc_ex.o
 .debug_macro   0x0001d2c3      0x30c Drivers/STM32F1xx_HAL_Driver/Src/stm32f1xx_hal_rtc.o
 .debug_macro   0x0001d5cf      0x2fd Drivers/STM32F1xx_HAL_Driver/Src/stm32f1xx_hal_rtc_ex.o
 .debug_macro   0x0001d8cc      0x2fd Drivers/STM32F1xx_HAL_Driver/Src/stm32f1xx_hal_tim.o
 .debug_macro   0x0001dbc9      0x2fd Drivers/STM32F1xx_HAL_Driver/Src/stm32f1xx_hal_tim_ex.o
 .debug_macro   0x0001dec6      0x349 CustPrj/BackgroundHandler.o
 .debug_macro   0x0001e20f       0x95 CustPrj/BackgroundHandler.o
 .debug_macro   0x0001e2a4      0x101 CustPrj/BackgroundHandler.o
 .debug_macro   0x0001e3a5       0x16 CustPrj/BackgroundHandler.o
 .debug_macro   0x0001e3bb       0x10 CustPrj/BackgroundHandler.o
 .debug_macro   0x0001e3cb      0x379 CustPrj/ClockHandler.o
 .debug_macro   0x0001e744      0x32f CustPrj/GlobalStateMachine.o
 .debug_macro   0x0001ea73      0x375 CustPrj/SettingControl.o
 .debug_macro   0x0001ede8      0x33d CustPrj/TouchScreenHandler.o
 .debug_macro   0x0001f125      0x324 CustPrj/Driver/ILI9341/ILI9341_GFX.o
 .debug_macro   0x0001f449       0xfb CustPrj/Driver/ILI9341/ILI9341_GFX.o
 .debug_macro   0x0001f544      0x30c CustPrj/Driver/ILI9341/ILI9341_STM32_Driver.o
 .debug_macro   0x0001f850      0x30c CustPrj/Driver/ILI9341/ILI9341_Touchscreen.o
 .debug_macro   0x0001fb5c       0x8f CustPrj/Driver/ILI9341/ILI9341_Touchscreen.o

.comment        0x00000000       0x7e
 .comment       0x00000000       0x7e Src/main.o
                                 0x7f (size before relaxing)
 .comment       0x0000007e       0x7f Src/stm32f1xx_hal_msp.o
 .comment       0x0000007e       0x7f Src/stm32f1xx_it.o
 .comment       0x0000007e       0x7f Src/system_stm32f1xx.o
 .comment       0x0000007e       0x7f Drivers/STM32F1xx_HAL_Driver/Src/stm32f1xx_hal.o
 .comment       0x0000007e       0x7f Drivers/STM32F1xx_HAL_Driver/Src/stm32f1xx_hal_cortex.o
 .comment       0x0000007e       0x7f Drivers/STM32F1xx_HAL_Driver/Src/stm32f1xx_hal_gpio.o
 .comment       0x0000007e       0x7f Drivers/STM32F1xx_HAL_Driver/Src/stm32f1xx_hal_pwr.o
 .comment       0x0000007e       0x7f Drivers/STM32F1xx_HAL_Driver/Src/stm32f1xx_hal_rcc.o
 .comment       0x0000007e       0x7f Drivers/STM32F1xx_HAL_Driver/Src/stm32f1xx_hal_rcc_ex.o
 .comment       0x0000007e       0x7f Drivers/STM32F1xx_HAL_Driver/Src/stm32f1xx_hal_rtc.o
 .comment       0x0000007e       0x7f Drivers/STM32F1xx_HAL_Driver/Src/stm32f1xx_hal_rtc_ex.o
 .comment       0x0000007e       0x7f Drivers/STM32F1xx_HAL_Driver/Src/stm32f1xx_hal_tim.o
 .comment       0x0000007e       0x7f Drivers/STM32F1xx_HAL_Driver/Src/stm32f1xx_hal_tim_ex.o
 .comment       0x0000007e       0x7f CustPrj/BackgroundHandler.o
 .comment       0x0000007e       0x7f CustPrj/ClockHandler.o
 .comment       0x0000007e       0x7f CustPrj/GlobalStateMachine.o
 .comment       0x0000007e       0x7f CustPrj/SettingControl.o
 .comment       0x0000007e       0x7f CustPrj/TouchScreenHandler.o
 .comment       0x0000007e       0x7f CustPrj/Driver/ILI9341/ILI9341_GFX.o
 .comment       0x0000007e       0x7f CustPrj/Driver/ILI9341/ILI9341_STM32_Driver.o
 .comment       0x0000007e       0x7f CustPrj/Driver/ILI9341/ILI9341_Touchscreen.o

.debug_frame    0x00000000     0x26b8
 .debug_frame   0x00000000      0x100 Src/main.o
 .debug_frame   0x00000100       0x80 Src/stm32f1xx_hal_msp.o
 .debug_frame   0x00000180       0xa8 Src/stm32f1xx_it.o
 .debug_frame   0x00000228       0x3c Src/system_stm32f1xx.o
 .debug_frame   0x00000264      0x1ac Drivers/STM32F1xx_HAL_Driver/Src/stm32f1xx_hal.o
 .debug_frame   0x00000410      0x12c Drivers/STM32F1xx_HAL_Driver/Src/stm32f1xx_hal_cortex.o
 .debug_frame   0x0000053c       0xd4 Drivers/STM32F1xx_HAL_Driver/Src/stm32f1xx_hal_gpio.o
 .debug_frame   0x00000610      0x140 Drivers/STM32F1xx_HAL_Driver/Src/stm32f1xx_hal_pwr.o
 .debug_frame   0x00000750      0x178 Drivers/STM32F1xx_HAL_Driver/Src/stm32f1xx_hal_rcc.o
 .debug_frame   0x000008c8       0xe8 Drivers/STM32F1xx_HAL_Driver/Src/stm32f1xx_hal_rcc_ex.o
 .debug_frame   0x000009b0      0x358 Drivers/STM32F1xx_HAL_Driver/Src/stm32f1xx_hal_rtc.o
 .debug_frame   0x00000d08      0x134 Drivers/STM32F1xx_HAL_Driver/Src/stm32f1xx_hal_rtc_ex.o
 .debug_frame   0x00000e3c      0x9e0 Drivers/STM32F1xx_HAL_Driver/Src/stm32f1xx_hal_tim.o
 .debug_frame   0x0000181c      0x374 Drivers/STM32F1xx_HAL_Driver/Src/stm32f1xx_hal_tim_ex.o
 .debug_frame   0x00001b90       0x84 CustPrj/BackgroundHandler.o
 .debug_frame   0x00001c14       0xc0 CustPrj/ClockHandler.o
 .debug_frame   0x00001cd4       0x80 CustPrj/GlobalStateMachine.o
 .debug_frame   0x00001d54       0x50 CustPrj/SettingControl.o
 .debug_frame   0x00001da4       0x3c CustPrj/TouchScreenHandler.o
 .debug_frame   0x00001de0      0x128 CustPrj/Driver/ILI9341/ILI9341_GFX.o
 .debug_frame   0x00001f08      0x218 CustPrj/Driver/ILI9341/ILI9341_STM32_Driver.o
 .debug_frame   0x00002120       0x80 CustPrj/Driver/ILI9341/ILI9341_Touchscreen.o
 .debug_frame   0x000021a0       0xac d:/99_working/eclipse/plugins/fr.ac6.mcu.externaltools.arm-none.win32_1.16.0.201807130628/tools/compiler/bin/../lib/gcc/arm-none-eabi/7.2.1/thumb/v7-m\libgcc.a(_arm_addsubdf3.o)
 .debug_frame   0x0000224c       0x50 d:/99_working/eclipse/plugins/fr.ac6.mcu.externaltools.arm-none.win32_1.16.0.201807130628/tools/compiler/bin/../lib/gcc/arm-none-eabi/7.2.1/thumb/v7-m\libgcc.a(_arm_muldivdf3.o)
 .debug_frame   0x0000229c       0x24 d:/99_working/eclipse/plugins/fr.ac6.mcu.externaltools.arm-none.win32_1.16.0.201807130628/tools/compiler/bin/../lib/gcc/arm-none-eabi/7.2.1/thumb/v7-m\libgcc.a(_arm_fixunsdfsi.o)
 .debug_frame   0x000022c0       0x2c d:/99_working/eclipse/plugins/fr.ac6.mcu.externaltools.arm-none.win32_1.16.0.201807130628/tools/compiler/bin/../lib/gcc/arm-none-eabi/7.2.1/thumb/v7-m\libgcc.a(_aeabi_uldivmod.o)
 .debug_frame   0x000022ec       0x34 d:/99_working/eclipse/plugins/fr.ac6.mcu.externaltools.arm-none.win32_1.16.0.201807130628/tools/compiler/bin/../lib/gcc/arm-none-eabi/7.2.1/thumb/v7-m\libgcc.a(_udivmoddi4.o)
 .debug_frame   0x00002320       0x2c d:/99_working/eclipse/plugins/fr.ac6.mcu.externaltools.arm-none.win32_1.16.0.201807130628/tools/compiler/bin/../lib/gcc/arm-none-eabi/7.2.1/../../../../arm-none-eabi/lib/thumb/v7-m\libc_nano.a(lib_a-init.o)
 .debug_frame   0x0000234c       0x6c d:/99_working/eclipse/plugins/fr.ac6.mcu.externaltools.arm-none.win32_1.16.0.201807130628/tools/compiler/bin/../lib/gcc/arm-none-eabi/7.2.1/../../../../arm-none-eabi/lib/thumb/v7-m\libc_nano.a(lib_a-sprintf.o)
 .debug_frame   0x000023b8       0x90 d:/99_working/eclipse/plugins/fr.ac6.mcu.externaltools.arm-none.win32_1.16.0.201807130628/tools/compiler/bin/../lib/gcc/arm-none-eabi/7.2.1/../../../../arm-none-eabi/lib/thumb/v7-m\libc_nano.a(lib_a-nano-svfprintf.o)
 .debug_frame   0x00002448       0x60 d:/99_working/eclipse/plugins/fr.ac6.mcu.externaltools.arm-none.win32_1.16.0.201807130628/tools/compiler/bin/../lib/gcc/arm-none-eabi/7.2.1/../../../../arm-none-eabi/lib/thumb/v7-m\libc_nano.a(lib_a-nano-vfprintf_i.o)
 .debug_frame   0x000024a8       0x28 d:/99_working/eclipse/plugins/fr.ac6.mcu.externaltools.arm-none.win32_1.16.0.201807130628/tools/compiler/bin/../lib/gcc/arm-none-eabi/7.2.1/../../../../arm-none-eabi/lib/thumb/v7-m\libc_nano.a(lib_a-memchr-stub.o)
 .debug_frame   0x000024d0       0x28 d:/99_working/eclipse/plugins/fr.ac6.mcu.externaltools.arm-none.win32_1.16.0.201807130628/tools/compiler/bin/../lib/gcc/arm-none-eabi/7.2.1/../../../../arm-none-eabi/lib/thumb/v7-m\libc_nano.a(lib_a-memcpy-stub.o)
 .debug_frame   0x000024f8       0x28 d:/99_working/eclipse/plugins/fr.ac6.mcu.externaltools.arm-none.win32_1.16.0.201807130628/tools/compiler/bin/../lib/gcc/arm-none-eabi/7.2.1/../../../../arm-none-eabi/lib/thumb/v7-m\libc_nano.a(lib_a-memmove.o)
 .debug_frame   0x00002520       0x38 d:/99_working/eclipse/plugins/fr.ac6.mcu.externaltools.arm-none.win32_1.16.0.201807130628/tools/compiler/bin/../lib/gcc/arm-none-eabi/7.2.1/../../../../arm-none-eabi/lib/thumb/v7-m\libc_nano.a(lib_a-nano-freer.o)
 .debug_frame   0x00002558       0x2c d:/99_working/eclipse/plugins/fr.ac6.mcu.externaltools.arm-none.win32_1.16.0.201807130628/tools/compiler/bin/../lib/gcc/arm-none-eabi/7.2.1/../../../../arm-none-eabi/lib/thumb/v7-m\libc_nano.a(lib_a-nano-mallocr.o)
 .debug_frame   0x00002584       0x3c d:/99_working/eclipse/plugins/fr.ac6.mcu.externaltools.arm-none.win32_1.16.0.201807130628/tools/compiler/bin/../lib/gcc/arm-none-eabi/7.2.1/../../../../arm-none-eabi/lib/thumb/v7-m\libc_nano.a(lib_a-nano-reallocr.o)
 .debug_frame   0x000025c0       0x2c d:/99_working/eclipse/plugins/fr.ac6.mcu.externaltools.arm-none.win32_1.16.0.201807130628/tools/compiler/bin/../lib/gcc/arm-none-eabi/7.2.1/../../../../arm-none-eabi/lib/thumb/v7-m\libc_nano.a(lib_a-sbrkr.o)
 .debug_frame   0x000025ec       0x30 d:/99_working/eclipse/plugins/fr.ac6.mcu.externaltools.arm-none.win32_1.16.0.201807130628/tools/compiler/bin/../lib/gcc/arm-none-eabi/7.2.1/../../../../arm-none-eabi/lib/thumb/v7-m\libc_nano.a(lib_a-mlock.o)
 .debug_frame   0x0000261c       0x20 d:/99_working/eclipse/plugins/fr.ac6.mcu.externaltools.arm-none.win32_1.16.0.201807130628/tools/compiler/bin/../lib/gcc/arm-none-eabi/7.2.1/../../../../arm-none-eabi/lib/thumb/v7-m\libc_nano.a(lib_a-nano-msizer.o)
 .debug_frame   0x0000263c       0x5c d:/99_working/eclipse/plugins/fr.ac6.mcu.externaltools.arm-none.win32_1.16.0.201807130628/tools/compiler/bin/../lib/gcc/arm-none-eabi/7.2.1/../../../../arm-none-eabi/lib/thumb/v7-m\libc_nano.a(lib_a-reent.o)
 .debug_frame   0x00002698       0x20 d:/99_working/eclipse/plugins/fr.ac6.mcu.externaltools.arm-none.win32_1.16.0.201807130628/tools/compiler/bin/../lib/gcc/arm-none-eabi/7.2.1/../../../../arm-none-eabi/lib/thumb/v7-m\libnosys.a(sbrk.o)
